Archive member included to satisfy reference by file (symbol)

C:/PROGRA~2/ARMGNU~1/14EFD8~1.2RE/bin/../lib/gcc/arm-none-eabi/14.2.1/thumb/v7e-m+fp/hard\libc_nano.a(libc_a-exit.o)
                              C:/PROGRA~2/ARMGNU~1/14EFD8~1.2RE/bin/../lib/gcc/arm-none-eabi/14.2.1/thumb/v7e-m+fp/hard/crt0.o (exit)
C:/PROGRA~2/ARMGNU~1/14EFD8~1.2RE/bin/../lib/gcc/arm-none-eabi/14.2.1/thumb/v7e-m+fp/hard\libc_nano.a(libc_a-findfp.o)
                              C:/PROGRA~2/ARMGNU~1/14EFD8~1.2RE/bin/../lib/gcc/arm-none-eabi/14.2.1/thumb/v7e-m+fp/hard\libc_nano.a(libc_a-exit.o) (__stdio_exit_handler)
C:/PROGRA~2/ARMGNU~1/14EFD8~1.2RE/bin/../lib/gcc/arm-none-eabi/14.2.1/thumb/v7e-m+fp/hard\libc_nano.a(libc_a-fwalk.o)
                              C:/PROGRA~2/ARMGNU~1/14EFD8~1.2RE/bin/../lib/gcc/arm-none-eabi/14.2.1/thumb/v7e-m+fp/hard\libc_nano.a(libc_a-findfp.o) (_fwalk_sglue)
C:/PROGRA~2/ARMGNU~1/14EFD8~1.2RE/bin/../lib/gcc/arm-none-eabi/14.2.1/thumb/v7e-m+fp/hard\libc_nano.a(libc_a-stdio.o)
                              C:/PROGRA~2/ARMGNU~1/14EFD8~1.2RE/bin/../lib/gcc/arm-none-eabi/14.2.1/thumb/v7e-m+fp/hard\libc_nano.a(libc_a-findfp.o) (__sread)
C:/PROGRA~2/ARMGNU~1/14EFD8~1.2RE/bin/../lib/gcc/arm-none-eabi/14.2.1/thumb/v7e-m+fp/hard\libc_nano.a(libc_a-memset.o)
                              C:/PROGRA~2/ARMGNU~1/14EFD8~1.2RE/bin/../lib/gcc/arm-none-eabi/14.2.1/thumb/v7e-m+fp/hard/crt0.o (memset)
C:/PROGRA~2/ARMGNU~1/14EFD8~1.2RE/bin/../lib/gcc/arm-none-eabi/14.2.1/thumb/v7e-m+fp/hard\libc_nano.a(libc_a-closer.o)
                              C:/PROGRA~2/ARMGNU~1/14EFD8~1.2RE/bin/../lib/gcc/arm-none-eabi/14.2.1/thumb/v7e-m+fp/hard\libc_nano.a(libc_a-stdio.o) (_close_r)
C:/PROGRA~2/ARMGNU~1/14EFD8~1.2RE/bin/../lib/gcc/arm-none-eabi/14.2.1/thumb/v7e-m+fp/hard\libc_nano.a(libc_a-reent.o)
                              C:/PROGRA~2/ARMGNU~1/14EFD8~1.2RE/bin/../lib/gcc/arm-none-eabi/14.2.1/thumb/v7e-m+fp/hard\libc_nano.a(libc_a-closer.o) (errno)
C:/PROGRA~2/ARMGNU~1/14EFD8~1.2RE/bin/../lib/gcc/arm-none-eabi/14.2.1/thumb/v7e-m+fp/hard\libc_nano.a(libc_a-impure.o)
                              C:/PROGRA~2/ARMGNU~1/14EFD8~1.2RE/bin/../lib/gcc/arm-none-eabi/14.2.1/thumb/v7e-m+fp/hard\libc_nano.a(libc_a-reent.o) (_impure_ptr)
C:/PROGRA~2/ARMGNU~1/14EFD8~1.2RE/bin/../lib/gcc/arm-none-eabi/14.2.1/thumb/v7e-m+fp/hard\libc_nano.a(libc_a-lseekr.o)
                              C:/PROGRA~2/ARMGNU~1/14EFD8~1.2RE/bin/../lib/gcc/arm-none-eabi/14.2.1/thumb/v7e-m+fp/hard\libc_nano.a(libc_a-stdio.o) (_lseek_r)
C:/PROGRA~2/ARMGNU~1/14EFD8~1.2RE/bin/../lib/gcc/arm-none-eabi/14.2.1/thumb/v7e-m+fp/hard\libc_nano.a(libc_a-readr.o)
                              C:/PROGRA~2/ARMGNU~1/14EFD8~1.2RE/bin/../lib/gcc/arm-none-eabi/14.2.1/thumb/v7e-m+fp/hard\libc_nano.a(libc_a-stdio.o) (_read_r)
C:/PROGRA~2/ARMGNU~1/14EFD8~1.2RE/bin/../lib/gcc/arm-none-eabi/14.2.1/thumb/v7e-m+fp/hard\libc_nano.a(libc_a-writer.o)
                              C:/PROGRA~2/ARMGNU~1/14EFD8~1.2RE/bin/../lib/gcc/arm-none-eabi/14.2.1/thumb/v7e-m+fp/hard\libc_nano.a(libc_a-stdio.o) (_write_r)
C:/PROGRA~2/ARMGNU~1/14EFD8~1.2RE/bin/../lib/gcc/arm-none-eabi/14.2.1/thumb/v7e-m+fp/hard\libc_nano.a(libc_a-errno.o)
                              CMakeFiles/Wearable_F411RE.dir/Core/Src/sysmem.c.obj (__errno)
C:/PROGRA~2/ARMGNU~1/14EFD8~1.2RE/bin/../lib/gcc/arm-none-eabi/14.2.1/thumb/v7e-m+fp/hard\libc_nano.a(libc_a-init.o)
                              C:/PROGRA~2/ARMGNU~1/14EFD8~1.2RE/bin/../lib/gcc/arm-none-eabi/14.2.1/thumb/v7e-m+fp/hard/crt0.o (__libc_init_array)
C:/PROGRA~2/ARMGNU~1/14EFD8~1.2RE/bin/../lib/gcc/arm-none-eabi/14.2.1/thumb/v7e-m+fp/hard\libc_nano.a(libc_a-lock.o)
                              C:/PROGRA~2/ARMGNU~1/14EFD8~1.2RE/bin/../lib/gcc/arm-none-eabi/14.2.1/thumb/v7e-m+fp/hard\libc_nano.a(libc_a-findfp.o) (__retarget_lock_init_recursive)
C:/PROGRA~2/ARMGNU~1/14EFD8~1.2RE/bin/../lib/gcc/arm-none-eabi/14.2.1/thumb/v7e-m+fp/hard\libc_nano.a(libc_a-memcpy-stub.o)
                              CMakeFiles/Wearable_F411RE.dir/Middlewares/Third_Party/FreeRTOS/Source/queue.c.obj (memcpy)
C:/PROGRA~2/ARMGNU~1/14EFD8~1.2RE/bin/../lib/gcc/arm-none-eabi/14.2.1/thumb/v7e-m+fp/hard\libc_nano.a(libc_a-freer.o)
                              C:/PROGRA~2/ARMGNU~1/14EFD8~1.2RE/bin/../lib/gcc/arm-none-eabi/14.2.1/thumb/v7e-m+fp/hard\libc_nano.a(libc_a-reent.o) (_free_r)
C:/PROGRA~2/ARMGNU~1/14EFD8~1.2RE/bin/../lib/gcc/arm-none-eabi/14.2.1/thumb/v7e-m+fp/hard\libc_nano.a(libc_a-mallocr.o)
                              C:/PROGRA~2/ARMGNU~1/14EFD8~1.2RE/bin/../lib/gcc/arm-none-eabi/14.2.1/thumb/v7e-m+fp/hard\libc_nano.a(libc_a-findfp.o) (_malloc_r)
C:/PROGRA~2/ARMGNU~1/14EFD8~1.2RE/bin/../lib/gcc/arm-none-eabi/14.2.1/thumb/v7e-m+fp/hard\libc_nano.a(libc_a-mlock.o)
                              C:/PROGRA~2/ARMGNU~1/14EFD8~1.2RE/bin/../lib/gcc/arm-none-eabi/14.2.1/thumb/v7e-m+fp/hard\libc_nano.a(libc_a-freer.o) (__malloc_lock)
[...]
Memory Configuration

Name             Origin             Length             Attributes
RAM              0x20000000         0x00020000         xrw
FLASH            0x08000000         0x00080000         xr
*default*        0x00000000         0xffffffff

Linker script and memory map

LOAD C:/PROGRA~2/ARMGNU~1/14EFD8~1.2RE/bin/../lib/gcc/arm-none-eabi/14.2.1/thumb/v7e-m+fp/hard/crti.o
LOAD C:/PROGRA~2/ARMGNU~1/14EFD8~1.2RE/bin/../lib/gcc/arm-none-eabi/14.2.1/thumb/v7e-m+fp/hard/crtbegin.o
LOAD C:/PROGRA~2/ARMGNU~1/14EFD8~1.2RE/bin/../lib/gcc/arm-none-eabi/14.2.1/thumb/v7e-m+fp/hard/crt0.o
START GROUP
END GROUP
START GROUP
LOAD C:/PROGRA~2/ARMGNU~1/14EFD8~1.2RE/bin/../lib/gcc/arm-none-eabi/14.2.1/thumb/v7e-m+fp/hard\libstdc++_nano.a
LOAD C:/PROGRA~2/ARMGNU~1/14EFD8~1.2RE/bin/../lib/gcc/arm-none-eabi/14.2.1/thumb/v7e-m+fp/hard\libsupc++_nano.a
END GROUP
LOAD CMakeFiles/Wearable_F411RE.dir/Core/Src/main.cpp.obj
LOAD CMakeFiles/Wearable_F411RE.dir/Core/Src/freertos.c.obj
LOAD CMakeFiles/Wearable_F411RE.dir/Core/Src/stm32f4xx_it.c.obj
LOAD CMakeFiles/Wearable_F411RE.dir/Core/Src/stm32f4xx_hal_msp.c.obj
LOAD CMakeFiles/Wearable_F411RE.dir/Core/Src/stm32f4xx_hal_timebase_tim.c.obj
LOAD CMakeFiles/Wearable_F411RE.dir/Drivers/STM32F4xx_HAL_Driver/Src/stm32f4xx_hal_rcc.c.obj
LOAD CMakeFiles/Wearable_F411RE.dir/Drivers/STM32F4xx_HAL_Driver/Src/stm32f4xx_hal_rcc_ex.c.obj
LOAD CMakeFiles/Wearable_F411RE.dir/Drivers/STM32F4xx_HAL_Driver/Src/stm32f4xx_hal_flash.c.obj
LOAD CMakeFiles/Wearable_F411RE.dir/Drivers/STM32F4xx_HAL_Driver/Src/stm32f4xx_hal_flash_ex.c.obj
LOAD CMakeFiles/Wearable_F411RE.dir/Drivers/STM32F4xx_HAL_Driver/Src/stm32f4xx_hal_flash_ramfunc.c.obj
LOAD CMakeFiles/Wearable_F411RE.dir/Drivers/STM32F4xx_HAL_Driver/Src/stm32f4xx_hal_gpio.c.obj
LOAD CMakeFiles/Wearable_F411RE.dir/Drivers/STM32F4xx_HAL_Driver/Src/stm32f4xx_hal_dma_ex.c.obj
LOAD CMakeFiles/Wearable_F411RE.dir/Drivers/STM32F4xx_HAL_Driver/Src/stm32f4xx_hal_dma.c.obj
LOAD CMakeFiles/Wearable_F411RE.dir/Drivers/STM32F4xx_HAL_Driver/Src/stm32f4xx_hal_pwr.c.obj
LOAD CMakeFiles/Wearable_F411RE.dir/Drivers/STM32F4xx_HAL_Driver/Src/stm32f4xx_hal_pwr_ex.c.obj
LOAD CMakeFiles/Wearable_F411RE.dir/Drivers/STM32F4xx_HAL_Driver/Src/stm32f4xx_hal_cortex.c.obj
LOAD CMakeFiles/Wearable_F411RE.dir/Drivers/STM32F4xx_HAL_Driver/Src/stm32f4xx_hal.c.obj
LOAD CMakeFiles/Wearable_F411RE.dir/Drivers/STM32F4xx_HAL_Driver/Src/stm32f4xx_hal_exti.c.obj
LOAD CMakeFiles/Wearable_F411RE.dir/Drivers/STM32F4xx_HAL_Driver/Src/stm32f4xx_hal_i2c.c.obj
LOAD CMakeFiles/Wearable_F411RE.dir/Drivers/STM32F4xx_HAL_Driver/Src/stm32f4xx_hal_i2c_ex.c.obj
LOAD CMakeFiles/Wearable_F411RE.dir/Drivers/STM32F4xx_HAL_Driver/Src/stm32f4xx_hal_spi.c.obj
LOAD CMakeFiles/Wearable_F411RE.dir/Drivers/STM32F4xx_HAL_Driver/Src/stm32f4xx_hal_tim.c.obj
LOAD CMakeFiles/Wearable_F411RE.dir/Drivers/STM32F4xx_HAL_Driver/Src/stm32f4xx_hal_tim_ex.c.obj
LOAD CMakeFiles/Wearable_F411RE.dir/Drivers/STM32F4xx_HAL_Driver/Src/stm32f4xx_hal_uart.c.obj
LOAD CMakeFiles/Wearable_F411RE.dir/Core/Src/system_stm32f4xx.c.obj
LOAD CMakeFiles/Wearable_F411RE.dir/Middlewares/Third_Party/FreeRTOS/Source/croutine.c.obj
LOAD CMakeFiles/Wearable_F411RE.dir/Middlewares/Third_Party/FreeRTOS/Source/event_groups.c.obj
LOAD CMakeFiles/Wearable_F411RE.dir/Middlewares/Third_Party/FreeRTOS/Source/list.c.obj
LOAD CMakeFiles/Wearable_F411RE.dir/Middlewares/Third_Party/FreeRTOS/Source/queue.c.obj
LOAD CMakeFiles/Wearable_F411RE.dir/Middlewares/Third_Party/FreeRTOS/Source/stream_buffer.c.obj
LOAD CMakeFiles/Wearable_F411RE.dir/Middlewares/Third_Party/FreeRTOS/Source/tasks.c.obj
LOAD CMakeFiles/Wearable_F411RE.dir/Middlewares/Third_Party/FreeRTOS/Source/timers.c.obj
LOAD CMakeFiles/Wearable_F411RE.dir/Middlewares/Third_Party/FreeRTOS/Source/CMSIS_RTOS_V2/cmsis_os2.c.obj
LOAD CMakeFiles/Wearable_F411RE.dir/Middlewares/Third_Party/FreeRTOS/Source/portable/MemMang/heap_4.c.obj
LOAD CMakeFiles/Wearable_F411RE.dir/Middlewares/Third_Party/FreeRTOS/Source/portable/GCC/ARM_CM4F/port.c.obj
LOAD CMakeFiles/Wearable_F411RE.dir/Core/Src/sysmem.c.obj
LOAD CMakeFiles/Wearable_F411RE.dir/Core/Src/syscalls.c.obj
LOAD CMakeFiles/Wearable_F411RE.dir/startup_stm32f411xe.s.obj
LOAD RadioLib/libRadioLib.a
LOAD C:/PROGRA~2/ARMGNU~1/14EFD8~1.2RE/bin/../lib/gcc/arm-none-eabi/14.2.1/thumb/v7e-m+fp/hard\libstdc++_nano.a
LOAD C:/PROGRA~2/ARMGNU~1/14EFD8~1.2RE/bin/../lib/gcc/arm-none-eabi/14.2.1/thumb/v7e-m+fp/hard\libm.a
LOAD C:/PROGRA~2/ARMGNU~1/14EFD8~1.2RE/bin/../lib/gcc/arm-none-eabi/14.2.1/thumb/v7e-m+fp/hard\libc_nano.a
START GROUP
LOAD C:/PROGRA~2/ARMGNU~1/14EFD8~1.2RE/bin/../lib/gcc/arm-none-eabi/14.2.1/thumb/v7e-m+fp/hard\libgcc.a
LOAD C:/PROGRA~2/ARMGNU~1/14EFD8~1.2RE/bin/../lib/gcc/arm-none-eabi/14.2.1/thumb/v7e-m+fp/hard\libg_nano.a
LOAD C:/PROGRA~2/ARMGNU~1/14EFD8~1.2RE/bin/../lib/gcc/arm-none-eabi/14.2.1/thumb/v7e-m+fp/hard\libc_nano.a
END GROUP
START GROUP
LOAD C:/PROGRA~2/ARMGNU~1/14EFD8~1.2RE/bin/../lib/gcc/arm-none-eabi/14.2.1/thumb/v7e-m+fp/hard\libgcc.a
LOAD C:/PROGRA~2/ARMGNU~1/14EFD8~1.2RE/bin/../lib/gcc/arm-none-eabi/14.2.1/thumb/v7e-m+fp/hard\libc_nano.a
END GROUP
LOAD C:/PROGRA~2/ARMGNU~1/14EFD8~1.2RE/bin/../lib/gcc/arm-none-eabi/14.2.1/thumb/v7e-m+fp/hard/crtend.o
LOAD C:/PROGRA~2/ARMGNU~1/14EFD8~1.2RE/bin/../lib/gcc/arm-none-eabi/14.2.1/thumb/v7e-m+fp/hard/crtn.o
                0x20020000                        _estack = (ORIGIN (RAM) + LENGTH (RAM))
                0x00000200                        _Min_Heap_Size = 0x200
                0x00000400                        _Min_Stack_Size = 0x400

.isr_vector     0x08000000      0x198
                0x08000000                        . = ALIGN (0x4)
 *(.isr_vector)
 .isr_vector    0x08000000      0x198 CMakeFiles/Wearable_F411RE.dir/startup_stm32f411xe.s.obj
                0x08000000                g_pfnVectors
                0x08000198                        . = ALIGN (0x4)

.text           0x080001a0     0x5bb4
                0x080001a0                        . = ALIGN (0x4)
 *(.text)
 .text          0x080001a0       0x30 C:/PROGRA~2/ARMGNU~1/14EFD8~1.2RE/bin/../lib/gcc/arm-none-eabi/14.2.1/thumb/v7e-m+fp/hard\libgcc.a(_aeabi_uldivmod.o)
                0x080001a0                __aeabi_uldivmod
 .text          0x080001d0        0x4 C:/PROGRA~2/ARMGNU~1/14EFD8~1.2RE/bin/../lib/gcc/arm-none-eabi/14.2.1/thumb/v7e-m+fp/hard\libgcc.a(_dvmd_tls.o)
                0x080001d0                __aeabi_idiv0
                0x080001d0                __aeabi_ldiv0
 *(.text*)
 .text.deregister_tm_clones
                0x080001d4       0x1c C:/PROGRA~2/ARMGNU~1/14EFD8~1.2RE/bin/../lib/gcc/arm-none-eabi/14.2.1/thumb/v7e-m+fp/hard/crtbegin.o
 .text.register_tm_clones
                0x080001f0       0x24 C:/PROGRA~2/ARMGNU~1/14EFD8~1.2RE/bin/../lib/gcc/arm-none-eabi/14.2.1/thumb/v7e-m+fp/hard/crtbegin.o
 .text.__do_global_dtors_aux
                0x08000214       0x28 C:/PROGRA~2/ARMGNU~1/14EFD8~1.2RE/bin/../lib/gcc/arm-none-eabi/14.2.1/thumb/v7e-m+fp/hard/crtbegin.o
 .text.frame_dummy
                0x0800023c       0x24 C:/PROGRA~2/ARMGNU~1/14EFD8~1.2RE/bin/../lib/gcc/arm-none-eabi/14.2.1/thumb/v7e-m+fp/hard/crtbegin.o
 .text._Z10blinkyTaskPv
                0x08000260       0x34 CMakeFiles/Wearable_F411RE.dir/Core/Src/main.cpp.obj
                0x08000260                blinkyTask(void*)
 .text.main     0x08000294       0x4c CMakeFiles/Wearable_F411RE.dir/Core/Src/main.cpp.obj
                0x08000294                main
 .text._Z18SystemClock_Configv
                0x080002e0       0xe4 CMakeFiles/Wearable_F411RE.dir/Core/Src/main.cpp.obj
                0x080002e0                SystemClock_Config()
 .text._ZL12MX_I2C2_Initv
                0x080003c4       0x68 CMakeFiles/Wearable_F411RE.dir/Core/Src/main.cpp.obj
 .text._ZL12MX_SPI3_Initv
                0x0800042c       0x78 CMakeFiles/Wearable_F411RE.dir/Core/Src/main.cpp.obj
 .text._ZL12MX_TIM1_Initv
                0x080004a4       0xf8 CMakeFiles/Wearable_F411RE.dir/Core/Src/main.cpp.obj
 .text._ZL19MX_USART2_UART_Initv
                0x0800059c       0x5c CMakeFiles/Wearable_F411RE.dir/Core/Src/main.cpp.obj
 .text._ZL12MX_GPIO_Initv
                0x080005f8      0x1bc CMakeFiles/Wearable_F411RE.dir/Core/Src/main.cpp.obj
 .text.HAL_TIM_PeriodElapsedCallback
                0x080007b4       0x1e CMakeFiles/Wearable_F411RE.dir/Core/Src/main.cpp.obj
                0x080007b4                HAL_TIM_PeriodElapsedCallback
 .text.Error_Handler
                0x080007d2        0xc CMakeFiles/Wearable_F411RE.dir/Core/Src/main.cpp.obj
                0x080007d2                Error_Handler
 .text.vApplicationIdleHook
                0x080007de        0xe CMakeFiles/Wearable_F411RE.dir/Core/Src/freertos.c.obj
                0x080007de                vApplicationIdleHook
 .text.NMI_Handler
                0x080007ec        0x8 CMakeFiles/Wearable_F411RE.dir/Core/Src/stm32f4xx_it.c.obj
                0x080007ec                NMI_Handler
 .text.HardFault_Handler
                0x080007f4        0x8 CMakeFiles/Wearable_F411RE.dir/Core/Src/stm32f4xx_it.c.obj
                0x080007f4                HardFault_Handler
 .text.MemManage_Handler
                0x080007fc        0x8 CMakeFiles/Wearable_F411RE.dir/Core/Src/stm32f4xx_it.c.obj
                0x080007fc                MemManage_Handler
 .text.BusFault_Handler
                0x08000804        0x8 CMakeFiles/Wearable_F411RE.dir/Core/Src/stm32f4xx_it.c.obj
                0x08000804                BusFault_Handler
 .text.UsageFault_Handler
                0x0800080c        0x8 CMakeFiles/Wearable_F411RE.dir/Core/Src/stm32f4xx_it.c.obj
                0x0800080c                UsageFault_Handler
 .text.DebugMon_Handler
                0x08000814        0xe CMakeFiles/Wearable_F411RE.dir/Core/Src/stm32f4xx_it.c.obj
                0x08000814                DebugMon_Handler
 *fill*         0x08000822        0x2 
 .text.TIM2_IRQHandler
                0x08000824       0x14 CMakeFiles/Wearable_F411RE.dir/Core/Src/stm32f4xx_it.c.obj
                0x08000824                TIM2_IRQHandler
 .text.EXTI15_10_IRQHandler
                0x08000838       0x10 CMakeFiles/Wearable_F411RE.dir/Core/Src/stm32f4xx_it.c.obj
                0x08000838                EXTI15_10_IRQHandler
 .text.HAL_MspInit
                0x08000848       0x58 CMakeFiles/Wearable_F411RE.dir/Core/Src/stm32f4xx_hal_msp.c.obj
                0x08000848                HAL_MspInit
 .text.HAL_I2C_MspInit
                0x080008a0       0xb4 CMakeFiles/Wearable_F411RE.dir/Core/Src/stm32f4xx_hal_msp.c.obj
                0x080008a0                HAL_I2C_MspInit
 .text.HAL_SPI_MspInit
                0x08000954       0x90 CMakeFiles/Wearable_F411RE.dir/Core/Src/stm32f4xx_hal_msp.c.obj
                0x08000954                HAL_SPI_MspInit
 .text.HAL_TIM_Base_MspInit
                0x080009e4       0x44 CMakeFiles/Wearable_F411RE.dir/Core/Src/stm32f4xx_hal_msp.c.obj
                0x080009e4                HAL_TIM_Base_MspInit
 .text.HAL_UART_MspInit
                0x08000a28       0x90 CMakeFiles/Wearable_F411RE.dir/Core/Src/stm32f4xx_hal_msp.c.obj
                0x08000a28                HAL_UART_MspInit
 .text.HAL_InitTick
                0x08000ab8       0xf8 CMakeFiles/Wearable_F411RE.dir/Core/Src/stm32f4xx_hal_timebase_tim.c.obj
                0x08000ab8                HAL_InitTick
 .text.HAL_RCC_OscConfig
                0x08000bb0      0x4f0 CMakeFiles/Wearable_F411RE.dir/Drivers/STM32F4xx_HAL_Driver/Src/stm32f4xx_hal_rcc.c.obj
                0x08000bb0                HAL_RCC_OscConfig
 .text.HAL_RCC_ClockConfig
                0x080010a0      0x1cc CMakeFiles/Wearable_F411RE.dir/Drivers/STM32F4xx_HAL_Driver/Src/stm32f4xx_hal_rcc.c.obj
                0x080010a0                HAL_RCC_ClockConfig
 .text.HAL_RCC_GetSysClockFreq
                0x0800126c      0x20c CMakeFiles/Wearable_F411RE.dir/Drivers/STM32F4xx_HAL_Driver/Src/stm32f4xx_hal_rcc.c.obj
                0x0800126c                HAL_RCC_GetSysClockFreq
 .text.HAL_RCC_GetHCLKFreq
                0x08001478       0x18 CMakeFiles/Wearable_F411RE.dir/Drivers/STM32F4xx_HAL_Driver/Src/stm32f4xx_hal_rcc.c.obj
                0x08001478                HAL_RCC_GetHCLKFreq
 .text.HAL_RCC_GetPCLK1Freq
                0x08001490       0x28 CMakeFiles/Wearable_F411RE.dir/Drivers/STM32F4xx_HAL_Driver/Src/stm32f4xx_hal_rcc.c.obj
                0x08001490                HAL_RCC_GetPCLK1Freq
 .text.HAL_RCC_GetPCLK2Freq
                0x080014b8       0x28 CMakeFiles/Wearable_F411RE.dir/Drivers/STM32F4xx_HAL_Driver/Src/stm32f4xx_hal_rcc.c.obj
                0x080014b8                HAL_RCC_GetPCLK2Freq
 .text.HAL_RCC_GetClockConfig
                0x080014e0       0x64 CMakeFiles/Wearable_F411RE.dir/Drivers/STM32F4xx_HAL_Driver/Src/stm32f4xx_hal_rcc.c.obj
                0x080014e0                HAL_RCC_GetClockConfig
 .text.HAL_GPIO_Init
                0x08001544      0x308 CMakeFiles/Wearable_F411RE.dir/Drivers/STM32F4xx_HAL_Driver/Src/stm32f4xx_hal_gpio.c.obj
                0x08001544                HAL_GPIO_Init
 .text.HAL_GPIO_WritePin
                0x0800184c       0x32 CMakeFiles/Wearable_F411RE.dir/Drivers/STM32F4xx_HAL_Driver/Src/stm32f4xx_hal_gpio.c.obj
                0x0800184c                HAL_GPIO_WritePin
 .text.HAL_GPIO_TogglePin
                0x0800187e       0x34 CMakeFiles/Wearable_F411RE.dir/Drivers/STM32F4xx_HAL_Driver/Src/stm32f4xx_hal_gpio.c.obj
                0x0800187e                HAL_GPIO_TogglePin
 *fill*         0x080018b2        0x2 
 .text.HAL_GPIO_EXTI_IRQHandler
                0x080018b4       0x30 CMakeFiles/Wearable_F411RE.dir/Drivers/STM32F4xx_HAL_Driver/Src/stm32f4xx_hal_gpio.c.obj
                0x080018b4                HAL_GPIO_EXTI_IRQHandler
 .text.HAL_GPIO_EXTI_Callback
                0x080018e4       0x16 CMakeFiles/Wearable_F411RE.dir/Drivers/STM32F4xx_HAL_Driver/Src/stm32f4xx_hal_gpio.c.obj
                0x080018e4                HAL_GPIO_EXTI_Callback
 *fill*         0x080018fa        0x2 
 .text.__NVIC_SetPriorityGrouping
                0x080018fc       0x48 CMakeFiles/Wearable_F411RE.dir/Drivers/STM32F4xx_HAL_Driver/Src/stm32f4xx_hal_cortex.c.obj
 .text.__NVIC_GetPriorityGrouping
                0x08001944       0x1c CMakeFiles/Wearable_F411RE.dir/Drivers/STM32F4xx_HAL_Driver/Src/stm32f4xx_hal_cortex.c.obj
 .text.__NVIC_EnableIRQ
                0x08001960       0x3c CMakeFiles/Wearable_F411RE.dir/Drivers/STM32F4xx_HAL_Driver/Src/stm32f4xx_hal_cortex.c.obj
 .text.__NVIC_SetPriority
                0x0800199c       0x54 CMakeFiles/Wearable_F411RE.dir/Drivers/STM32F4xx_HAL_Driver/Src/stm32f4xx_hal_cortex.c.obj
 .text.NVIC_EncodePriority
                0x080019f0       0x66 CMakeFiles/Wearable_F411RE.dir/Drivers/STM32F4xx_HAL_Driver/Src/stm32f4xx_hal_cortex.c.obj
 .text.HAL_NVIC_SetPriorityGrouping
                0x08001a56       0x16 CMakeFiles/Wearable_F411RE.dir/Drivers/STM32F4xx_HAL_Driver/Src/stm32f4xx_hal_cortex.c.obj
                0x08001a56                HAL_NVIC_SetPriorityGrouping
 .text.HAL_NVIC_SetPriority
                0x08001a6c       0x38 CMakeFiles/Wearable_F411RE.dir/Drivers/STM32F4xx_HAL_Driver/Src/stm32f4xx_hal_cortex.c.obj
                0x08001a6c                HAL_NVIC_SetPriority
 .text.HAL_NVIC_EnableIRQ
                0x08001aa4       0x1c CMakeFiles/Wearable_F411RE.dir/Drivers/STM32F4xx_HAL_Driver/Src/stm32f4xx_hal_cortex.c.obj
                0x08001aa4                HAL_NVIC_EnableIRQ
 .text.HAL_Init
                0x08001ac0       0x44 CMakeFiles/Wearable_F411RE.dir/Drivers/STM32F4xx_HAL_Driver/Src/stm32f4xx_hal.c.obj
                0x08001ac0                HAL_Init
 .text.HAL_IncTick
                0x08001b04       0x28 CMakeFiles/Wearable_F411RE.dir/Drivers/STM32F4xx_HAL_Driver/Src/stm32f4xx_hal.c.obj
                0x08001b04                HAL_IncTick
 .text.HAL_GetTick
                0x08001b2c       0x18 CMakeFiles/Wearable_F411RE.dir/Drivers/STM32F4xx_HAL_Driver/Src/stm32f4xx_hal.c.obj
                0x08001b2c                HAL_GetTick
 .text.HAL_I2C_Init
                0x08001b44      0x288 CMakeFiles/Wearable_F411RE.dir/Drivers/STM32F4xx_HAL_Driver/Src/stm32f4xx_hal_i2c.c.obj
                0x08001b44                HAL_I2C_Init
 .text.HAL_SPI_Init
                0x08001dcc      0x112 CMakeFiles/Wearable_F411RE.dir/Drivers/STM32F4xx_HAL_Driver/Src/stm32f4xx_hal_spi.c.obj
                0x08001dcc                HAL_SPI_Init
 .text.HAL_TIM_Base_Init
                0x08001ede       0x9e CMakeFiles/Wearable_F411RE.dir/Drivers/STM32F4xx_HAL_Driver/Src/stm32f4xx_hal_tim.c.obj
                0x08001ede                HAL_TIM_Base_Init
 .text.HAL_TIM_Base_Start_IT
                0x08001f7c       0xc4 CMakeFiles/Wearable_F411RE.dir/Drivers/STM32F4xx_HAL_Driver/Src/stm32f4xx_hal_tim.c.obj
                0x08001f7c                HAL_TIM_Base_Start_IT
 .text.HAL_TIM_IRQHandler
                0x08002040      0x1e0 CMakeFiles/Wearable_F411RE.dir/Drivers/STM32F4xx_HAL_Driver/Src/stm32f4xx_hal_tim.c.obj
                0x08002040                HAL_TIM_IRQHandler
 .text.HAL_TIM_ConfigClockSource
                0x08002220      0x18e CMakeFiles/Wearable_F411RE.dir/Drivers/STM32F4xx_HAL_Driver/Src/stm32f4xx_hal_tim.c.obj
                0x08002220                HAL_TIM_ConfigClockSource
 .text.HAL_TIM_SlaveConfigSynchro
                0x080023ae       0x84 CMakeFiles/Wearable_F411RE.dir/Drivers/STM32F4xx_HAL_Driver/Src/stm32f4xx_hal_tim.c.obj
                0x080023ae                HAL_TIM_SlaveConfigSynchro
 .text.HAL_TIM_OC_DelayElapsedCallback
                0x08002432       0x14 CMakeFiles/Wearable_F411RE.dir/Drivers/STM32F4xx_HAL_Driver/Src/stm32f4xx_hal_tim.c.obj
                0x08002432                HAL_TIM_OC_DelayElapsedCallback
 .text.HAL_TIM_IC_CaptureCallback
                0x08002446       0x14 CMakeFiles/Wearable_F411RE.dir/Drivers/STM32F4xx_HAL_Driver/Src/stm32f4xx_hal_tim.c.obj
                0x08002446                HAL_TIM_IC_CaptureCallback
 .text.HAL_TIM_PWM_PulseFinishedCallback
                0x0800245a       0x14 CMakeFiles/Wearable_F411RE.dir/Drivers/STM32F4xx_HAL_Driver/Src/stm32f4xx_hal_tim.c.obj
                0x0800245a                HAL_TIM_PWM_PulseFinishedCallback
 .text.HAL_TIM_TriggerCallback
                0x0800246e       0x14 CMakeFiles/Wearable_F411RE.dir/Drivers/STM32F4xx_HAL_Driver/Src/stm32f4xx_hal_tim.c.obj
                0x0800246e                HAL_TIM_TriggerCallback
 *fill*         0x08002482        0x2 
 .text.TIM_Base_SetConfig
                0x08002484      0x118 CMakeFiles/Wearable_F411RE.dir/Drivers/STM32F4xx_HAL_Driver/Src/stm32f4xx_hal_tim.c.obj
                0x08002484                TIM_Base_SetConfig
 .text.TIM_SlaveTimer_SetConfig
                0x0800259c      0x122 CMakeFiles/Wearable_F411RE.dir/Drivers/STM32F4xx_HAL_Driver/Src/stm32f4xx_hal_tim.c.obj
 .text.TIM_TI1_ConfigInputStage
                0x080026be       0x5e CMakeFiles/Wearable_F411RE.dir/Drivers/STM32F4xx_HAL_Driver/Src/stm32f4xx_hal_tim.c.obj
 .text.TIM_TI2_ConfigInputStage
                0x0800271c       0x60 CMakeFiles/Wearable_F411RE.dir/Drivers/STM32F4xx_HAL_Driver/Src/stm32f4xx_hal_tim.c.obj
 .text.TIM_ITRx_SetConfig
                0x0800277c       0x36 CMakeFiles/Wearable_F411RE.dir/Drivers/STM32F4xx_HAL_Driver/Src/stm32f4xx_hal_tim.c.obj
 .text.TIM_ETR_SetConfig
                0x080027b2       0x40 CMakeFiles/Wearable_F411RE.dir/Drivers/STM32F4xx_HAL_Driver/Src/stm32f4xx_hal_tim.c.obj
                0x080027b2                TIM_ETR_SetConfig
 *fill*         0x080027f2        0x2 
 .text.HAL_TIMEx_MasterConfigSynchronization
                0x080027f4       0xdc CMakeFiles/Wearable_F411RE.dir/Drivers/STM32F4xx_HAL_Driver/Src/stm32f4xx_hal_tim_ex.c.obj
                0x080027f4                HAL_TIMEx_MasterConfigSynchronization
 .text.HAL_TIMEx_CommutCallback
                0x080028d0       0x14 CMakeFiles/Wearable_F411RE.dir/Drivers/STM32F4xx_HAL_Driver/Src/stm32f4xx_hal_tim_ex.c.obj
                0x080028d0                HAL_TIMEx_CommutCallback
 .text.HAL_TIMEx_BreakCallback
                0x080028e4       0x14 CMakeFiles/Wearable_F411RE.dir/Drivers/STM32F4xx_HAL_Driver/Src/stm32f4xx_hal_tim_ex.c.obj
                0x080028e4                HAL_TIMEx_BreakCallback
 .text.HAL_UART_Init
                0x080028f8       0xa0 CMakeFiles/Wearable_F411RE.dir/Drivers/STM32F4xx_HAL_Driver/Src/stm32f4xx_hal_uart.c.obj
                0x080028f8                HAL_UART_Init
 .text.UART_SetConfig
                0x08002998      0x4e8 CMakeFiles/Wearable_F411RE.dir/Drivers/STM32F4xx_HAL_Driver/Src/stm32f4xx_hal_uart.c.obj
 .text.SystemInit
                0x08002e80       0x24 CMakeFiles/Wearable_F411RE.dir/Core/Src/system_stm32f4xx.c.obj
                0x08002e80                SystemInit
 .text.vListInitialise
                0x08002ea4       0x40 CMakeFiles/Wearable_F411RE.dir/Middlewares/Third_Party/FreeRTOS/Source/list.c.obj
                0x08002ea4                vListInitialise
 .text.vListInitialiseItem
                0x08002ee4       0x1a CMakeFiles/Wearable_F411RE.dir/Middlewares/Third_Party/FreeRTOS/Source/list.c.obj
                0x08002ee4                vListInitialiseItem
 .text.vListInsertEnd
                0x08002efe       0x48 CMakeFiles/Wearable_F411RE.dir/Middlewares/Third_Party/FreeRTOS/Source/list.c.obj
                0x08002efe                vListInsertEnd
 .text.vListInsert
                0x08002f46       0x72 CMakeFiles/Wearable_F411RE.dir/Middlewares/Third_Party/FreeRTOS/Source/list.c.obj
                0x08002f46                vListInsert
 .text.uxListRemove
                0x08002fb8       0x54 CMakeFiles/Wearable_F411RE.dir/Middlewares/Third_Party/FreeRTOS/Source/list.c.obj
                0x08002fb8                uxListRemove
 .text.xQueueGenericReset
                0x0800300c       0xd4 CMakeFiles/Wearable_F411RE.dir/Middlewares/Third_Party/FreeRTOS/Source/queue.c.obj
                0x0800300c                xQueueGenericReset
 .text.xQueueGenericCreateStatic
                0x080030e0       0xfa CMakeFiles/Wearable_F411RE.dir/Middlewares/Third_Party/FreeRTOS/Source/queue.c.obj
                0x080030e0                xQueueGenericCreateStatic
 .text.prvInitialiseNewQueue
                0x080031da       0x46 CMakeFiles/Wearable_F411RE.dir/Middlewares/Third_Party/FreeRTOS/Source/queue.c.obj
 .text.xQueueGenericSend
                0x08003220      0x204 CMakeFiles/Wearable_F411RE.dir/Middlewares/Third_Party/FreeRTOS/Source/queue.c.obj
                0x08003220                xQueueGenericSend
 .text.xQueueGenericSendFromISR
                0x08003424      0x13c CMakeFiles/Wearable_F411RE.dir/Middlewares/Third_Party/FreeRTOS/Source/queue.c.obj
                0x08003424                xQueueGenericSendFromISR
 .text.xQueueReceive
                0x08003560      0x1c4 CMakeFiles/Wearable_F411RE.dir/Middlewares/Third_Party/FreeRTOS/Source/queue.c.obj
                0x08003560                xQueueReceive
 .text.prvCopyDataToQueue
                0x08003724       0xd4 CMakeFiles/Wearable_F411RE.dir/Middlewares/Third_Party/FreeRTOS/Source/queue.c.obj
 .text.prvCopyDataFromQueue
                0x080037f8       0x4c CMakeFiles/Wearable_F411RE.dir/Middlewares/Third_Party/FreeRTOS/Source/queue.c.obj
 .text.prvUnlockQueue
                0x08003844       0xa4 CMakeFiles/Wearable_F411RE.dir/Middlewares/Third_Party/FreeRTOS/Source/queue.c.obj
 .text.prvIsQueueEmpty
                0x080038e8       0x2c CMakeFiles/Wearable_F411RE.dir/Middlewares/Third_Party/FreeRTOS/Source/queue.c.obj
 .text.prvIsQueueFull
                0x08003914       0x30 CMakeFiles/Wearable_F411RE.dir/Middlewares/Third_Party/FreeRTOS/Source/queue.c.obj
 .text.vQueueAddToRegistry
                0x08003944       0x54 CMakeFiles/Wearable_F411RE.dir/Middlewares/Third_Party/FreeRTOS/Source/queue.c.obj
                0x08003944                vQueueAddToRegistry
 .text.vQueueWaitForMessageRestricted
                0x08003998       0x68 CMakeFiles/Wearable_F411RE.dir/Middlewares/Third_Party/FreeRTOS/Source/queue.c.obj
                0x08003998                vQueueWaitForMessageRestricted
 .text.xTaskCreateStatic
                0x08003a00       0xc0 CMakeFiles/Wearable_F411RE.dir/Middlewares/Third_Party/FreeRTOS/Source/tasks.c.obj
                0x08003a00                xTaskCreateStatic
 .text.xTaskCreate
                0x08003ac0       0x8a CMakeFiles/Wearable_F411RE.dir/Middlewares/Third_Party/FreeRTOS/Source/tasks.c.obj
                0x08003ac0                xTaskCreate
 .text.prvInitialiseNewTask
                0x08003b4a      0x126 CMakeFiles/Wearable_F411RE.dir/Middlewares/Third_Party/FreeRTOS/Source/tasks.c.obj
 .text.prvAddNewTaskToReadyList
                0x08003c70       0xe0 CMakeFiles/Wearable_F411RE.dir/Middlewares/Third_Party/FreeRTOS/Source/tasks.c.obj
 .text.vTaskDelay
                0x08003d50       0x6c CMakeFiles/Wearable_F411RE.dir/Middlewares/Third_Party/FreeRTOS/Source/tasks.c.obj
                0x08003d50                vTaskDelay
 .text.vTaskStartScheduler
                0x08003dbc       0xd0 CMakeFiles/Wearable_F411RE.dir/Middlewares/Third_Party/FreeRTOS/Source/tasks.c.obj
                0x08003dbc                vTaskStartScheduler
 .text.vTaskSuspendAll
                0x08003e8c       0x1c CMakeFiles/Wearable_F411RE.dir/Middlewares/Third_Party/FreeRTOS/Source/tasks.c.obj
                0x08003e8c                vTaskSuspendAll
 .text.xTaskResumeAll
                0x08003ea8      0x13c CMakeFiles/Wearable_F411RE.dir/Middlewares/Third_Party/FreeRTOS/Source/tasks.c.obj
                0x08003ea8                xTaskResumeAll
 .text.xTaskGetTickCount
                0x08003fe4       0x20 CMakeFiles/Wearable_F411RE.dir/Middlewares/Third_Party/FreeRTOS/Source/tasks.c.obj
                0x08003fe4                xTaskGetTickCount
 .text.xTaskIncrementTick
                0x08004004      0x174 CMakeFiles/Wearable_F411RE.dir/Middlewares/Third_Party/FreeRTOS/Source/tasks.c.obj
                0x08004004                xTaskIncrementTick
 .text.vTaskSwitchContext
                0x08004178       0xfc CMakeFiles/Wearable_F411RE.dir/Middlewares/Third_Party/FreeRTOS/Source/tasks.c.obj
                0x08004178                vTaskSwitchContext
 .text.vTaskPlaceOnEventList
                0x08004274       0x4c CMakeFiles/Wearable_F411RE.dir/Middlewares/Third_Party/FreeRTOS/Source/tasks.c.obj
                0x08004274                vTaskPlaceOnEventList
 .text.vTaskPlaceOnEventListRestricted
                0x080042c0       0x58 CMakeFiles/Wearable_F411RE.dir/Middlewares/Third_Party/FreeRTOS/Source/tasks.c.obj
                0x080042c0                vTaskPlaceOnEventListRestricted
 .text.xTaskRemoveFromEventList
                0x08004318       0xc8 CMakeFiles/Wearable_F411RE.dir/Middlewares/Third_Party/FreeRTOS/Source/tasks.c.obj
                0x08004318                xTaskRemoveFromEventList
 .text.vTaskInternalSetTimeOutState
                0x080043e0       0x2c CMakeFiles/Wearable_F411RE.dir/Middlewares/Third_Party/FreeRTOS/Source/tasks.c.obj
                0x080043e0                vTaskInternalSetTimeOutState
 .text.xTaskCheckForTimeOut
                0x0800440c       0xc8 CMakeFiles/Wearable_F411RE.dir/Middlewares/Third_Party/FreeRTOS/Source/tasks.c.obj
                0x0800440c                xTaskCheckForTimeOut
 .text.vTaskMissedYield
                0x080044d4       0x18 CMakeFiles/Wearable_F411RE.dir/Middlewares/Third_Party/FreeRTOS/Source/tasks.c.obj
                0x080044d4                vTaskMissedYield
 .text.prvIdleTask
                0x080044ec       0x34 CMakeFiles/Wearable_F411RE.dir/Middlewares/Third_Party/FreeRTOS/Source/tasks.c.obj
 .text.prvInitialiseTaskLists
                0x08004520       0x80 CMakeFiles/Wearable_F411RE.dir/Middlewares/Third_Party/FreeRTOS/Source/tasks.c.obj
 .text.prvCheckTasksWaitingTermination
                0x080045a0       0x5c CMakeFiles/Wearable_F411RE.dir/Middlewares/Third_Party/FreeRTOS/Source/tasks.c.obj
 .text.prvDeleteTCB
                0x080045fc       0x60 CMakeFiles/Wearable_F411RE.dir/Middlewares/Third_Party/FreeRTOS/Source/tasks.c.obj
 .text.prvResetNextTaskUnblockTime
                0x0800465c       0x40 CMakeFiles/Wearable_F411RE.dir/Middlewares/Third_Party/FreeRTOS/Source/tasks.c.obj
 .text.xTaskGetSchedulerState
                0x0800469c       0x3c CMakeFiles/Wearable_F411RE.dir/Middlewares/Third_Party/FreeRTOS/Source/tasks.c.obj
                0x0800469c                xTaskGetSchedulerState
 .text.xTaskPriorityDisinherit
                0x080046d8       0xe0 CMakeFiles/Wearable_F411RE.dir/Middlewares/Third_Party/FreeRTOS/Source/tasks.c.obj
                0x080046d8                xTaskPriorityDisinherit
 .text.prvAddCurrentTaskToDelayedList
                0x080047b8       0xa8 CMakeFiles/Wearable_F411RE.dir/Middlewares/Third_Party/FreeRTOS/Source/tasks.c.obj
 .text.xTimerCreateTimerTask
                0x08004860       0x94 CMakeFiles/Wearable_F411RE.dir/Middlewares/Third_Party/FreeRTOS/Source/timers.c.obj
                0x08004860                xTimerCreateTimerTask
 .text.xTimerGenericCommand
                0x080048f4       0x9c CMakeFiles/Wearable_F411RE.dir/Middlewares/Third_Party/FreeRTOS/Source/timers.c.obj
                0x080048f4                xTimerGenericCommand
 .text.prvProcessExpiredTimer
                0x08004990       0x9c CMakeFiles/Wearable_F411RE.dir/Middlewares/Third_Party/FreeRTOS/Source/timers.c.obj
 .text.prvTimerTask
                0x08004a2c       0x26 CMakeFiles/Wearable_F411RE.dir/Middlewares/Third_Party/FreeRTOS/Source/timers.c.obj
 *fill*         0x08004a52        0x2 
 .text.prvProcessTimerOrBlockTask
                0x08004a54       0x9c CMakeFiles/Wearable_F411RE.dir/Middlewares/Third_Party/FreeRTOS/Source/timers.c.obj
 .text.prvGetNextExpireTime
                0x08004af0       0x48 CMakeFiles/Wearable_F411RE.dir/Middlewares/Third_Party/FreeRTOS/Source/timers.c.obj
 .text.prvSampleTimeNow
                0x08004b38       0x40 CMakeFiles/Wearable_F411RE.dir/Middlewares/Third_Party/FreeRTOS/Source/timers.c.obj
 .text.prvInsertTimerInActiveList
                0x08004b78       0x84 CMakeFiles/Wearable_F411RE.dir/Middlewares/Third_Party/FreeRTOS/Source/timers.c.obj
 .text.prvProcessReceivedCommands
                0x08004bfc      0x1cc CMakeFiles/Wearable_F411RE.dir/Middlewares/Third_Party/FreeRTOS/Source/timers.c.obj
 .text.prvSwitchTimerLists
                0x08004dc8       0xcc CMakeFiles/Wearable_F411RE.dir/Middlewares/Third_Party/FreeRTOS/Source/timers.c.obj
 .text.prvCheckForValidListAndQueue
                0x08004e94       0x80 CMakeFiles/Wearable_F411RE.dir/Middlewares/Third_Party/FreeRTOS/Source/timers.c.obj
 .text.__NVIC_SetPriority
                0x08004f14       0x54 CMakeFiles/Wearable_F411RE.dir/Middlewares/Third_Party/FreeRTOS/Source/CMSIS_RTOS_V2/cmsis_os2.c.obj
 .text.SysTick_Handler
                0x08004f68       0x20 CMakeFiles/Wearable_F411RE.dir/Middlewares/Third_Party/FreeRTOS/Source/CMSIS_RTOS_V2/cmsis_os2.c.obj
                0x08004f68                SysTick_Handler
 .text.SVC_Setup
                0x08004f88       0x12 CMakeFiles/Wearable_F411RE.dir/Middlewares/Third_Party/FreeRTOS/Source/CMSIS_RTOS_V2/cmsis_os2.c.obj
 *fill*         0x08004f9a        0x2 
 .text.osKernelInitialize
                0x08004f9c       0x48 CMakeFiles/Wearable_F411RE.dir/Middlewares/Third_Party/FreeRTOS/Source/CMSIS_RTOS_V2/cmsis_os2.c.obj
                0x08004f9c                osKernelInitialize
 .text.osKernelStart
                0x08004fe4       0x4c CMakeFiles/Wearable_F411RE.dir/Middlewares/Third_Party/FreeRTOS/Source/CMSIS_RTOS_V2/cmsis_os2.c.obj
                0x08004fe4                osKernelStart
 .text.osDelay  0x08005030       0x36 CMakeFiles/Wearable_F411RE.dir/Middlewares/Third_Party/FreeRTOS/Source/CMSIS_RTOS_V2/cmsis_os2.c.obj
                0x08005030                osDelay
 *fill*         0x08005066        0x2 
 .text.vApplicationGetIdleTaskMemory
                0x08005068       0x34 CMakeFiles/Wearable_F411RE.dir/Middlewares/Third_Party/FreeRTOS/Source/CMSIS_RTOS_V2/cmsis_os2.c.obj
                0x08005068                vApplicationGetIdleTaskMemory
 .text.vApplicationGetTimerTaskMemory
                0x0800509c       0x34 CMakeFiles/Wearable_F411RE.dir/Middlewares/Third_Party/FreeRTOS/Source/CMSIS_RTOS_V2/cmsis_os2.c.obj
                0x0800509c                vApplicationGetTimerTaskMemory
 .text.pvPortMalloc
                0x080050d0      0x19c CMakeFiles/Wearable_F411RE.dir/Middlewares/Third_Party/FreeRTOS/Source/portable/MemMang/heap_4.c.obj
                0x080050d0                pvPortMalloc
 .text.vPortFree
                0x0800526c       0xc8 CMakeFiles/Wearable_F411RE.dir/Middlewares/Third_Party/FreeRTOS/Source/portable/MemMang/heap_4.c.obj
                0x0800526c                vPortFree
 .text.prvHeapInit
                0x08005334       0xc4 CMakeFiles/Wearable_F411RE.dir/Middlewares/Third_Party/FreeRTOS/Source/portable/MemMang/heap_4.c.obj
 .text.prvInsertBlockIntoFreeList
                0x080053f8       0xb4 CMakeFiles/Wearable_F411RE.dir/Middlewares/Third_Party/FreeRTOS/Source/portable/MemMang/heap_4.c.obj
 .text.pxPortInitialiseStack
                0x080054ac       0x68 CMakeFiles/Wearable_F411RE.dir/Middlewares/Third_Party/FreeRTOS/Source/portable/GCC/ARM_CM4F/port.c.obj
                0x080054ac                pxPortInitialiseStack
 .text.prvTaskExitError
                0x08005514       0x5c CMakeFiles/Wearable_F411RE.dir/Middlewares/Third_Party/FreeRTOS/Source/portable/GCC/ARM_CM4F/port.c.obj
 .text.SVC_Handler
                0x08005570       0x28 CMakeFiles/Wearable_F411RE.dir/Middlewares/Third_Party/FreeRTOS/Source/portable/GCC/ARM_CM4F/port.c.obj
                0x08005570                SVC_Handler
 .text.prvPortStartFirstTask
                0x08005598       0x28 CMakeFiles/Wearable_F411RE.dir/Middlewares/Third_Party/FreeRTOS/Source/portable/GCC/ARM_CM4F/port.c.obj
 .text.xPortStartScheduler
                0x080055c0      0x16c CMakeFiles/Wearable_F411RE.dir/Middlewares/Third_Party/FreeRTOS/Source/portable/GCC/ARM_CM4F/port.c.obj
                0x080055c0                xPortStartScheduler
 .text.vPortEnterCritical
                0x0800572c       0x64 CMakeFiles/Wearable_F411RE.dir/Middlewares/Third_Party/FreeRTOS/Source/portable/GCC/ARM_CM4F/port.c.obj
                0x0800572c                vPortEnterCritical
 .text.vPortExitCritical
                0x08005790       0x54 CMakeFiles/Wearable_F411RE.dir/Middlewares/Third_Party/FreeRTOS/Source/portable/GCC/ARM_CM4F/port.c.obj
                0x08005790                vPortExitCritical
 *fill*         0x080057e4        0xc 
 .text.PendSV_Handler
                0x080057f0       0x68 CMakeFiles/Wearable_F411RE.dir/Middlewares/Third_Party/FreeRTOS/Source/portable/GCC/ARM_CM4F/port.c.obj
                0x080057f0                PendSV_Handler
 .text.xPortSysTickHandler
                0x08005858       0x44 CMakeFiles/Wearable_F411RE.dir/Middlewares/Third_Party/FreeRTOS/Source/portable/GCC/ARM_CM4F/port.c.obj
                0x08005858                xPortSysTickHandler
 .text.vPortSetupTimerInterrupt
                0x0800589c       0x48 CMakeFiles/Wearable_F411RE.dir/Middlewares/Third_Party/FreeRTOS/Source/portable/GCC/ARM_CM4F/port.c.obj
                0x0800589c                vPortSetupTimerInterrupt
 .text.vPortEnableVFP
                0x080058e4       0x14 CMakeFiles/Wearable_F411RE.dir/Middlewares/Third_Party/FreeRTOS/Source/portable/GCC/ARM_CM4F/port.c.obj
 .text.vPortValidateInterruptPriority
                0x080058f8       0x84 CMakeFiles/Wearable_F411RE.dir/Middlewares/Third_Party/FreeRTOS/Source/portable/GCC/ARM_CM4F/port.c.obj
                0x080058f8                vPortValidateInterruptPriority
 .text.Reset_Handler
                0x0800597c       0x50 CMakeFiles/Wearable_F411RE.dir/startup_stm32f411xe.s.obj
                0x0800597c                Reset_Handler
 .text.Default_Handler
                0x080059cc        0x2 CMakeFiles/Wearable_F411RE.dir/startup_stm32f411xe.s.obj
                0x080059cc                RTC_Alarm_IRQHandler
                0x080059cc                EXTI2_IRQHandler
                0x080059cc                SPI4_IRQHandler
                0x080059cc                TIM1_CC_IRQHandler
                0x080059cc                DMA2_Stream5_IRQHandler
                0x080059cc                DMA1_Stream5_IRQHandler
                0x080059cc                PVD_IRQHandler
                0x080059cc                SDIO_IRQHandler
                0x080059cc                TAMP_STAMP_IRQHandler
                0x080059cc                EXTI3_IRQHandler
                0x080059cc                TIM1_UP_TIM10_IRQHandler
                0x080059cc                I2C3_ER_IRQHandler
                0x080059cc                EXTI0_IRQHandler
                0x080059cc                I2C2_EV_IRQHandler
                0x080059cc                DMA1_Stream2_IRQHandler
                0x080059cc                FPU_IRQHandler
                0x080059cc                DMA2_Stream2_IRQHandler
                0x080059cc                SPI1_IRQHandler
                0x080059cc                TIM1_BRK_TIM9_IRQHandler
                0x080059cc                DMA2_Stream3_IRQHandler
                0x080059cc                USART6_IRQHandler
                0x080059cc                DMA2_Stream0_IRQHandler
                0x080059cc                TIM4_IRQHandler
                0x080059cc                I2C1_EV_IRQHandler
                0x080059cc                DMA1_Stream6_IRQHandler
                0x080059cc                DMA1_Stream1_IRQHandler
                0x080059cc                TIM3_IRQHandler
                0x080059cc                RCC_IRQHandler
                0x080059cc                Default_Handler
                0x080059cc                ADC_IRQHandler
                0x080059cc                DMA1_Stream7_IRQHandler
                0x080059cc                SPI5_IRQHandler
                0x080059cc                TIM5_IRQHandler
                0x080059cc                DMA2_Stream7_IRQHandler
                0x080059cc                I2C3_EV_IRQHandler
                0x080059cc                EXTI9_5_IRQHandler
                0x080059cc                RTC_WKUP_IRQHandler
                0x080059cc                SPI2_IRQHandler
                0x080059cc                DMA1_Stream0_IRQHandler
                0x080059cc                EXTI4_IRQHandler
                0x080059cc                WWDG_IRQHandler
                0x080059cc                OTG_FS_WKUP_IRQHandler
                0x080059cc                TIM1_TRG_COM_TIM11_IRQHandler
                0x080059cc                EXTI1_IRQHandler
                0x080059cc                USART2_IRQHandler
                0x080059cc                I2C2_ER_IRQHandler
                0x080059cc                DMA2_Stream1_IRQHandler
                0x080059cc                FLASH_IRQHandler
                0x080059cc                DMA2_Stream4_IRQHandler
                0x080059cc                USART1_IRQHandler
                0x080059cc                OTG_FS_IRQHandler
                0x080059cc                SPI3_IRQHandler
                0x080059cc                DMA1_Stream4_IRQHandler
                0x080059cc                I2C1_ER_IRQHandler
                0x080059cc                DMA2_Stream6_IRQHandler
                0x080059cc                DMA1_Stream3_IRQHandler
 .text.memset   0x080059ce       0x10 C:/PROGRA~2/ARMGNU~1/14EFD8~1.2RE/bin/../lib/gcc/arm-none-eabi/14.2.1/thumb/v7e-m+fp/hard\libc_nano.a(libc_a-memset.o)
                0x080059ce                memset
 *fill*         0x080059de        0x2 
 .text.__libc_init_array
                0x080059e0       0x48 C:/PROGRA~2/ARMGNU~1/14EFD8~1.2RE/bin/../lib/gcc/arm-none-eabi/14.2.1/thumb/v7e-m+fp/hard\libc_nano.a(libc_a-init.o)
                0x080059e0                __libc_init_array
 .text.memcpy   0x08005a28       0x1c C:/PROGRA~2/ARMGNU~1/14EFD8~1.2RE/bin/../lib/gcc/arm-none-eabi/14.2.1/thumb/v7e-m+fp/hard\libc_nano.a(libc_a-memcpy-stub.o)
                0x08005a28                memcpy
 .text.__udivmoddi4
                0x08005a44      0x2f8 C:/PROGRA~2/ARMGNU~1/14EFD8~1.2RE/bin/../lib/gcc/arm-none-eabi/14.2.1/thumb/v7e-m+fp/hard\libgcc.a(_udivmoddi4.o)
                0x08005a44                __udivmoddi4
 *(.glue_7)
 .glue_7        0x08005d3c        0x0 linker stubs
 *(.glue_7t)
 .glue_7t       0x08005d3c        0x0 linker stubs
 *(.eh_frame)
 .eh_frame      0x08005d3c        0x0 C:/PROGRA~2/ARMGNU~1/14EFD8~1.2RE/bin/../lib/gcc/arm-none-eabi/14.2.1/thumb/v7e-m+fp/hard/crtbegin.o
 *(.init)
 .init          0x08005d3c        0x4 C:/PROGRA~2/ARMGNU~1/14EFD8~1.2RE/bin/../lib/gcc/arm-none-eabi/14.2.1/thumb/v7e-m+fp/hard/crti.o
                0x08005d3c                _init
 .init          0x08005d40        0x8 C:/PROGRA~2/ARMGNU~1/14EFD8~1.2RE/bin/../lib/gcc/arm-none-eabi/14.2.1/thumb/v7e-m+fp/hard/crtn.o
 *(.fini)
 .fini          0x08005d48        0x4 C:/PROGRA~2/ARMGNU~1/14EFD8~1.2RE/bin/../lib/gcc/arm-none-eabi/14.2.1/thumb/v7e-m+fp/hard/crti.o
                0x08005d48                _fini
 .fini          0x08005d4c        0x8 C:/PROGRA~2/ARMGNU~1/14EFD8~1.2RE/bin/../lib/gcc/arm-none-eabi/14.2.1/thumb/v7e-m+fp/hard/crtn.o
                0x08005d54                        . = ALIGN (0x4)
                0x08005d54                        _etext = .

.vfp11_veneer   0x08005d54        0x0
 .vfp11_veneer  0x08005d54        0x0 linker stubs

.v4_bx          0x08005d54        0x0
 .v4_bx         0x08005d54        0x0 linker stubs

.iplt           0x08005d54        0x0
 .iplt          0x08005d54        0x0 C:/PROGRA~2/ARMGNU~1/14EFD8~1.2RE/bin/../lib/gcc/arm-none-eabi/14.2.1/thumb/v7e-m+fp/hard/crtbegin.o

.rodata         0x08005d54       0x48
                0x08005d54                        . = ALIGN (0x4)
 *(.rodata)
 .rodata        0x08005d54       0x18 CMakeFiles/Wearable_F411RE.dir/Core/Src/main.cpp.obj
 .rodata        0x08005d6c        0x5 CMakeFiles/Wearable_F411RE.dir/Middlewares/Third_Party/FreeRTOS/Source/tasks.c.obj
 *fill*         0x08005d71        0x3 
 .rodata        0x08005d74        0xd CMakeFiles/Wearable_F411RE.dir/Middlewares/Third_Party/FreeRTOS/Source/timers.c.obj
 *(.rodata*)
 *fill*         0x08005d81        0x3 
 .rodata.AHBPrescTable
                0x08005d84       0x10 CMakeFiles/Wearable_F411RE.dir/Core/Src/system_stm32f4xx.c.obj
                0x08005d84                AHBPrescTable
 .rodata.APBPrescTable
                0x08005d94        0x8 CMakeFiles/Wearable_F411RE.dir/Core/Src/system_stm32f4xx.c.obj
                0x08005d94                APBPrescTable
                0x08005d9c                        . = ALIGN (0x4)

.ARM.extab
 *(.ARM.extab* .gnu.linkonce.armextab.*)

.ARM            0x08005d9c        0x8
                0x08005d9c                        __exidx_start = .
 *(.ARM.exidx*)
 .ARM.exidx.text.__udivmoddi4
                0x08005d9c        0x8 C:/PROGRA~2/ARMGNU~1/14EFD8~1.2RE/bin/../lib/gcc/arm-none-eabi/14.2.1/thumb/v7e-m+fp/hard\libgcc.a(_udivmoddi4.o)
                0x08005da4                        __exidx_end = .

.rel.dyn        0x08005da4        0x0
 .rel.iplt      0x08005da4        0x0 C:/PROGRA~2/ARMGNU~1/14EFD8~1.2RE/bin/../lib/gcc/arm-none-eabi/14.2.1/thumb/v7e-m+fp/hard/crtbegin.o

.preinit_array  0x08005da4        0x0
                0x08005da4                        PROVIDE (__preinit_array_start = .)
 *(.preinit_array*)
                0x08005da4                        PROVIDE (__preinit_array_end = .)

.init_array     0x08005da4        0x4
                0x08005da4                        PROVIDE (__init_array_start = .)
 *(SORT_BY_NAME(.init_array.*))
 *(.init_array*)
 .init_array    0x08005da4        0x4 C:/PROGRA~2/ARMGNU~1/14EFD8~1.2RE/bin/../lib/gcc/arm-none-eabi/14.2.1/thumb/v7e-m+fp/hard/crtbegin.o
                0x08005da8                        PROVIDE (__init_array_end = .)

.fini_array     0x08005da8        0x4
                [!provide]                        PROVIDE (__fini_array_start = .)
 *(SORT_BY_NAME(.fini_array.*))
 *(.fini_array*)
 .fini_array    0x08005da8        0x4 C:/PROGRA~2/ARMGNU~1/14EFD8~1.2RE/bin/../lib/gcc/arm-none-eabi/14.2.1/thumb/v7e-m+fp/hard/crtbegin.o
                [!provide]                        PROVIDE (__fini_array_end = .)
                0x08005dac                        _sidata = LOADADDR (.data)

.data           0x20000000       0x10 load address 0x08005dac
                0x20000000                        . = ALIGN (0x4)
                0x20000000                        _sdata = .
 *(.data)
 *(.data*)
 .data.uwTickPrio
                0x20000000        0x4 CMakeFiles/Wearable_F411RE.dir/Drivers/STM32F4xx_HAL_Driver/Src/stm32f4xx_hal.c.obj
                0x20000000                uwTickPrio
 .data.uwTickFreq
                0x20000004        0x1 CMakeFiles/Wearable_F411RE.dir/Drivers/STM32F4xx_HAL_Driver/Src/stm32f4xx_hal.c.obj
                0x20000004                uwTickFreq
 *fill*         0x20000005        0x3 
 .data.SystemCoreClock
                0x20000008        0x4 CMakeFiles/Wearable_F411RE.dir/Core/Src/system_stm32f4xx.c.obj
                0x20000008                SystemCoreClock
 .data.uxCriticalNesting
                0x2000000c        0x4 CMakeFiles/Wearable_F411RE.dir/Middlewares/Third_Party/FreeRTOS/Source/portable/GCC/ARM_CM4F/port.c.obj
                0x20000010                        . = ALIGN (0x4)
                0x20000010                        _edata = .

.tm_clone_table
                0x20000010        0x0 load address 0x08005dbc
 .tm_clone_table
                0x20000010        0x0 C:/PROGRA~2/ARMGNU~1/14EFD8~1.2RE/bin/../lib/gcc/arm-none-eabi/14.2.1/thumb/v7e-m+fp/hard/crtbegin.o
 .tm_clone_table
                0x20000010        0x0 C:/PROGRA~2/ARMGNU~1/14EFD8~1.2RE/bin/../lib/gcc/arm-none-eabi/14.2.1/thumb/v7e-m+fp/hard/crtend.o

.igot.plt       0x20000010        0x0 load address 0x08005dbc
 .igot.plt      0x20000010        0x0 C:/PROGRA~2/ARMGNU~1/14EFD8~1.2RE/bin/../lib/gcc/arm-none-eabi/14.2.1/thumb/v7e-m+fp/hard/crtbegin.o
                0x20000010                        . = ALIGN (0x4)

.bss            0x20000010     0x4b08 load address 0x08005dbc
                0x20000010                        _sbss = .
                0x20000010                        __bss_start__ = _sbss
 *(.bss)
 *(.bss*)
 .bss.completed.1
                0x20000010        0x1 C:/PROGRA~2/ARMGNU~1/14EFD8~1.2RE/bin/../lib/gcc/arm-none-eabi/14.2.1/thumb/v7e-m+fp/hard/crtbegin.o
 *fill*         0x20000011        0x3 
 .bss.object.0  0x20000014       0x18 C:/PROGRA~2/ARMGNU~1/14EFD8~1.2RE/bin/../lib/gcc/arm-none-eabi/14.2.1/thumb/v7e-m+fp/hard/crtbegin.o
 .bss.hi2c2     0x2000002c       0x54 CMakeFiles/Wearable_F411RE.dir/Core/Src/main.cpp.obj
                0x2000002c                hi2c2
 .bss.hspi3     0x20000080       0x58 CMakeFiles/Wearable_F411RE.dir/Core/Src/main.cpp.obj
                0x20000080                hspi3
 .bss.htim1     0x200000d8       0x48 CMakeFiles/Wearable_F411RE.dir/Core/Src/main.cpp.obj
                0x200000d8                htim1
 .bss.huart2    0x20000120       0x48 CMakeFiles/Wearable_F411RE.dir/Core/Src/main.cpp.obj
                0x20000120                huart2
 .bss.count     0x20000168        0x4 CMakeFiles/Wearable_F411RE.dir/Core/Src/main.cpp.obj
                0x20000168                count
 .bss.htim2     0x2000016c       0x48 CMakeFiles/Wearable_F411RE.dir/Core/Src/stm32f4xx_hal_timebase_tim.c.obj
                0x2000016c                htim2
 .bss.uwTick    0x200001b4        0x4 CMakeFiles/Wearable_F411RE.dir/Drivers/STM32F4xx_HAL_Driver/Src/stm32f4xx_hal.c.obj
                0x200001b4                uwTick
 .bss.xQueueRegistry
                0x200001b8       0x40 CMakeFiles/Wearable_F411RE.dir/Middlewares/Third_Party/FreeRTOS/Source/queue.c.obj
                0x200001b8                xQueueRegistry
 .bss.pxCurrentTCB
                0x200001f8        0x4 CMakeFiles/Wearable_F411RE.dir/Middlewares/Third_Party/FreeRTOS/Source/tasks.c.obj
                0x200001f8                pxCurrentTCB
 .bss.pxReadyTasksLists
                0x200001fc      0x460 CMakeFiles/Wearable_F411RE.dir/Middlewares/Third_Party/FreeRTOS/Source/tasks.c.obj
 .bss.xDelayedTaskList1
                0x2000065c       0x14 CMakeFiles/Wearable_F411RE.dir/Middlewares/Third_Party/FreeRTOS/Source/tasks.c.obj
 .bss.xDelayedTaskList2
                0x20000670       0x14 CMakeFiles/Wearable_F411RE.dir/Middlewares/Third_Party/FreeRTOS/Source/tasks.c.obj
 .bss.pxDelayedTaskList
                0x20000684        0x4 CMakeFiles/Wearable_F411RE.dir/Middlewares/Third_Party/FreeRTOS/Source/tasks.c.obj
 .bss.pxOverflowDelayedTaskList
                0x20000688        0x4 CMakeFiles/Wearable_F411RE.dir/Middlewares/Third_Party/FreeRTOS/Source/tasks.c.obj
 .bss.xPendingReadyList
                0x2000068c       0x14 CMakeFiles/Wearable_F411RE.dir/Middlewares/Third_Party/FreeRTOS/Source/tasks.c.obj
 .bss.xTasksWaitingTermination
                0x200006a0       0x14 CMakeFiles/Wearable_F411RE.dir/Middlewares/Third_Party/FreeRTOS/Source/tasks.c.obj
 .bss.uxDeletedTasksWaitingCleanUp
                0x200006b4        0x4 CMakeFiles/Wearable_F411RE.dir/Middlewares/Third_Party/FreeRTOS/Source/tasks.c.obj
 .bss.xSuspendedTaskList
                0x200006b8       0x14 CMakeFiles/Wearable_F411RE.dir/Middlewares/Third_Party/FreeRTOS/Source/tasks.c.obj
 .bss.uxCurrentNumberOfTasks
                0x200006cc        0x4 CMakeFiles/Wearable_F411RE.dir/Middlewares/Third_Party/FreeRTOS/Source/tasks.c.obj
 .bss.xTickCount
                0x200006d0        0x4 CMakeFiles/Wearable_F411RE.dir/Middlewares/Third_Party/FreeRTOS/Source/tasks.c.obj
 .bss.uxTopReadyPriority
                0x200006d4        0x4 CMakeFiles/Wearable_F411RE.dir/Middlewares/Third_Party/FreeRTOS/Source/tasks.c.obj
 .bss.xSchedulerRunning
                0x200006d8        0x4 CMakeFiles/Wearable_F411RE.dir/Middlewares/Third_Party/FreeRTOS/Source/tasks.c.obj
 .bss.xPendedTicks
                0x200006dc        0x4 CMakeFiles/Wearable_F411RE.dir/Middlewares/Third_Party/FreeRTOS/Source/tasks.c.obj
 .bss.xYieldPending
                0x200006e0        0x4 CMakeFiles/Wearable_F411RE.dir/Middlewares/Third_Party/FreeRTOS/Source/tasks.c.obj
 .bss.xNumOfOverflows
                0x200006e4        0x4 CMakeFiles/Wearable_F411RE.dir/Middlewares/Third_Party/FreeRTOS/Source/tasks.c.obj
 .bss.uxTaskNumber
                0x200006e8        0x4 CMakeFiles/Wearable_F411RE.dir/Middlewares/Third_Party/FreeRTOS/Source/tasks.c.obj
 .bss.xNextTaskUnblockTime
                0x200006ec        0x4 CMakeFiles/Wearable_F411RE.dir/Middlewares/Third_Party/FreeRTOS/Source/tasks.c.obj
 .bss.xIdleTaskHandle
                0x200006f0        0x4 CMakeFiles/Wearable_F411RE.dir/Middlewares/Third_Party/FreeRTOS/Source/tasks.c.obj
 .bss.uxSchedulerSuspended
                0x200006f4        0x4 CMakeFiles/Wearable_F411RE.dir/Middlewares/Third_Party/FreeRTOS/Source/tasks.c.obj
 .bss.ulTaskSwitchedInTime
                0x200006f8        0x4 CMakeFiles/Wearable_F411RE.dir/Middlewares/Third_Party/FreeRTOS/Source/tasks.c.obj
 .bss.ulTotalRunTime
                0x200006fc        0x4 CMakeFiles/Wearable_F411RE.dir/Middlewares/Third_Party/FreeRTOS/Source/tasks.c.obj
 .bss.xActiveTimerList1
                0x20000700       0x14 CMakeFiles/Wearable_F411RE.dir/Middlewares/Third_Party/FreeRTOS/Source/timers.c.obj
 .bss.xActiveTimerList2
                0x20000714       0x14 CMakeFiles/Wearable_F411RE.dir/Middlewares/Third_Party/FreeRTOS/Source/timers.c.obj
 .bss.pxCurrentTimerList
                0x20000728        0x4 CMakeFiles/Wearable_F411RE.dir/Middlewares/Third_Party/FreeRTOS/Source/timers.c.obj
 .bss.pxOverflowTimerList
                0x2000072c        0x4 CMakeFiles/Wearable_F411RE.dir/Middlewares/Third_Party/FreeRTOS/Source/timers.c.obj
 .bss.xTimerQueue
                0x20000730        0x4 CMakeFiles/Wearable_F411RE.dir/Middlewares/Third_Party/FreeRTOS/Source/timers.c.obj
 .bss.xTimerTaskHandle
                0x20000734        0x4 CMakeFiles/Wearable_F411RE.dir/Middlewares/Third_Party/FreeRTOS/Source/timers.c.obj
 .bss.xLastTime.2
                0x20000738        0x4 CMakeFiles/Wearable_F411RE.dir/Middlewares/Third_Party/FreeRTOS/Source/timers.c.obj
 .bss.ucStaticTimerQueueStorage.1
                0x2000073c       0xa0 CMakeFiles/Wearable_F411RE.dir/Middlewares/Third_Party/FreeRTOS/Source/timers.c.obj
 .bss.xStaticTimerQueue.0
                0x200007dc       0x50 CMakeFiles/Wearable_F411RE.dir/Middlewares/Third_Party/FreeRTOS/Source/timers.c.obj
 .bss.KernelState
                0x2000082c        0x4 CMakeFiles/Wearable_F411RE.dir/Middlewares/Third_Party/FreeRTOS/Source/CMSIS_RTOS_V2/cmsis_os2.c.obj
 .bss.Idle_TCB.3
                0x20000830       0x60 CMakeFiles/Wearable_F411RE.dir/Middlewares/Third_Party/FreeRTOS/Source/CMSIS_RTOS_V2/cmsis_os2.c.obj
 .bss.Idle_Stack.2
                0x20000890      0x200 CMakeFiles/Wearable_F411RE.dir/Middlewares/Third_Party/FreeRTOS/Source/CMSIS_RTOS_V2/cmsis_os2.c.obj
 .bss.Timer_TCB.1
                0x20000a90       0x60 CMakeFiles/Wearable_F411RE.dir/Middlewares/Third_Party/FreeRTOS/Source/CMSIS_RTOS_V2/cmsis_os2.c.obj
 .bss.Timer_Stack.0
                0x20000af0      0x400 CMakeFiles/Wearable_F411RE.dir/Middlewares/Third_Party/FreeRTOS/Source/CMSIS_RTOS_V2/cmsis_os2.c.obj
 .bss.ucHeap    0x20000ef0     0x3c00 CMakeFiles/Wearable_F411RE.dir/Middlewares/Third_Party/FreeRTOS/Source/portable/MemMang/heap_4.c.obj
 .bss.xStart    0x20004af0        0x8 CMakeFiles/Wearable_F411RE.dir/Middlewares/Third_Party/FreeRTOS/Source/portable/MemMang/heap_4.c.obj
 .bss.pxEnd     0x20004af8        0x4 CMakeFiles/Wearable_F411RE.dir/Middlewares/Third_Party/FreeRTOS/Source/portable/MemMang/heap_4.c.obj
 .bss.xFreeBytesRemaining
                0x20004afc        0x4 CMakeFiles/Wearable_F411RE.dir/Middlewares/Third_Party/FreeRTOS/Source/portable/MemMang/heap_4.c.obj
 .bss.xMinimumEverFreeBytesRemaining
                0x20004b00        0x4 CMakeFiles/Wearable_F411RE.dir/Middlewares/Third_Party/FreeRTOS/Source/portable/MemMang/heap_4.c.obj
 .bss.xNumberOfSuccessfulAllocations
                0x20004b04        0x4 CMakeFiles/Wearable_F411RE.dir/Middlewares/Third_Party/FreeRTOS/Source/portable/MemMang/heap_4.c.obj
 .bss.xNumberOfSuccessfulFrees
                0x20004b08        0x4 CMakeFiles/Wearable_F411RE.dir/Middlewares/Third_Party/FreeRTOS/Source/portable/MemMang/heap_4.c.obj
 .bss.xBlockAllocatedBit
                0x20004b0c        0x4 CMakeFiles/Wearable_F411RE.dir/Middlewares/Third_Party/FreeRTOS/Source/portable/MemMang/heap_4.c.obj
 .bss.ucMaxSysCallPriority
                0x20004b10        0x1 CMakeFiles/Wearable_F411RE.dir/Middlewares/Third_Party/FreeRTOS/Source/portable/GCC/ARM_CM4F/port.c.obj
 *fill*         0x20004b11        0x3 
 .bss.ulMaxPRIGROUPValue
                0x20004b14        0x4 CMakeFiles/Wearable_F411RE.dir/Middlewares/Third_Party/FreeRTOS/Source/portable/GCC/ARM_CM4F/port.c.obj
 *(COMMON)
                0x20004b18                        . = ALIGN (0x4)
                0x20004b18                        _ebss = .
                0x20004b18                        __bss_end__ = _ebss

._user_heap_stack
                0x20004b18      0x600 load address 0x08005dbc
                0x20004b18                        . = ALIGN (0x8)
                [!provide]                        PROVIDE (end = .)
                0x20004b18                        PROVIDE (_end = .)
                0x20004d18                        . = (. + _Min_Heap_Size)
 *fill*         0x20004b18      0x200 
                0x20005118                        . = (. + _Min_Stack_Size)
 *fill*         0x20004d18      0x400 
                0x20005118                        . = ALIGN (0x8)

/DISCARD/
 libc.a(*)
 libm.a(*)
 libgcc.a(*)

.ARM.attributes
                0x00000000       0x30
 *(.ARM.attributes)
 .ARM.attributes
                0x00000000       0x22 C:/PROGRA~2/ARMGNU~1/14EFD8~1.2RE/bin/../lib/gcc/arm-none-eabi/14.2.1/thumb/v7e-m+fp/hard/crti.o
 .ARM.attributes
                0x00000022       0x34 C:/PROGRA~2/ARMGNU~1/14EFD8~1.2RE/bin/../lib/gcc/arm-none-eabi/14.2.1/thumb/v7e-m+fp/hard/crtbegin.o
 .ARM.attributes
                0x00000056       0x34 CMakeFiles/Wearable_F411RE.dir/Core/Src/main.cpp.obj
 .ARM.attributes
                0x0000008a       0x34 CMakeFiles/Wearable_F411RE.dir/Core/Src/freertos.c.obj
 .ARM.attributes
                0x000000be       0x34 CMakeFiles/Wearable_F411RE.dir/Core/Src/stm32f4xx_it.c.obj
 .ARM.attributes
                0x000000f2       0x34 CMakeFiles/Wearable_F411RE.dir/Core/Src/stm32f4xx_hal_msp.c.obj
 .ARM.attributes
                0x00000126       0x34 CMakeFiles/Wearable_F411RE.dir/Core/Src/stm32f4xx_hal_timebase_tim.c.obj
 .ARM.attributes
                0x0000015a       0x34 CMakeFiles/Wearable_F411RE.dir/Drivers/STM32F4xx_HAL_Driver/Src/stm32f4xx_hal_rcc.c.obj
 .ARM.attributes
                0x0000018e       0x34 CMakeFiles/Wearable_F411RE.dir/Drivers/STM32F4xx_HAL_Driver/Src/stm32f4xx_hal_gpio.c.obj
 .ARM.attributes
                0x000001c2       0x34 CMakeFiles/Wearable_F411RE.dir/Drivers/STM32F4xx_HAL_Driver/Src/stm32f4xx_hal_cortex.c.obj
 .ARM.attributes
                0x000001f6       0x34 CMakeFiles/Wearable_F411RE.dir/Drivers/STM32F4xx_HAL_Driver/Src/stm32f4xx_hal.c.obj
 .ARM.attributes
                0x0000022a       0x34 CMakeFiles/Wearable_F411RE.dir/Drivers/STM32F4xx_HAL_Driver/Src/stm32f4xx_hal_i2c.c.obj
 .ARM.attributes
                0x0000025e       0x34 CMakeFiles/Wearable_F411RE.dir/Drivers/STM32F4xx_HAL_Driver/Src/stm32f4xx_hal_spi.c.obj
 .ARM.attributes
                0x00000292       0x34 CMakeFiles/Wearable_F411RE.dir/Drivers/STM32F4xx_HAL_Driver/Src/stm32f4xx_hal_tim.c.obj
 .ARM.attributes
                0x000002c6       0x34 CMakeFiles/Wearable_F411RE.dir/Drivers/STM32F4xx_HAL_Driver/Src/stm32f4xx_hal_tim_ex.c.obj
 .ARM.attributes
                0x000002fa       0x34 CMakeFiles/Wearable_F411RE.dir/Drivers/STM32F4xx_HAL_Driver/Src/stm32f4xx_hal_uart.c.obj
 .ARM.attributes
                0x0000032e       0x34 CMakeFiles/Wearable_F411RE.dir/Core/Src/system_stm32f4xx.c.obj
 .ARM.attributes
                0x00000362       0x34 CMakeFiles/Wearable_F411RE.dir/Middlewares/Third_Party/FreeRTOS/Source/list.c.obj
 .ARM.attributes
                0x00000396       0x34 CMakeFiles/Wearable_F411RE.dir/Middlewares/Third_Party/FreeRTOS/Source/queue.c.obj
 .ARM.attributes
                0x000003ca       0x34 CMakeFiles/Wearable_F411RE.dir/Middlewares/Third_Party/FreeRTOS/Source/tasks.c.obj
 .ARM.attributes
                0x000003fe       0x34 CMakeFiles/Wearable_F411RE.dir/Middlewares/Third_Party/FreeRTOS/Source/timers.c.obj
 .ARM.attributes
                0x00000432       0x34 CMakeFiles/Wearable_F411RE.dir/Middlewares/Third_Party/FreeRTOS/Source/CMSIS_RTOS_V2/cmsis_os2.c.obj
 .ARM.attributes
                0x00000466       0x34 CMakeFiles/Wearable_F411RE.dir/Middlewares/Third_Party/FreeRTOS/Source/portable/MemMang/heap_4.c.obj
 .ARM.attributes
                0x0000049a       0x34 CMakeFiles/Wearable_F411RE.dir/Middlewares/Third_Party/FreeRTOS/Source/portable/GCC/ARM_CM4F/port.c.obj
 .ARM.attributes
                0x000004ce       0x21 CMakeFiles/Wearable_F411RE.dir/startup_stm32f411xe.s.obj
 .ARM.attributes
                0x000004ef       0x34 C:/PROGRA~2/ARMGNU~1/14EFD8~1.2RE/bin/../lib/gcc/arm-none-eabi/14.2.1/thumb/v7e-m+fp/hard\libc_nano.a(libc_a-memset.o)
 .ARM.attributes
                0x00000523       0x34 C:/PROGRA~2/ARMGNU~1/14EFD8~1.2RE/bin/../lib/gcc/arm-none-eabi/14.2.1/thumb/v7e-m+fp/hard\libc_nano.a(libc_a-init.o)
 .ARM.attributes
                0x00000557       0x34 C:/PROGRA~2/ARMGNU~1/14EFD8~1.2RE/bin/../lib/gcc/arm-none-eabi/14.2.1/thumb/v7e-m+fp/hard\libc_nano.a(libc_a-memcpy-stub.o)
 .ARM.attributes
                0x0000058b       0x22 C:/PROGRA~2/ARMGNU~1/14EFD8~1.2RE/bin/../lib/gcc/arm-none-eabi/14.2.1/thumb/v7e-m+fp/hard\libgcc.a(_aeabi_uldivmod.o)
 .ARM.attributes
                0x000005ad       0x34 C:/PROGRA~2/ARMGNU~1/14EFD8~1.2RE/bin/../lib/gcc/arm-none-eabi/14.2.1/thumb/v7e-m+fp/hard\libgcc.a(_udivmoddi4.o)
 .ARM.attributes
                0x000005e1       0x22 C:/PROGRA~2/ARMGNU~1/14EFD8~1.2RE/bin/../lib/gcc/arm-none-eabi/14.2.1/thumb/v7e-m+fp/hard\libgcc.a(_dvmd_tls.o)
 .ARM.attributes
                0x00000603       0x34 C:/PROGRA~2/ARMGNU~1/14EFD8~1.2RE/bin/../lib/gcc/arm-none-eabi/14.2.1/thumb/v7e-m+fp/hard/crtend.o
 .ARM.attributes
                0x00000637       0x22 C:/PROGRA~2/ARMGNU~1/14EFD8~1.2RE/bin/../lib/gcc/arm-none-eabi/14.2.1/thumb/v7e-m+fp/hard/crtn.o
OUTPUT(Wearable_F411RE.elf elf32-littlearm)
LOAD linker stubs
LOAD C:/PROGRA~2/ARMGNU~1/14EFD8~1.2RE/bin/../lib/gcc/arm-none-eabi/14.2.1/thumb/v7e-m+fp/hard\libc.a
LOAD C:/PROGRA~2/ARMGNU~1/14EFD8~1.2RE/bin/../lib/gcc/arm-none-eabi/14.2.1/thumb/v7e-m+fp/hard\libm.a
LOAD C:/PROGRA~2/ARMGNU~1/14EFD8~1.2RE/bin/../lib/gcc/arm-none-eabi/14.2.1/thumb/v7e-m+fp/hard\libgcc.a

.debug_info     0x00000000    0x1c580
 .debug_info    0x00000000     0x2d3b CMakeFiles/Wearable_F411RE.dir/Core/Src/main.cpp.obj
 .debug_info    0x00002d3b       0x91 CMakeFiles/Wearable_F411RE.dir/Core/Src/freertos.c.obj
 .debug_info    0x00002dcc      0x6dc CMakeFiles/Wearable_F411RE.dir/Core/Src/stm32f4xx_it.c.obj
 .debug_info    0x000034a8     0x14d2 CMakeFiles/Wearable_F411RE.dir/Core/Src/stm32f4xx_hal_msp.c.obj
 .debug_info    0x0000497a      0xb83 CMakeFiles/Wearable_F411RE.dir/Core/Src/stm32f4xx_hal_timebase_tim.c.obj
 .debug_info    0x000054fd      0x8f0 CMakeFiles/Wearable_F411RE.dir/Drivers/STM32F4xx_HAL_Driver/Src/stm32f4xx_hal_rcc.c.obj
 .debug_info    0x00005ded      0x6f9 CMakeFiles/Wearable_F411RE.dir/Drivers/STM32F4xx_HAL_Driver/Src/stm32f4xx_hal_gpio.c.obj
 .debug_info    0x000064e6      0xcfc CMakeFiles/Wearable_F411RE.dir/Drivers/STM32F4xx_HAL_Driver/Src/stm32f4xx_hal_cortex.c.obj
 .debug_info    0x000071e2      0x8c4 CMakeFiles/Wearable_F411RE.dir/Drivers/STM32F4xx_HAL_Driver/Src/stm32f4xx_hal.c.obj
 .debug_info    0x00007aa6     0x2426 CMakeFiles/Wearable_F411RE.dir/Drivers/STM32F4xx_HAL_Driver/Src/stm32f4xx_hal_i2c.c.obj
 .debug_info    0x00009ecc     0x1530 CMakeFiles/Wearable_F411RE.dir/Drivers/STM32F4xx_HAL_Driver/Src/stm32f4xx_hal_spi.c.obj
 .debug_info    0x0000b3fc     0x2996 CMakeFiles/Wearable_F411RE.dir/Drivers/STM32F4xx_HAL_Driver/Src/stm32f4xx_hal_tim.c.obj
 .debug_info    0x0000dd92     0x14d4 CMakeFiles/Wearable_F411RE.dir/Drivers/STM32F4xx_HAL_Driver/Src/stm32f4xx_hal_tim_ex.c.obj
 .debug_info    0x0000f266     0x2f56 CMakeFiles/Wearable_F411RE.dir/Drivers/STM32F4xx_HAL_Driver/Src/stm32f4xx_hal_uart.c.obj
 .debug_info    0x000121bc      0x53e CMakeFiles/Wearable_F411RE.dir/Core/Src/system_stm32f4xx.c.obj
 .debug_info    0x000126fa      0x2af CMakeFiles/Wearable_F411RE.dir/Middlewares/Third_Party/FreeRTOS/Source/list.c.obj
 .debug_info    0x000129a9     0x1b79 CMakeFiles/Wearable_F411RE.dir/Middlewares/Third_Party/FreeRTOS/Source/queue.c.obj
 .debug_info    0x00014522     0x27cb CMakeFiles/Wearable_F411RE.dir/Middlewares/Third_Party/FreeRTOS/Source/tasks.c.obj
 .debug_info    0x00016ced     0x1495 CMakeFiles/Wearable_F411RE.dir/Middlewares/Third_Party/FreeRTOS/Source/timers.c.obj
 .debug_info    0x00018182     0x39fe CMakeFiles/Wearable_F411RE.dir/Middlewares/Third_Party/FreeRTOS/Source/CMSIS_RTOS_V2/cmsis_os2.c.obj
 .debug_info    0x0001bb80      0x4d5 CMakeFiles/Wearable_F411RE.dir/Middlewares/Third_Party/FreeRTOS/Source/portable/MemMang/heap_4.c.obj
 .debug_info    0x0001c055      0x4fb CMakeFiles/Wearable_F411RE.dir/Middlewares/Third_Party/FreeRTOS/Source/portable/GCC/ARM_CM4F/port.c.obj
 .debug_info    0x0001c550       0x30 CMakeFiles/Wearable_F411RE.dir/startup_stm32f411xe.s.obj

.debug_abbrev   0x00000000     0x39e0
 .debug_abbrev  0x00000000      0x55b CMakeFiles/Wearable_F411RE.dir/Core/Src/main.cpp.obj
 .debug_abbrev  0x0000055b       0x45 CMakeFiles/Wearable_F411RE.dir/Core/Src/freertos.c.obj
 .debug_abbrev  0x000005a0      0x1a7 CMakeFiles/Wearable_F411RE.dir/Core/Src/stm32f4xx_it.c.obj
 .debug_abbrev  0x00000747      0x23a CMakeFiles/Wearable_F411RE.dir/Core/Src/stm32f4xx_hal_msp.c.obj
 .debug_abbrev  0x00000981      0x207 CMakeFiles/Wearable_F411RE.dir/Core/Src/stm32f4xx_hal_timebase_tim.c.obj
 .debug_abbrev  0x00000b88      0x2b6 CMakeFiles/Wearable_F411RE.dir/Drivers/STM32F4xx_HAL_Driver/Src/stm32f4xx_hal_rcc.c.obj
 .debug_abbrev  0x00000e3e      0x1d3 CMakeFiles/Wearable_F411RE.dir/Drivers/STM32F4xx_HAL_Driver/Src/stm32f4xx_hal_gpio.c.obj
 .debug_abbrev  0x00001011      0x31d CMakeFiles/Wearable_F411RE.dir/Drivers/STM32F4xx_HAL_Driver/Src/stm32f4xx_hal_cortex.c.obj
 .debug_abbrev  0x0000132e      0x24b CMakeFiles/Wearable_F411RE.dir/Drivers/STM32F4xx_HAL_Driver/Src/stm32f4xx_hal.c.obj
 .debug_abbrev  0x00001579      0x2bc CMakeFiles/Wearable_F411RE.dir/Drivers/STM32F4xx_HAL_Driver/Src/stm32f4xx_hal_i2c.c.obj
 .debug_abbrev  0x00001835      0x276 CMakeFiles/Wearable_F411RE.dir/Drivers/STM32F4xx_HAL_Driver/Src/stm32f4xx_hal_spi.c.obj
 .debug_abbrev  0x00001aab      0x28b CMakeFiles/Wearable_F411RE.dir/Drivers/STM32F4xx_HAL_Driver/Src/stm32f4xx_hal_tim.c.obj
 .debug_abbrev  0x00001d36      0x296 CMakeFiles/Wearable_F411RE.dir/Drivers/STM32F4xx_HAL_Driver/Src/stm32f4xx_hal_tim_ex.c.obj
 .debug_abbrev  0x00001fcc      0x31b CMakeFiles/Wearable_F411RE.dir/Drivers/STM32F4xx_HAL_Driver/Src/stm32f4xx_hal_uart.c.obj
 .debug_abbrev  0x000022e7      0x11a CMakeFiles/Wearable_F411RE.dir/Core/Src/system_stm32f4xx.c.obj
 .debug_abbrev  0x00002401       0xf5 CMakeFiles/Wearable_F411RE.dir/Middlewares/Third_Party/FreeRTOS/Source/list.c.obj
 .debug_abbrev  0x000024f6      0x3b6 CMakeFiles/Wearable_F411RE.dir/Middlewares/Third_Party/FreeRTOS/Source/queue.c.obj
 .debug_abbrev  0x000028ac      0x40c CMakeFiles/Wearable_F411RE.dir/Middlewares/Third_Party/FreeRTOS/Source/tasks.c.obj
 .debug_abbrev  0x00002cb8      0x352 CMakeFiles/Wearable_F411RE.dir/Middlewares/Third_Party/FreeRTOS/Source/timers.c.obj
 .debug_abbrev  0x0000300a      0x539 CMakeFiles/Wearable_F411RE.dir/Middlewares/Third_Party/FreeRTOS/Source/CMSIS_RTOS_V2/cmsis_os2.c.obj
 .debug_abbrev  0x00003543      0x21d CMakeFiles/Wearable_F411RE.dir/Middlewares/Third_Party/FreeRTOS/Source/portable/MemMang/heap_4.c.obj
 .debug_abbrev  0x00003760      0x25c CMakeFiles/Wearable_F411RE.dir/Middlewares/Third_Party/FreeRTOS/Source/portable/GCC/ARM_CM4F/port.c.obj
 .debug_abbrev  0x000039bc       0x24 CMakeFiles/Wearable_F411RE.dir/startup_stm32f411xe.s.obj

.debug_aranges  0x00000000     0x18a0
 .debug_aranges
                0x00000000       0x70 CMakeFiles/Wearable_F411RE.dir/Core/Src/main.cpp.obj
 .debug_aranges
                0x00000070       0x20 CMakeFiles/Wearable_F411RE.dir/Core/Src/freertos.c.obj
 .debug_aranges
                0x00000090       0x58 CMakeFiles/Wearable_F411RE.dir/Core/Src/stm32f4xx_it.c.obj
 .debug_aranges
                0x000000e8       0x60 CMakeFiles/Wearable_F411RE.dir/Core/Src/stm32f4xx_hal_msp.c.obj
 .debug_aranges
                0x00000148       0x30 CMakeFiles/Wearable_F411RE.dir/Core/Src/stm32f4xx_hal_timebase_tim.c.obj
 .debug_aranges
                0x00000178       0x88 CMakeFiles/Wearable_F411RE.dir/Drivers/STM32F4xx_HAL_Driver/Src/stm32f4xx_hal_rcc.c.obj
 .debug_aranges
                0x00000200       0x58 CMakeFiles/Wearable_F411RE.dir/Drivers/STM32F4xx_HAL_Driver/Src/stm32f4xx_hal_gpio.c.obj
 .debug_aranges
                0x00000258      0x130 CMakeFiles/Wearable_F411RE.dir/Drivers/STM32F4xx_HAL_Driver/Src/stm32f4xx_hal_cortex.c.obj
 .debug_aranges
                0x00000388       0xf0 CMakeFiles/Wearable_F411RE.dir/Drivers/STM32F4xx_HAL_Driver/Src/stm32f4xx_hal.c.obj
 .debug_aranges
                0x00000478      0x2a8 CMakeFiles/Wearable_F411RE.dir/Drivers/STM32F4xx_HAL_Driver/Src/stm32f4xx_hal_i2c.c.obj
 .debug_aranges
                0x00000720      0x1d0 CMakeFiles/Wearable_F411RE.dir/Drivers/STM32F4xx_HAL_Driver/Src/stm32f4xx_hal_spi.c.obj
 .debug_aranges
                0x000008f0      0x3d0 CMakeFiles/Wearable_F411RE.dir/Drivers/STM32F4xx_HAL_Driver/Src/stm32f4xx_hal_tim.c.obj
 .debug_aranges
                0x00000cc0      0x168 CMakeFiles/Wearable_F411RE.dir/Drivers/STM32F4xx_HAL_Driver/Src/stm32f4xx_hal_tim_ex.c.obj
 .debug_aranges
                0x00000e28      0x208 CMakeFiles/Wearable_F411RE.dir/Drivers/STM32F4xx_HAL_Driver/Src/stm32f4xx_hal_uart.c.obj
 .debug_aranges
                0x00001030       0x28 CMakeFiles/Wearable_F411RE.dir/Core/Src/system_stm32f4xx.c.obj
 .debug_aranges
                0x00001058       0x40 CMakeFiles/Wearable_F411RE.dir/Middlewares/Third_Party/FreeRTOS/Source/list.c.obj
 .debug_aranges
                0x00001098      0x158 CMakeFiles/Wearable_F411RE.dir/Middlewares/Third_Party/FreeRTOS/Source/queue.c.obj
 .debug_aranges
                0x000011f0      0x208 CMakeFiles/Wearable_F411RE.dir/Middlewares/Third_Party/FreeRTOS/Source/tasks.c.obj
 .debug_aranges
                0x000013f8       0xf0 CMakeFiles/Wearable_F411RE.dir/Middlewares/Third_Party/FreeRTOS/Source/timers.c.obj
 .debug_aranges
                0x000014e8      0x2b8 CMakeFiles/Wearable_F411RE.dir/Middlewares/Third_Party/FreeRTOS/Source/CMSIS_RTOS_V2/cmsis_os2.c.obj
 .debug_aranges
                0x000017a0       0x58 CMakeFiles/Wearable_F411RE.dir/Middlewares/Third_Party/FreeRTOS/Source/portable/MemMang/heap_4.c.obj
 .debug_aranges
                0x000017f8       0x80 CMakeFiles/Wearable_F411RE.dir/Middlewares/Third_Party/FreeRTOS/Source/portable/GCC/ARM_CM4F/port.c.obj
 .debug_aranges
                0x00001878       0x28 CMakeFiles/Wearable_F411RE.dir/startup_stm32f411xe.s.obj

.debug_rnglists
                0x00000000     0x1358
 .debug_rnglists
                0x00000000       0x52 CMakeFiles/Wearable_F411RE.dir/Core/Src/main.cpp.obj
 .debug_rnglists
                0x00000052       0x13 CMakeFiles/Wearable_F411RE.dir/Core/Src/freertos.c.obj
 .debug_rnglists
                0x00000065       0x3d CMakeFiles/Wearable_F411RE.dir/Core/Src/stm32f4xx_it.c.obj
 .debug_rnglists
                0x000000a2       0x46 CMakeFiles/Wearable_F411RE.dir/Core/Src/stm32f4xx_hal_msp.c.obj
 .debug_rnglists
                0x000000e8       0x20 CMakeFiles/Wearable_F411RE.dir/Core/Src/stm32f4xx_hal_timebase_tim.c.obj
 .debug_rnglists
                0x00000108       0x66 CMakeFiles/Wearable_F411RE.dir/Drivers/STM32F4xx_HAL_Driver/Src/stm32f4xx_hal_rcc.c.obj
 .debug_rnglists
                0x0000016e       0x3f CMakeFiles/Wearable_F411RE.dir/Drivers/STM32F4xx_HAL_Driver/Src/stm32f4xx_hal_gpio.c.obj
 .debug_rnglists
                0x000001ad       0xe0 CMakeFiles/Wearable_F411RE.dir/Drivers/STM32F4xx_HAL_Driver/Src/stm32f4xx_hal_cortex.c.obj
 .debug_rnglists
                0x0000028d       0xaf CMakeFiles/Wearable_F411RE.dir/Drivers/STM32F4xx_HAL_Driver/Src/stm32f4xx_hal.c.obj
 .debug_rnglists
                0x0000033c      0x23c CMakeFiles/Wearable_F411RE.dir/Drivers/STM32F4xx_HAL_Driver/Src/stm32f4xx_hal_i2c.c.obj
 .debug_rnglists
                0x00000578      0x16f CMakeFiles/Wearable_F411RE.dir/Drivers/STM32F4xx_HAL_Driver/Src/stm32f4xx_hal_spi.c.obj
 .debug_rnglists
                0x000006e7      0x31a CMakeFiles/Wearable_F411RE.dir/Drivers/STM32F4xx_HAL_Driver/Src/stm32f4xx_hal_tim.c.obj
 .debug_rnglists
                0x00000a01      0x125 CMakeFiles/Wearable_F411RE.dir/Drivers/STM32F4xx_HAL_Driver/Src/stm32f4xx_hal_tim_ex.c.obj
 .debug_rnglists
                0x00000b26      0x1bc CMakeFiles/Wearable_F411RE.dir/Drivers/STM32F4xx_HAL_Driver/Src/stm32f4xx_hal_uart.c.obj
 .debug_rnglists
                0x00000ce2       0x1a CMakeFiles/Wearable_F411RE.dir/Core/Src/system_stm32f4xx.c.obj
 .debug_rnglists
                0x00000cfc       0x2b CMakeFiles/Wearable_F411RE.dir/Middlewares/Third_Party/FreeRTOS/Source/list.c.obj
 .debug_rnglists
                0x00000d27      0x109 CMakeFiles/Wearable_F411RE.dir/Middlewares/Third_Party/FreeRTOS/Source/queue.c.obj
 .debug_rnglists
                0x00000e30      0x1a0 CMakeFiles/Wearable_F411RE.dir/Middlewares/Third_Party/FreeRTOS/Source/tasks.c.obj
 .debug_rnglists
                0x00000fd0       0xb8 CMakeFiles/Wearable_F411RE.dir/Middlewares/Third_Party/FreeRTOS/Source/timers.c.obj
 .debug_rnglists
                0x00001088      0x218 CMakeFiles/Wearable_F411RE.dir/Middlewares/Third_Party/FreeRTOS/Source/CMSIS_RTOS_V2/cmsis_os2.c.obj
 .debug_rnglists
                0x000012a0       0x42 CMakeFiles/Wearable_F411RE.dir/Middlewares/Third_Party/FreeRTOS/Source/portable/MemMang/heap_4.c.obj
 .debug_rnglists
                0x000012e2       0x5d CMakeFiles/Wearable_F411RE.dir/Middlewares/Third_Party/FreeRTOS/Source/portable/GCC/ARM_CM4F/port.c.obj
 .debug_rnglists
                0x0000133f       0x19 CMakeFiles/Wearable_F411RE.dir/startup_stm32f411xe.s.obj

.debug_macro    0x00000000    0x224cc
 .debug_macro   0x00000000      0x890 CMakeFiles/Wearable_F411RE.dir/Core/Src/main.cpp.obj
 .debug_macro   0x00000890      0xc76 CMakeFiles/Wearable_F411RE.dir/Core/Src/main.cpp.obj
 .debug_macro   0x00001506      0x2a7 CMakeFiles/Wearable_F411RE.dir/Core/Src/main.cpp.obj
 .debug_macro   0x000017ad       0x2e CMakeFiles/Wearable_F411RE.dir/Core/Src/main.cpp.obj
 .debug_macro   0x000017db       0x28 CMakeFiles/Wearable_F411RE.dir/Core/Src/main.cpp.obj
 .debug_macro   0x00001803       0x1c CMakeFiles/Wearable_F411RE.dir/Core/Src/main.cpp.obj
 .debug_macro   0x0000181f       0x22 CMakeFiles/Wearable_F411RE.dir/Core/Src/main.cpp.obj
 .debug_macro   0x00001841       0x8e CMakeFiles/Wearable_F411RE.dir/Core/Src/main.cpp.obj
 .debug_macro   0x000018cf       0x51 CMakeFiles/Wearable_F411RE.dir/Core/Src/main.cpp.obj
 .debug_macro   0x00001920      0x103 CMakeFiles/Wearable_F411RE.dir/Core/Src/main.cpp.obj
 .debug_macro   0x00001a23       0x6a CMakeFiles/Wearable_F411RE.dir/Core/Src/main.cpp.obj
 .debug_macro   0x00001a8d      0x1df CMakeFiles/Wearable_F411RE.dir/Core/Src/main.cpp.obj
 .debug_macro   0x00001c6c       0x1c CMakeFiles/Wearable_F411RE.dir/Core/Src/main.cpp.obj
 .debug_macro   0x00001c88       0x22 CMakeFiles/Wearable_F411RE.dir/Core/Src/main.cpp.obj
 .debug_macro   0x00001caa       0xfb CMakeFiles/Wearable_F411RE.dir/Core/Src/main.cpp.obj
 .debug_macro   0x00001da5     0x1011 CMakeFiles/Wearable_F411RE.dir/Core/Src/main.cpp.obj
 .debug_macro   0x00002db6      0x11f CMakeFiles/Wearable_F411RE.dir/Core/Src/main.cpp.obj
 .debug_macro   0x00002ed5     0xb953 CMakeFiles/Wearable_F411RE.dir/Core/Src/main.cpp.obj
 .debug_macro   0x0000e828       0x6d CMakeFiles/Wearable_F411RE.dir/Core/Src/main.cpp.obj
 .debug_macro   0x0000e895     0x369a CMakeFiles/Wearable_F411RE.dir/Core/Src/main.cpp.obj
 .debug_macro   0x00011f2f      0x197 CMakeFiles/Wearable_F411RE.dir/Core/Src/main.cpp.obj
 .debug_macro   0x000120c6       0x5c CMakeFiles/Wearable_F411RE.dir/Core/Src/main.cpp.obj
 .debug_macro   0x00012122      0x45c CMakeFiles/Wearable_F411RE.dir/Core/Src/main.cpp.obj
 .debug_macro   0x0001257e      0x9e9 CMakeFiles/Wearable_F411RE.dir/Core/Src/main.cpp.obj
 .debug_macro   0x00012f67      0x115 CMakeFiles/Wearable_F411RE.dir/Core/Src/main.cpp.obj
 .debug_macro   0x0001307c      0x11b CMakeFiles/Wearable_F411RE.dir/Core/Src/main.cpp.obj
 .debug_macro   0x00013197       0xa5 CMakeFiles/Wearable_F411RE.dir/Core/Src/main.cpp.obj
 .debug_macro   0x0001323c      0x15f CMakeFiles/Wearable_F411RE.dir/Core/Src/main.cpp.obj
 .debug_macro   0x0001339b      0x287 CMakeFiles/Wearable_F411RE.dir/Core/Src/main.cpp.obj
 .debug_macro   0x00013622       0x5f CMakeFiles/Wearable_F411RE.dir/Core/Src/main.cpp.obj
 .debug_macro   0x00013681      0x236 CMakeFiles/Wearable_F411RE.dir/Core/Src/main.cpp.obj
 .debug_macro   0x000138b7      0x132 CMakeFiles/Wearable_F411RE.dir/Core/Src/main.cpp.obj
 .debug_macro   0x000139e9      0x264 CMakeFiles/Wearable_F411RE.dir/Core/Src/main.cpp.obj
 .debug_macro   0x00013c4d       0x2e CMakeFiles/Wearable_F411RE.dir/Core/Src/main.cpp.obj
 .debug_macro   0x00013c7b      0x1b5 CMakeFiles/Wearable_F411RE.dir/Core/Src/main.cpp.obj
 .debug_macro   0x00013e30       0x22 CMakeFiles/Wearable_F411RE.dir/Core/Src/main.cpp.obj
 .debug_macro   0x00013e52       0xd6 CMakeFiles/Wearable_F411RE.dir/Core/Src/main.cpp.obj
 .debug_macro   0x00013f28      0x127 CMakeFiles/Wearable_F411RE.dir/Core/Src/main.cpp.obj
 .debug_macro   0x0001404f       0x85 CMakeFiles/Wearable_F411RE.dir/Core/Src/main.cpp.obj
 .debug_macro   0x000140d4       0x89 CMakeFiles/Wearable_F411RE.dir/Core/Src/main.cpp.obj
 .debug_macro   0x0001415d      0x225 CMakeFiles/Wearable_F411RE.dir/Core/Src/main.cpp.obj
 .debug_macro   0x00014382      0x8ed CMakeFiles/Wearable_F411RE.dir/Core/Src/main.cpp.obj
 .debug_macro   0x00014c6f       0x47 CMakeFiles/Wearable_F411RE.dir/Core/Src/main.cpp.obj
 .debug_macro   0x00014cb6      0x2aa CMakeFiles/Wearable_F411RE.dir/Core/Src/main.cpp.obj
 .debug_macro   0x00014f60      0x126 CMakeFiles/Wearable_F411RE.dir/Core/Src/main.cpp.obj
 .debug_macro   0x00015086       0x70 CMakeFiles/Wearable_F411RE.dir/Core/Src/main.cpp.obj
 .debug_macro   0x000150f6      0x176 CMakeFiles/Wearable_F411RE.dir/Core/Src/main.cpp.obj
 .debug_macro   0x0001526c      0x15a CMakeFiles/Wearable_F411RE.dir/Core/Src/main.cpp.obj
 .debug_macro   0x000153c6       0xc9 CMakeFiles/Wearable_F411RE.dir/Core/Src/main.cpp.obj
 .debug_macro   0x0001548f       0x1c CMakeFiles/Wearable_F411RE.dir/Core/Src/main.cpp.obj
 .debug_macro   0x000154ab       0x26 CMakeFiles/Wearable_F411RE.dir/Core/Src/main.cpp.obj
 .debug_macro   0x000154d1      0x4b7 CMakeFiles/Wearable_F411RE.dir/Core/Src/main.cpp.obj
 .debug_macro   0x00015988       0xb5 CMakeFiles/Wearable_F411RE.dir/Core/Src/main.cpp.obj
 .debug_macro   0x00015a3d       0xaa CMakeFiles/Wearable_F411RE.dir/Core/Src/main.cpp.obj
 .debug_macro   0x00015ae7       0x66 CMakeFiles/Wearable_F411RE.dir/Core/Src/main.cpp.obj
 .debug_macro   0x00015b4d       0x74 CMakeFiles/Wearable_F411RE.dir/Core/Src/main.cpp.obj
 .debug_macro   0x00015bc1       0xdd CMakeFiles/Wearable_F411RE.dir/Core/Src/main.cpp.obj
 .debug_macro   0x00015c9e       0x52 CMakeFiles/Wearable_F411RE.dir/Core/Src/main.cpp.obj
 .debug_macro   0x00015cf0       0x7b CMakeFiles/Wearable_F411RE.dir/Core/Src/main.cpp.obj
 .debug_macro   0x00015d6b       0x2a CMakeFiles/Wearable_F411RE.dir/Core/Src/main.cpp.obj
 .debug_macro   0x00015d95       0x3c CMakeFiles/Wearable_F411RE.dir/Core/Src/main.cpp.obj
 .debug_macro   0x00015dd1       0x34 CMakeFiles/Wearable_F411RE.dir/Core/Src/main.cpp.obj
 .debug_macro   0x00015e05       0x16 CMakeFiles/Wearable_F411RE.dir/Core/Src/main.cpp.obj
 .debug_macro   0x00015e1b       0x3c CMakeFiles/Wearable_F411RE.dir/Core/Src/main.cpp.obj
 .debug_macro   0x00015e57      0x380 CMakeFiles/Wearable_F411RE.dir/Core/Src/main.cpp.obj
 .debug_macro   0x000161d7       0x10 CMakeFiles/Wearable_F411RE.dir/Core/Src/main.cpp.obj
 .debug_macro   0x000161e7       0x16 CMakeFiles/Wearable_F411RE.dir/Core/Src/main.cpp.obj
 .debug_macro   0x000161fd       0x4a CMakeFiles/Wearable_F411RE.dir/Core/Src/main.cpp.obj
 .debug_macro   0x00016247       0x34 CMakeFiles/Wearable_F411RE.dir/Core/Src/main.cpp.obj
 .debug_macro   0x0001627b       0x10 CMakeFiles/Wearable_F411RE.dir/Core/Src/main.cpp.obj
 .debug_macro   0x0001628b       0x58 CMakeFiles/Wearable_F411RE.dir/Core/Src/main.cpp.obj
 .debug_macro   0x000162e3      0x1e5 CMakeFiles/Wearable_F411RE.dir/Core/Src/main.cpp.obj
 .debug_macro   0x000164c8       0x16 CMakeFiles/Wearable_F411RE.dir/Core/Src/main.cpp.obj
 .debug_macro   0x000164de       0x16 CMakeFiles/Wearable_F411RE.dir/Core/Src/main.cpp.obj
 .debug_macro   0x000164f4      0x138 CMakeFiles/Wearable_F411RE.dir/Core/Src/main.cpp.obj
 .debug_macro   0x0001662c      0x14c CMakeFiles/Wearable_F411RE.dir/Core/Src/main.cpp.obj
 .debug_macro   0x00016778      0x2f7 CMakeFiles/Wearable_F411RE.dir/Core/Src/main.cpp.obj
 .debug_macro   0x00016a6f      0x1f2 CMakeFiles/Wearable_F411RE.dir/Core/Src/main.cpp.obj
 .debug_macro   0x00016c61       0x10 CMakeFiles/Wearable_F411RE.dir/Core/Src/main.cpp.obj
 .debug_macro   0x00016c71       0xcf CMakeFiles/Wearable_F411RE.dir/Core/Src/main.cpp.obj
 .debug_macro   0x00016d40       0xed CMakeFiles/Wearable_F411RE.dir/Core/Src/main.cpp.obj
 .debug_macro   0x00016e2d      0x45d CMakeFiles/Wearable_F411RE.dir/Core/Src/main.cpp.obj
 .debug_macro   0x0001728a       0x10 CMakeFiles/Wearable_F411RE.dir/Core/Src/main.cpp.obj
 .debug_macro   0x0001729a       0x16 CMakeFiles/Wearable_F411RE.dir/Core/Src/main.cpp.obj
 .debug_macro   0x000172b0       0x16 CMakeFiles/Wearable_F411RE.dir/Core/Src/main.cpp.obj
 .debug_macro   0x000172c6       0x29 CMakeFiles/Wearable_F411RE.dir/Core/Src/main.cpp.obj
 .debug_macro   0x000172ef       0x1c CMakeFiles/Wearable_F411RE.dir/Core/Src/main.cpp.obj
 .debug_macro   0x0001730b       0xde CMakeFiles/Wearable_F411RE.dir/Core/Src/main.cpp.obj
 .debug_macro   0x000173e9       0x34 CMakeFiles/Wearable_F411RE.dir/Core/Src/main.cpp.obj
 .debug_macro   0x0001741d       0x3a CMakeFiles/Wearable_F411RE.dir/Core/Src/main.cpp.obj
 .debug_macro   0x00017457       0x1c CMakeFiles/Wearable_F411RE.dir/Core/Src/main.cpp.obj
 .debug_macro   0x00017473      0xaec CMakeFiles/Wearable_F411RE.dir/Core/Src/main.cpp.obj
 .debug_macro   0x00017f5f       0x16 CMakeFiles/Wearable_F411RE.dir/Core/Src/main.cpp.obj
 .debug_macro   0x00017f75       0x1c CMakeFiles/Wearable_F411RE.dir/Core/Src/main.cpp.obj
 .debug_macro   0x00017f91      0x995 CMakeFiles/Wearable_F411RE.dir/Core/Src/main.cpp.obj
 .debug_macro   0x00018926       0x10 CMakeFiles/Wearable_F411RE.dir/Core/Src/main.cpp.obj
 .debug_macro   0x00018936       0x10 CMakeFiles/Wearable_F411RE.dir/Core/Src/main.cpp.obj
 .debug_macro   0x00018946      0xdf5 CMakeFiles/Wearable_F411RE.dir/Core/Src/main.cpp.obj
 .debug_macro   0x0001973b      0x361 CMakeFiles/Wearable_F411RE.dir/Core/Src/main.cpp.obj
 .debug_macro   0x00019a9c      0x9c6 CMakeFiles/Wearable_F411RE.dir/Core/Src/main.cpp.obj
 .debug_macro   0x0001a462      0xaf9 CMakeFiles/Wearable_F411RE.dir/Core/Src/main.cpp.obj
 .debug_macro   0x0001af5b      0x1a2 CMakeFiles/Wearable_F411RE.dir/Core/Src/main.cpp.obj
 .debug_macro   0x0001b0fd       0x16 CMakeFiles/Wearable_F411RE.dir/Core/Src/main.cpp.obj
 .debug_macro   0x0001b113       0x16 CMakeFiles/Wearable_F411RE.dir/Core/Src/main.cpp.obj
 .debug_macro   0x0001b129      0xbcb CMakeFiles/Wearable_F411RE.dir/Core/Src/main.cpp.obj
 .debug_macro   0x0001bcf4      0x130 CMakeFiles/Wearable_F411RE.dir/Core/Src/main.cpp.obj
 .debug_macro   0x0001be24      0x16c CMakeFiles/Wearable_F411RE.dir/Core/Src/main.cpp.obj
 .debug_macro   0x0001bf90      0x7a7 CMakeFiles/Wearable_F411RE.dir/Core/Src/main.cpp.obj
 .debug_macro   0x0001c737       0x16 CMakeFiles/Wearable_F411RE.dir/Core/Src/main.cpp.obj
 .debug_macro   0x0001c74d       0x16 CMakeFiles/Wearable_F411RE.dir/Core/Src/main.cpp.obj
 .debug_macro   0x0001c763       0x16 CMakeFiles/Wearable_F411RE.dir/Core/Src/main.cpp.obj
 .debug_macro   0x0001c779      0x106 CMakeFiles/Wearable_F411RE.dir/Core/Src/main.cpp.obj
 .debug_macro   0x0001c87f       0x10 CMakeFiles/Wearable_F411RE.dir/Core/Src/main.cpp.obj
 .debug_macro   0x0001c88f       0x34 CMakeFiles/Wearable_F411RE.dir/Core/Src/main.cpp.obj
 .debug_macro   0x0001c8c3       0x94 CMakeFiles/Wearable_F411RE.dir/Core/Src/main.cpp.obj
 .debug_macro   0x0001c957       0x7c CMakeFiles/Wearable_F411RE.dir/Core/Src/main.cpp.obj
 .debug_macro   0x0001c9d3       0xca CMakeFiles/Wearable_F411RE.dir/Core/Src/main.cpp.obj
 .debug_macro   0x0001ca9d       0x2e CMakeFiles/Wearable_F411RE.dir/Core/Src/main.cpp.obj
 .debug_macro   0x0001cacb      0x3fe CMakeFiles/Wearable_F411RE.dir/Core/Src/main.cpp.obj
 .debug_macro   0x0001cec9      0x272 CMakeFiles/Wearable_F411RE.dir/Core/Src/freertos.c.obj
 .debug_macro   0x0001d13b      0xad8 CMakeFiles/Wearable_F411RE.dir/Core/Src/freertos.c.obj
 .debug_macro   0x0001dc13      0x190 CMakeFiles/Wearable_F411RE.dir/Core/Src/freertos.c.obj
 .debug_macro   0x0001dda3       0x8e CMakeFiles/Wearable_F411RE.dir/Core/Src/freertos.c.obj
 .debug_macro   0x0001de31     0x1011 CMakeFiles/Wearable_F411RE.dir/Core/Src/freertos.c.obj
 .debug_macro   0x0001ee42      0x20a CMakeFiles/Wearable_F411RE.dir/Core/Src/stm32f4xx_it.c.obj
 .debug_macro   0x0001f04c      0x200 CMakeFiles/Wearable_F411RE.dir/Core/Src/stm32f4xx_hal_msp.c.obj
 .debug_macro   0x0001f24c      0x1f1 CMakeFiles/Wearable_F411RE.dir/Core/Src/stm32f4xx_hal_timebase_tim.c.obj
 .debug_macro   0x0001f43d      0x215 CMakeFiles/Wearable_F411RE.dir/Drivers/STM32F4xx_HAL_Driver/Src/stm32f4xx_hal_rcc.c.obj
 .debug_macro   0x0001f652      0x1f7 CMakeFiles/Wearable_F411RE.dir/Drivers/STM32F4xx_HAL_Driver/Src/stm32f4xx_hal_gpio.c.obj
 .debug_macro   0x0001f849      0x1f1 CMakeFiles/Wearable_F411RE.dir/Drivers/STM32F4xx_HAL_Driver/Src/stm32f4xx_hal_cortex.c.obj
 .debug_macro   0x0001fa3a      0x251 CMakeFiles/Wearable_F411RE.dir/Drivers/STM32F4xx_HAL_Driver/Src/stm32f4xx_hal.c.obj
 .debug_macro   0x0001fc8b      0x23f CMakeFiles/Wearable_F411RE.dir/Drivers/STM32F4xx_HAL_Driver/Src/stm32f4xx_hal_i2c.c.obj
 .debug_macro   0x0001feca      0x200 CMakeFiles/Wearable_F411RE.dir/Drivers/STM32F4xx_HAL_Driver/Src/stm32f4xx_hal_spi.c.obj
 .debug_macro   0x000200ca      0x1f2 CMakeFiles/Wearable_F411RE.dir/Drivers/STM32F4xx_HAL_Driver/Src/stm32f4xx_hal_tim.c.obj
 .debug_macro   0x000202bc      0x1f1 CMakeFiles/Wearable_F411RE.dir/Drivers/STM32F4xx_HAL_Driver/Src/stm32f4xx_hal_tim_ex.c.obj
 .debug_macro   0x000204ad      0x1f2 CMakeFiles/Wearable_F411RE.dir/Drivers/STM32F4xx_HAL_Driver/Src/stm32f4xx_hal_uart.c.obj
 .debug_macro   0x0002069f      0x1f1 CMakeFiles/Wearable_F411RE.dir/Core/Src/system_stm32f4xx.c.obj
 .debug_macro   0x00020890      0x316 CMakeFiles/Wearable_F411RE.dir/Middlewares/Third_Party/FreeRTOS/Source/list.c.obj
 .debug_macro   0x00020ba6      0x3a0 CMakeFiles/Wearable_F411RE.dir/Middlewares/Third_Party/FreeRTOS/Source/queue.c.obj
 .debug_macro   0x00020f46       0x3c CMakeFiles/Wearable_F411RE.dir/Middlewares/Third_Party/FreeRTOS/Source/queue.c.obj
 .debug_macro   0x00020f82       0x87 CMakeFiles/Wearable_F411RE.dir/Middlewares/Third_Party/FreeRTOS/Source/queue.c.obj
 .debug_macro   0x00021009      0x409 CMakeFiles/Wearable_F411RE.dir/Middlewares/Third_Party/FreeRTOS/Source/tasks.c.obj
 .debug_macro   0x00021412       0x10 CMakeFiles/Wearable_F411RE.dir/Middlewares/Third_Party/FreeRTOS/Source/tasks.c.obj
 .debug_macro   0x00021422      0x36b CMakeFiles/Wearable_F411RE.dir/Middlewares/Third_Party/FreeRTOS/Source/timers.c.obj
 .debug_macro   0x0002178d       0x97 CMakeFiles/Wearable_F411RE.dir/Middlewares/Third_Party/FreeRTOS/Source/timers.c.obj
 .debug_macro   0x00021824      0x3e9 CMakeFiles/Wearable_F411RE.dir/Middlewares/Third_Party/FreeRTOS/Source/CMSIS_RTOS_V2/cmsis_os2.c.obj
 .debug_macro   0x00021c0d       0x10 CMakeFiles/Wearable_F411RE.dir/Middlewares/Third_Party/FreeRTOS/Source/CMSIS_RTOS_V2/cmsis_os2.c.obj
 .debug_macro   0x00021c1d       0xf5 CMakeFiles/Wearable_F411RE.dir/Middlewares/Third_Party/FreeRTOS/Source/CMSIS_RTOS_V2/cmsis_os2.c.obj
 .debug_macro   0x00021d12       0x8d CMakeFiles/Wearable_F411RE.dir/Middlewares/Third_Party/FreeRTOS/Source/CMSIS_RTOS_V2/cmsis_os2.c.obj
 .debug_macro   0x00021d9f       0x9a CMakeFiles/Wearable_F411RE.dir/Middlewares/Third_Party/FreeRTOS/Source/CMSIS_RTOS_V2/cmsis_os2.c.obj
 .debug_macro   0x00021e39       0x22 CMakeFiles/Wearable_F411RE.dir/Middlewares/Third_Party/FreeRTOS/Source/CMSIS_RTOS_V2/cmsis_os2.c.obj
 .debug_macro   0x00021e5b      0x33d CMakeFiles/Wearable_F411RE.dir/Middlewares/Third_Party/FreeRTOS/Source/portable/MemMang/heap_4.c.obj
 .debug_macro   0x00022198      0x334 CMakeFiles/Wearable_F411RE.dir/Middlewares/Third_Party/FreeRTOS/Source/portable/GCC/ARM_CM4F/port.c.obj

.debug_line     0x00000000    0x1addc
 .debug_line    0x00000000     0x15da CMakeFiles/Wearable_F411RE.dir/Core/Src/main.cpp.obj
 .debug_line    0x000015da      0x719 CMakeFiles/Wearable_F411RE.dir/Core/Src/freertos.c.obj
 .debug_line    0x00001cf3      0x688 CMakeFiles/Wearable_F411RE.dir/Core/Src/stm32f4xx_it.c.obj
 .debug_line    0x0000237b      0x719 CMakeFiles/Wearable_F411RE.dir/Core/Src/stm32f4xx_hal_msp.c.obj
 .debug_line    0x00002a94      0x667 CMakeFiles/Wearable_F411RE.dir/Core/Src/stm32f4xx_hal_timebase_tim.c.obj
 .debug_line    0x000030fb      0xce8 CMakeFiles/Wearable_F411RE.dir/Drivers/STM32F4xx_HAL_Driver/Src/stm32f4xx_hal_rcc.c.obj
 .debug_line    0x00003de3      0x9f5 CMakeFiles/Wearable_F411RE.dir/Drivers/STM32F4xx_HAL_Driver/Src/stm32f4xx_hal_gpio.c.obj
 .debug_line    0x000047d8      0xba9 CMakeFiles/Wearable_F411RE.dir/Drivers/STM32F4xx_HAL_Driver/Src/stm32f4xx_hal_cortex.c.obj
 .debug_line    0x00005381      0x8d9 CMakeFiles/Wearable_F411RE.dir/Drivers/STM32F4xx_HAL_Driver/Src/stm32f4xx_hal.c.obj
 .debug_line    0x00005c5a     0x398b CMakeFiles/Wearable_F411RE.dir/Drivers/STM32F4xx_HAL_Driver/Src/stm32f4xx_hal_i2c.c.obj
 .debug_line    0x000095e5     0x1b6e CMakeFiles/Wearable_F411RE.dir/Drivers/STM32F4xx_HAL_Driver/Src/stm32f4xx_hal_spi.c.obj
 .debug_line    0x0000b153     0x3420 CMakeFiles/Wearable_F411RE.dir/Drivers/STM32F4xx_HAL_Driver/Src/stm32f4xx_hal_tim.c.obj
 .debug_line    0x0000e573     0x17d4 CMakeFiles/Wearable_F411RE.dir/Drivers/STM32F4xx_HAL_Driver/Src/stm32f4xx_hal_tim_ex.c.obj
 .debug_line    0x0000fd47     0x23e8 CMakeFiles/Wearable_F411RE.dir/Drivers/STM32F4xx_HAL_Driver/Src/stm32f4xx_hal_uart.c.obj
 .debug_line    0x0001212f      0x66c CMakeFiles/Wearable_F411RE.dir/Core/Src/system_stm32f4xx.c.obj
 .debug_line    0x0001279b      0x8b8 CMakeFiles/Wearable_F411RE.dir/Middlewares/Third_Party/FreeRTOS/Source/list.c.obj
 .debug_line    0x00013053     0x1829 CMakeFiles/Wearable_F411RE.dir/Middlewares/Third_Party/FreeRTOS/Source/queue.c.obj
 .debug_line    0x0001487c     0x1dd7 CMakeFiles/Wearable_F411RE.dir/Middlewares/Third_Party/FreeRTOS/Source/tasks.c.obj
 .debug_line    0x00016653      0xef8 CMakeFiles/Wearable_F411RE.dir/Middlewares/Third_Party/FreeRTOS/Source/timers.c.obj
 .debug_line    0x0001754b     0x234b CMakeFiles/Wearable_F411RE.dir/Middlewares/Third_Party/FreeRTOS/Source/CMSIS_RTOS_V2/cmsis_os2.c.obj
 .debug_line    0x00019896      0xacf CMakeFiles/Wearable_F411RE.dir/Middlewares/Third_Party/FreeRTOS/Source/portable/MemMang/heap_4.c.obj
 .debug_line    0x0001a365      0x9fd CMakeFiles/Wearable_F411RE.dir/Middlewares/Third_Party/FreeRTOS/Source/portable/GCC/ARM_CM4F/port.c.obj
 .debug_line    0x0001ad62       0x7a CMakeFiles/Wearable_F411RE.dir/startup_stm32f411xe.s.obj

.debug_str      0x00000000    0xc7907
 .debug_str     0x00000000    0xc7907 CMakeFiles/Wearable_F411RE.dir/Core/Src/main.cpp.obj
                              0xbe804 (size before relaxing)
 .debug_str     0x000c7907    0x8de2e CMakeFiles/Wearable_F411RE.dir/Core/Src/freertos.c.obj
 .debug_str     0x000c7907    0x8a633 CMakeFiles/Wearable_F411RE.dir/Core/Src/stm32f4xx_it.c.obj
 .debug_str     0x000c7907    0x8b183 CMakeFiles/Wearable_F411RE.dir/Core/Src/stm32f4xx_hal_msp.c.obj
 .debug_str     0x000c7907    0x8aa27 CMakeFiles/Wearable_F411RE.dir/Core/Src/stm32f4xx_hal_timebase_tim.c.obj
 .debug_str     0x000c7907    0x8a4bc CMakeFiles/Wearable_F411RE.dir/Drivers/STM32F4xx_HAL_Driver/Src/stm32f4xx_hal_rcc.c.obj
 .debug_str     0x000c7907    0x8a203 CMakeFiles/Wearable_F411RE.dir/Drivers/STM32F4xx_HAL_Driver/Src/stm32f4xx_hal_gpio.c.obj
 .debug_str     0x000c7907    0x8a81e CMakeFiles/Wearable_F411RE.dir/Drivers/STM32F4xx_HAL_Driver/Src/stm32f4xx_hal_cortex.c.obj
 .debug_str     0x000c7907    0x8aab4 CMakeFiles/Wearable_F411RE.dir/Drivers/STM32F4xx_HAL_Driver/Src/stm32f4xx_hal.c.obj
 .debug_str     0x000c7907    0x8b099 CMakeFiles/Wearable_F411RE.dir/Drivers/STM32F4xx_HAL_Driver/Src/stm32f4xx_hal_i2c.c.obj
 .debug_str     0x000c7907    0x8a934 CMakeFiles/Wearable_F411RE.dir/Drivers/STM32F4xx_HAL_Driver/Src/stm32f4xx_hal_spi.c.obj
 .debug_str     0x000c7907    0x8b400 CMakeFiles/Wearable_F411RE.dir/Drivers/STM32F4xx_HAL_Driver/Src/stm32f4xx_hal_tim.c.obj
 .debug_str     0x000c7907    0x8ac0c CMakeFiles/Wearable_F411RE.dir/Drivers/STM32F4xx_HAL_Driver/Src/stm32f4xx_hal_tim_ex.c.obj
 .debug_str     0x000c7907    0x8aa8b CMakeFiles/Wearable_F411RE.dir/Drivers/STM32F4xx_HAL_Driver/Src/stm32f4xx_hal_uart.c.obj
 .debug_str     0x000c7907    0x8a088 CMakeFiles/Wearable_F411RE.dir/Core/Src/system_stm32f4xx.c.obj
 .debug_str     0x000c7907    0x90515 CMakeFiles/Wearable_F411RE.dir/Middlewares/Third_Party/FreeRTOS/Source/list.c.obj
 .debug_str     0x000c7907    0x92005 CMakeFiles/Wearable_F411RE.dir/Middlewares/Third_Party/FreeRTOS/Source/queue.c.obj
 .debug_str     0x000c7907    0x9302c CMakeFiles/Wearable_F411RE.dir/Middlewares/Third_Party/FreeRTOS/Source/tasks.c.obj
 .debug_str     0x000c7907    0x92591 CMakeFiles/Wearable_F411RE.dir/Middlewares/Third_Party/FreeRTOS/Source/timers.c.obj
 .debug_str     0x000c7907    0x94730 CMakeFiles/Wearable_F411RE.dir/Middlewares/Third_Party/FreeRTOS/Source/CMSIS_RTOS_V2/cmsis_os2.c.obj
 .debug_str     0x000c7907    0x90e57 CMakeFiles/Wearable_F411RE.dir/Middlewares/Third_Party/FreeRTOS/Source/portable/MemMang/heap_4.c.obj
 .debug_str     0x000c7907    0x8e736 CMakeFiles/Wearable_F411RE.dir/Middlewares/Third_Party/FreeRTOS/Source/portable/GCC/ARM_CM4F/port.c.obj
 .debug_str     0x000c7907       0x80 CMakeFiles/Wearable_F411RE.dir/startup_stm32f411xe.s.obj

.comment        0x00000000       0x45
 .comment       0x00000000       0x45 CMakeFiles/Wearable_F411RE.dir/Core/Src/main.cpp.obj
                                 0x46 (size before relaxing)
 .comment       0x00000045       0x46 CMakeFiles/Wearable_F411RE.dir/Core/Src/freertos.c.obj
 .comment       0x00000045       0x46 CMakeFiles/Wearable_F411RE.dir/Core/Src/stm32f4xx_it.c.obj
 .comment       0x00000045       0x46 CMakeFiles/Wearable_F411RE.dir/Core/Src/stm32f4xx_hal_msp.c.obj
 .comment       0x00000045       0x46 CMakeFiles/Wearable_F411RE.dir/Core/Src/stm32f4xx_hal_timebase_tim.c.obj
 .comment       0x00000045       0x46 CMakeFiles/Wearable_F411RE.dir/Drivers/STM32F4xx_HAL_Driver/Src/stm32f4xx_hal_rcc.c.obj
 .comment       0x00000045       0x46 CMakeFiles/Wearable_F411RE.dir/Drivers/STM32F4xx_HAL_Driver/Src/stm32f4xx_hal_gpio.c.obj
 .comment       0x00000045       0x46 CMakeFiles/Wearable_F411RE.dir/Drivers/STM32F4xx_HAL_Driver/Src/stm32f4xx_hal_cortex.c.obj