Archive member included to satisfy reference by file (symbol)

C:/PROGRA~2/ARMGNU~1/14EFD8~1.2RE/bin/../lib/gcc/arm-none-eabi/14.2.1/thumb/v7e-m+fp/hard\libc_nano.a(libc_a-exit.o)
                              C:/PROGRA~2/ARMGNU~1/14EFD8~1.2RE/bin/../lib/gcc/arm-none-eabi/14.2.1/thumb/v7e-m+fp/hard/crt0.o (exit)
C:/PROGRA~2/ARMGNU~1/14EFD8~1.2RE/bin/../lib/gcc/arm-none-eabi/14.2.1/thumb/v7e-m+fp/hard\libc_nano.a(libc_a-findfp.o)
                              C:/PROGRA~2/ARMGNU~1/14EFD8~1.2RE/bin/../lib/gcc/arm-none-eabi/14.2.1/thumb/v7e-m+fp/hard\libc_nano.a(libc_a-exit.o) (__stdio_exit_handler)
C:/PROGRA~2/ARMGNU~1/14EFD8~1.2RE/bin/../lib/gcc/arm-none-eabi/14.2.1/thumb/v7e-m+fp/hard\libc_nano.a(libc_a-fwalk.o)
                              C:/PROGRA~2/ARMGNU~1/14EFD8~1.2RE/bin/../lib/gcc/arm-none-eabi/14.2.1/thumb/v7e-m+fp/hard\libc_nano.a(libc_a-findfp.o) (_fwalk_sglue)
C:/PROGRA~2/ARMGNU~1/14EFD8~1.2RE/bin/../lib/gcc/arm-none-eabi/14.2.1/thumb/v7e-m+fp/hard\libc_nano.a(libc_a-stdio.o)
                              C:/PROGRA~2/ARMGNU~1/14EFD8~1.2RE/bin/../lib/gcc/arm-none-eabi/14.2.1/thumb/v7e-m+fp/hard\libc_nano.a(libc_a-findfp.o) (__sread)
C:/PROGRA~2/ARMGNU~1/14EFD8~1.2RE/bin/../lib/gcc/arm-none-eabi/14.2.1/thumb/v7e-m+fp/hard\libc_nano.a(libc_a-memset.o)
                              C:/PROGRA~2/ARMGNU~1/14EFD8~1.2RE/bin/../lib/gcc/arm-none-eabi/14.2.1/thumb/v7e-m+fp/hard/crt0.o (memset)
C:/PROGRA~2/ARMGNU~1/14EFD8~1.2RE/bin/../lib/gcc/arm-none-eabi/14.2.1/thumb/v7e-m+fp/hard\libc_nano.a(libc_a-closer.o)
                              C:/PROGRA~2/ARMGNU~1/14EFD8~1.2RE/bin/../lib/gcc/arm-none-eabi/14.2.1/thumb/v7e-m+fp/hard\libc_nano.a(libc_a-stdio.o) (_close_r)
C:/PROGRA~2/ARMGNU~1/14EFD8~1.2RE/bin/../lib/gcc/arm-none-eabi/14.2.1/thumb/v7e-m+fp/hard\libc_nano.a(libc_a-reent.o)
                              C:/PROGRA~2/ARMGNU~1/14EFD8~1.2RE/bin/../lib/gcc/arm-none-eabi/14.2.1/thumb/v7e-m+fp/hard\libc_nano.a(libc_a-closer.o) (errno)
C:/PROGRA~2/ARMGNU~1/14EFD8~1.2RE/bin/../lib/gcc/arm-none-eabi/14.2.1/thumb/v7e-m+fp/hard\libc_nano.a(libc_a-impure.o)
                              C:/PROGRA~2/ARMGNU~1/14EFD8~1.2RE/bin/../lib/gcc/arm-none-eabi/14.2.1/thumb/v7e-m+fp/hard\libc_nano.a(libc_a-reent.o) (_impure_ptr)
C:/PROGRA~2/ARMGNU~1/14EFD8~1.2RE/bin/../lib/gcc/arm-none-eabi/14.2.1/thumb/v7e-m+fp/hard\libc_nano.a(libc_a-lseekr.o)
                              C:/PROGRA~2/ARMGNU~1/14EFD8~1.2RE/bin/../lib/gcc/arm-none-eabi/14.2.1/thumb/v7e-m+fp/hard\libc_nano.a(libc_a-stdio.o) (_lseek_r)
C:/PROGRA~2/ARMGNU~1/14EFD8~1.2RE/bin/../lib/gcc/arm-none-eabi/14.2.1/thumb/v7e-m+fp/hard\libc_nano.a(libc_a-readr.o)
                              C:/PROGRA~2/ARMGNU~1/14EFD8~1.2RE/bin/../lib/gcc/arm-none-eabi/14.2.1/thumb/v7e-m+fp/hard\libc_nano.a(libc_a-stdio.o) (_read_r)
C:/PROGRA~2/ARMGNU~1/14EFD8~1.2RE/bin/../lib/gcc/arm-none-eabi/14.2.1/thumb/v7e-m+fp/hard\libc_nano.a(libc_a-writer.o)
                              C:/PROGRA~2/ARMGNU~1/14EFD8~1.2RE/bin/../lib/gcc/arm-none-eabi/14.2.1/thumb/v7e-m+fp/hard\libc_nano.a(libc_a-stdio.o) (_write_r)
C:/PROGRA~2/ARMGNU~1/14EFD8~1.2RE/bin/../lib/gcc/arm-none-eabi/14.2.1/thumb/v7e-m+fp/hard\libc_nano.a(libc_a-errno.o)
                              CMakeFiles/Wearable_F411RE.dir/Core/Src/sysmem.c.obj (__errno)
C:/PROGRA~2/ARMGNU~1/14EFD8~1.2RE/bin/../lib/gcc/arm-none-eabi/14.2.1/thumb/v7e-m+fp/hard\libc_nano.a(libc_a-init.o)
                              C:/PROGRA~2/ARMGNU~1/14EFD8~1.2RE/bin/../lib/gcc/arm-none-eabi/14.2.1/thumb/v7e-m+fp/hard/crt0.o (__libc_init_array)
C:/PROGRA~2/ARMGNU~1/14EFD8~1.2RE/bin/../lib/gcc/arm-none-eabi/14.2.1/thumb/v7e-m+fp/hard\libc_nano.a(libc_a-lock.o)
                              C:/PROGRA~2/ARMGNU~1/14EFD8~1.2RE/bin/../lib/gcc/arm-none-eabi/14.2.1/thumb/v7e-m+fp/hard\libc_nano.a(libc_a-findfp.o) (__retarget_lock_init_recursive)
C:/PROGRA~2/ARMGNU~1/14EFD8~1.2RE/bin/../lib/gcc/arm-none-eabi/14.2.1/thumb/v7e-m+fp/hard\libc_nano.a(libc_a-freer.o)
                              C:/PROGRA~2/ARMGNU~1/14EFD8~1.2RE/bin/../lib/gcc/arm-none-eabi/14.2.1/thumb/v7e-m+fp/hard\libc_nano.a(libc_a-reent.o) (_free_r)
C:/PROGRA~2/ARMGNU~1/14EFD8~1.2RE/bin/../lib/gcc/arm-none-eabi/14.2.1/thumb/v7e-m+fp/hard\libc_nano.a(libc_a-mallocr.o)
                              C:/PROGRA~2/ARMGNU~1/14EFD8~1.2RE/bin/../lib/gcc/arm-none-eabi/14.2.1/thumb/v7e-m+fp/hard\libc_nano.a(libc_a-findfp.o) (_malloc_r)
C:/PROGRA~2/ARMGNU~1/14EFD8~1.2RE/bin/../lib/gcc/arm-none-eabi/14.2.1/thumb/v7e-m+fp/hard\libc_nano.a(libc_a-mlock.o)
                              C:/PROGRA~2/ARMGNU~1/14EFD8~1.2RE/bin/../lib/gcc/arm-none-eabi/14.2.1/thumb/v7e-m+fp/hard\libc_nano.a(libc_a-freer.o) (__malloc_lock)
C:/PROGRA~2/ARMGNU~1/14EFD8~1.2RE/bin/../lib/gcc/arm-none-eabi/14.2.1/thumb/v7e-m+fp/hard\libc_nano.a(libc_a-fflush.o)
                              C:/PROGRA~2/ARMGNU~1/14EFD8~1.2RE/bin/../lib/gcc/arm-none-eabi/14.2.1/thumb/v7e-m+fp/hard\libc_nano.a(libc_a-findfp.o) (_fflush_r)
[...]
Memory Configuration

Name             Origin             Length             Attributes
RAM              0x20000000         0x00020000         xrw
FLASH            0x08000000         0x00080000         xr
*default*        0x00000000         0xffffffff

Linker script and memory map

LOAD C:/PROGRA~2/ARMGNU~1/14EFD8~1.2RE/bin/../lib/gcc/arm-none-eabi/14.2.1/thumb/v7e-m+fp/hard/crti.o
LOAD C:/PROGRA~2/ARMGNU~1/14EFD8~1.2RE/bin/../lib/gcc/arm-none-eabi/14.2.1/thumb/v7e-m+fp/hard/crtbegin.o
LOAD C:/PROGRA~2/ARMGNU~1/14EFD8~1.2RE/bin/../lib/gcc/arm-none-eabi/14.2.1/thumb/v7e-m+fp/hard/crt0.o
START GROUP
END GROUP
START GROUP
LOAD C:/PROGRA~2/ARMGNU~1/14EFD8~1.2RE/bin/../lib/gcc/arm-none-eabi/14.2.1/thumb/v7e-m+fp/hard\libstdc++_nano.a
LOAD C:/PROGRA~2/ARMGNU~1/14EFD8~1.2RE/bin/../lib/gcc/arm-none-eabi/14.2.1/thumb/v7e-m+fp/hard\libsupc++_nano.a
END GROUP
LOAD CMakeFiles/Wearable_F411RE.dir/Core/Src/main.cpp.obj
LOAD CMakeFiles/Wearable_F411RE.dir/Core/Src/stm32f4xx_it.c.obj
LOAD CMakeFiles/Wearable_F411RE.dir/Core/Src/stm32f4xx_hal_msp.c.obj
LOAD CMakeFiles/Wearable_F411RE.dir/Core/Src/stm32f4xx_hal_timebase_tim.c.obj
LOAD CMakeFiles/Wearable_F411RE.dir/Drivers/STM32F4xx_HAL_Driver/Src/stm32f4xx_hal_i2c.c.obj
LOAD CMakeFiles/Wearable_F411RE.dir/Drivers/STM32F4xx_HAL_Driver/Src/stm32f4xx_hal_i2c_ex.c.obj
LOAD CMakeFiles/Wearable_F411RE.dir/Drivers/STM32F4xx_HAL_Driver/Src/stm32f4xx_hal_rcc.c.obj
LOAD CMakeFiles/Wearable_F411RE.dir/Drivers/STM32F4xx_HAL_Driver/Src/stm32f4xx_hal_rcc_ex.c.obj
LOAD CMakeFiles/Wearable_F411RE.dir/Drivers/STM32F4xx_HAL_Driver/Src/stm32f4xx_hal_flash.c.obj
LOAD CMakeFiles/Wearable_F411RE.dir/Drivers/STM32F4xx_HAL_Driver/Src/stm32f4xx_hal_flash_ex.c.obj
LOAD CMakeFiles/Wearable_F411RE.dir/Drivers/STM32F4xx_HAL_Driver/Src/stm32f4xx_hal_flash_ramfunc.c.obj
LOAD CMakeFiles/Wearable_F411RE.dir/Drivers/STM32F4xx_HAL_Driver/Src/stm32f4xx_hal_gpio.c.obj
LOAD CMakeFiles/Wearable_F411RE.dir/Drivers/STM32F4xx_HAL_Driver/Src/stm32f4xx_hal_dma_ex.c.obj
LOAD CMakeFiles/Wearable_F411RE.dir/Drivers/STM32F4xx_HAL_Driver/Src/stm32f4xx_hal_dma.c.obj
LOAD CMakeFiles/Wearable_F411RE.dir/Drivers/STM32F4xx_HAL_Driver/Src/stm32f4xx_hal_pwr.c.obj
LOAD CMakeFiles/Wearable_F411RE.dir/Drivers/STM32F4xx_HAL_Driver/Src/stm32f4xx_hal_pwr_ex.c.obj
LOAD CMakeFiles/Wearable_F411RE.dir/Drivers/STM32F4xx_HAL_Driver/Src/stm32f4xx_hal_cortex.c.obj
LOAD CMakeFiles/Wearable_F411RE.dir/Drivers/STM32F4xx_HAL_Driver/Src/stm32f4xx_hal.c.obj
LOAD CMakeFiles/Wearable_F411RE.dir/Drivers/STM32F4xx_HAL_Driver/Src/stm32f4xx_hal_exti.c.obj
LOAD CMakeFiles/Wearable_F411RE.dir/Drivers/STM32F4xx_HAL_Driver/Src/stm32f4xx_hal_spi.c.obj
LOAD CMakeFiles/Wearable_F411RE.dir/Drivers/STM32F4xx_HAL_Driver/Src/stm32f4xx_hal_tim.c.obj
LOAD CMakeFiles/Wearable_F411RE.dir/Drivers/STM32F4xx_HAL_Driver/Src/stm32f4xx_hal_tim_ex.c.obj
LOAD CMakeFiles/Wearable_F411RE.dir/Drivers/STM32F4xx_HAL_Driver/Src/stm32f4xx_hal_uart.c.obj
LOAD CMakeFiles/Wearable_F411RE.dir/Core/Src/system_stm32f4xx.c.obj
LOAD CMakeFiles/Wearable_F411RE.dir/Core/Src/sysmem.c.obj
LOAD CMakeFiles/Wearable_F411RE.dir/Core/Src/syscalls.c.obj
LOAD CMakeFiles/Wearable_F411RE.dir/startup_stm32f411xe.s.obj
LOAD RadioLib/libRadioLib.a
LOAD FreeRTOS/libfreertos_kernel.a
LOAD C:/PROGRA~2/ARMGNU~1/14EFD8~1.2RE/bin/../lib/gcc/arm-none-eabi/14.2.1/thumb/v7e-m+fp/hard\libstdc++_nano.a
LOAD C:/PROGRA~2/ARMGNU~1/14EFD8~1.2RE/bin/../lib/gcc/arm-none-eabi/14.2.1/thumb/v7e-m+fp/hard\libm.a
LOAD C:/PROGRA~2/ARMGNU~1/14EFD8~1.2RE/bin/../lib/gcc/arm-none-eabi/14.2.1/thumb/v7e-m+fp/hard\libc_nano.a
START GROUP
LOAD C:/PROGRA~2/ARMGNU~1/14EFD8~1.2RE/bin/../lib/gcc/arm-none-eabi/14.2.1/thumb/v7e-m+fp/hard\libgcc.a
LOAD C:/PROGRA~2/ARMGNU~1/14EFD8~1.2RE/bin/../lib/gcc/arm-none-eabi/14.2.1/thumb/v7e-m+fp/hard\libg_nano.a
LOAD C:/PROGRA~2/ARMGNU~1/14EFD8~1.2RE/bin/../lib/gcc/arm-none-eabi/14.2.1/thumb/v7e-m+fp/hard\libc_nano.a
END GROUP
START GROUP
LOAD C:/PROGRA~2/ARMGNU~1/14EFD8~1.2RE/bin/../lib/gcc/arm-none-eabi/14.2.1/thumb/v7e-m+fp/hard\libgcc.a
LOAD C:/PROGRA~2/ARMGNU~1/14EFD8~1.2RE/bin/../lib/gcc/arm-none-eabi/14.2.1/thumb/v7e-m+fp/hard\libc_nano.a
END GROUP
LOAD C:/PROGRA~2/ARMGNU~1/14EFD8~1.2RE/bin/../lib/gcc/arm-none-eabi/14.2.1/thumb/v7e-m+fp/hard/crtend.o
LOAD C:/PROGRA~2/ARMGNU~1/14EFD8~1.2RE/bin/../lib/gcc/arm-none-eabi/14.2.1/thumb/v7e-m+fp/hard/crtn.o
                0x20020000                        _estack = (ORIGIN (RAM) + LENGTH (RAM))
                0x00000200                        _Min_Heap_Size = 0x200
                0x00000400                        _Min_Stack_Size = 0x400

.isr_vector     0x08000000      0x198
                0x08000000                        . = ALIGN (0x4)
 *(.isr_vector)
 .isr_vector    0x08000000      0x198 CMakeFiles/Wearable_F411RE.dir/startup_stm32f411xe.s.obj
                0x08000000                g_pfnVectors
                0x08000198                        . = ALIGN (0x4)

.text           0x08000198     0x2a60
                0x08000198                        . = ALIGN (0x4)
 *(.text)
 .text          0x08000198       0x30 C:/PROGRA~2/ARMGNU~1/14EFD8~1.2RE/bin/../lib/gcc/arm-none-eabi/14.2.1/thumb/v7e-m+fp/hard\libgcc.a(_aeabi_uldivmod.o)
                0x08000198                __aeabi_uldivmod
 .text          0x080001c8        0x4 C:/PROGRA~2/ARMGNU~1/14EFD8~1.2RE/bin/../lib/gcc/arm-none-eabi/14.2.1/thumb/v7e-m+fp/hard\libgcc.a(_dvmd_tls.o)
                0x080001c8                __aeabi_idiv0
                0x080001c8                __aeabi_ldiv0
 *(.text*)
 .text.deregister_tm_clones
                0x080001cc       0x1c C:/PROGRA~2/ARMGNU~1/14EFD8~1.2RE/bin/../lib/gcc/arm-none-eabi/14.2.1/thumb/v7e-m+fp/hard/crtbegin.o
 .text.register_tm_clones
                0x080001e8       0x24 C:/PROGRA~2/ARMGNU~1/14EFD8~1.2RE/bin/../lib/gcc/arm-none-eabi/14.2.1/thumb/v7e-m+fp/hard/crtbegin.o
 .text.__do_global_dtors_aux
                0x0800020c       0x28 C:/PROGRA~2/ARMGNU~1/14EFD8~1.2RE/bin/../lib/gcc/arm-none-eabi/14.2.1/thumb/v7e-m+fp/hard/crtbegin.o
 .text.frame_dummy
                0x08000234       0x24 C:/PROGRA~2/ARMGNU~1/14EFD8~1.2RE/bin/../lib/gcc/arm-none-eabi/14.2.1/thumb/v7e-m+fp/hard/crtbegin.o
 .text.main     0x08000258       0x34 CMakeFiles/Wearable_F411RE.dir/Core/Src/main.cpp.obj
                0x08000258                main
 .text._Z18SystemClock_Configv
                0x0800028c       0xe4 CMakeFiles/Wearable_F411RE.dir/Core/Src/main.cpp.obj
                0x0800028c                SystemClock_Config()
 .text._ZL12MX_I2C2_Initv
                0x08000370       0x68 CMakeFiles/Wearable_F411RE.dir/Core/Src/main.cpp.obj
 .text._ZL12MX_SPI3_Initv
                0x080003d8       0x78 CMakeFiles/Wearable_F411RE.dir/Core/Src/main.cpp.obj
 .text._ZL19MX_USART2_UART_Initv
                0x08000450       0x5c CMakeFiles/Wearable_F411RE.dir/Core/Src/main.cpp.obj
 .text._ZL12MX_GPIO_Initv
                0x080004ac      0x1bc CMakeFiles/Wearable_F411RE.dir/Core/Src/main.cpp.obj
 .text.HAL_TIM_PeriodElapsedCallback
                0x08000668       0x1e CMakeFiles/Wearable_F411RE.dir/Core/Src/main.cpp.obj
                0x08000668                HAL_TIM_PeriodElapsedCallback
 .text.Error_Handler
                0x08000686        0xc CMakeFiles/Wearable_F411RE.dir/Core/Src/main.cpp.obj
                0x08000686                Error_Handler
 .text.NMI_Handler
                0x08000692        0x8 CMakeFiles/Wearable_F411RE.dir/Core/Src/stm32f4xx_it.c.obj
                0x08000692                NMI_Handler
 .text.HardFault_Handler
                0x0800069a        0x8 CMakeFiles/Wearable_F411RE.dir/Core/Src/stm32f4xx_it.c.obj
                0x0800069a                HardFault_Handler
 .text.MemManage_Handler
                0x080006a2        0x8 CMakeFiles/Wearable_F411RE.dir/Core/Src/stm32f4xx_it.c.obj
                0x080006a2                MemManage_Handler
 .text.BusFault_Handler
                0x080006aa        0x8 CMakeFiles/Wearable_F411RE.dir/Core/Src/stm32f4xx_it.c.obj
                0x080006aa                BusFault_Handler
 .text.UsageFault_Handler
                0x080006b2        0x8 CMakeFiles/Wearable_F411RE.dir/Core/Src/stm32f4xx_it.c.obj
                0x080006b2                UsageFault_Handler
 .text.SVC_Handler
                0x080006ba        0xe CMakeFiles/Wearable_F411RE.dir/Core/Src/stm32f4xx_it.c.obj
                0x080006ba                SVC_Handler
 .text.DebugMon_Handler
                0x080006c8        0xe CMakeFiles/Wearable_F411RE.dir/Core/Src/stm32f4xx_it.c.obj
                0x080006c8                DebugMon_Handler
 .text.PendSV_Handler
                0x080006d6        0xe CMakeFiles/Wearable_F411RE.dir/Core/Src/stm32f4xx_it.c.obj
                0x080006d6                PendSV_Handler
 .text.SysTick_Handler
                0x080006e4        0xe CMakeFiles/Wearable_F411RE.dir/Core/Src/stm32f4xx_it.c.obj
                0x080006e4                SysTick_Handler
 *fill*         0x080006f2        0x2 
 .text.TIM2_IRQHandler
                0x080006f4       0x14 CMakeFiles/Wearable_F411RE.dir/Core/Src/stm32f4xx_it.c.obj
                0x080006f4                TIM2_IRQHandler
 .text.EXTI15_10_IRQHandler
                0x08000708       0x10 CMakeFiles/Wearable_F411RE.dir/Core/Src/stm32f4xx_it.c.obj
                0x08000708                EXTI15_10_IRQHandler
 .text.HAL_MspInit
                0x08000718       0x50 CMakeFiles/Wearable_F411RE.dir/Core/Src/stm32f4xx_hal_msp.c.obj
                0x08000718                HAL_MspInit
 .text.HAL_I2C_MspInit
                0x08000768       0xb4 CMakeFiles/Wearable_F411RE.dir/Core/Src/stm32f4xx_hal_msp.c.obj
                0x08000768                HAL_I2C_MspInit
 .text.HAL_SPI_MspInit
                0x0800081c       0x90 CMakeFiles/Wearable_F411RE.dir/Core/Src/stm32f4xx_hal_msp.c.obj
                0x0800081c                HAL_SPI_MspInit
 .text.HAL_UART_MspInit
                0x080008ac       0x90 CMakeFiles/Wearable_F411RE.dir/Core/Src/stm32f4xx_hal_msp.c.obj
                0x080008ac                HAL_UART_MspInit
 .text.HAL_InitTick
                0x0800093c       0xf8 CMakeFiles/Wearable_F411RE.dir/Core/Src/stm32f4xx_hal_timebase_tim.c.obj
                0x0800093c                HAL_InitTick
 .text.HAL_I2C_Init
                0x08000a34      0x288 CMakeFiles/Wearable_F411RE.dir/Drivers/STM32F4xx_HAL_Driver/Src/stm32f4xx_hal_i2c.c.obj
                0x08000a34                HAL_I2C_Init
 .text.HAL_RCC_OscConfig
                0x08000cbc      0x4f0 CMakeFiles/Wearable_F411RE.dir/Drivers/STM32F4xx_HAL_Driver/Src/stm32f4xx_hal_rcc.c.obj
                0x08000cbc                HAL_RCC_OscConfig
 .text.HAL_RCC_ClockConfig
                0x080011ac      0x1cc CMakeFiles/Wearable_F411RE.dir/Drivers/STM32F4xx_HAL_Driver/Src/stm32f4xx_hal_rcc.c.obj
                0x080011ac                HAL_RCC_ClockConfig
 .text.HAL_RCC_GetSysClockFreq
                0x08001378      0x20c CMakeFiles/Wearable_F411RE.dir/Drivers/STM32F4xx_HAL_Driver/Src/stm32f4xx_hal_rcc.c.obj
                0x08001378                HAL_RCC_GetSysClockFreq
 .text.HAL_RCC_GetHCLKFreq
                0x08001584       0x18 CMakeFiles/Wearable_F411RE.dir/Drivers/STM32F4xx_HAL_Driver/Src/stm32f4xx_hal_rcc.c.obj
                0x08001584                HAL_RCC_GetHCLKFreq
 .text.HAL_RCC_GetPCLK1Freq
                0x0800159c       0x28 CMakeFiles/Wearable_F411RE.dir/Drivers/STM32F4xx_HAL_Driver/Src/stm32f4xx_hal_rcc.c.obj
                0x0800159c                HAL_RCC_GetPCLK1Freq
 .text.HAL_RCC_GetPCLK2Freq
                0x080015c4       0x28 CMakeFiles/Wearable_F411RE.dir/Drivers/STM32F4xx_HAL_Driver/Src/stm32f4xx_hal_rcc.c.obj
                0x080015c4                HAL_RCC_GetPCLK2Freq
 .text.HAL_RCC_GetClockConfig
                0x080015ec       0x64 CMakeFiles/Wearable_F411RE.dir/Drivers/STM32F4xx_HAL_Driver/Src/stm32f4xx_hal_rcc.c.obj
                0x080015ec                HAL_RCC_GetClockConfig
 .text.HAL_GPIO_Init
                0x08001650      0x308 CMakeFiles/Wearable_F411RE.dir/Drivers/STM32F4xx_HAL_Driver/Src/stm32f4xx_hal_gpio.c.obj
                0x08001650                HAL_GPIO_Init
 .text.HAL_GPIO_WritePin
                0x08001958       0x32 CMakeFiles/Wearable_F411RE.dir/Drivers/STM32F4xx_HAL_Driver/Src/stm32f4xx_hal_gpio.c.obj
                0x08001958                HAL_GPIO_WritePin
 .text.HAL_GPIO_TogglePin
                0x0800198a       0x34 CMakeFiles/Wearable_F411RE.dir/Drivers/STM32F4xx_HAL_Driver/Src/stm32f4xx_hal_gpio.c.obj
                0x0800198a                HAL_GPIO_TogglePin
 *fill*         0x080019be        0x2 
 .text.HAL_GPIO_EXTI_IRQHandler
                0x080019c0       0x30 CMakeFiles/Wearable_F411RE.dir/Drivers/STM32F4xx_HAL_Driver/Src/stm32f4xx_hal_gpio.c.obj
                0x080019c0                HAL_GPIO_EXTI_IRQHandler
 .text.HAL_GPIO_EXTI_Callback
                0x080019f0       0x16 CMakeFiles/Wearable_F411RE.dir/Drivers/STM32F4xx_HAL_Driver/Src/stm32f4xx_hal_gpio.c.obj
                0x080019f0                HAL_GPIO_EXTI_Callback
 *fill*         0x08001a06        0x2 
 .text.__NVIC_SetPriorityGrouping
                0x08001a08       0x48 CMakeFiles/Wearable_F411RE.dir/Drivers/STM32F4xx_HAL_Driver/Src/stm32f4xx_hal_cortex.c.obj
 .text.__NVIC_GetPriorityGrouping
                0x08001a50       0x1c CMakeFiles/Wearable_F411RE.dir/Drivers/STM32F4xx_HAL_Driver/Src/stm32f4xx_hal_cortex.c.obj
 .text.__NVIC_EnableIRQ
                0x08001a6c       0x3c CMakeFiles/Wearable_F411RE.dir/Drivers/STM32F4xx_HAL_Driver/Src/stm32f4xx_hal_cortex.c.obj
 .text.__NVIC_SetPriority
                0x08001aa8       0x54 CMakeFiles/Wearable_F411RE.dir/Drivers/STM32F4xx_HAL_Driver/Src/stm32f4xx_hal_cortex.c.obj
 .text.NVIC_EncodePriority
                0x08001afc       0x66 CMakeFiles/Wearable_F411RE.dir/Drivers/STM32F4xx_HAL_Driver/Src/stm32f4xx_hal_cortex.c.obj
 .text.HAL_NVIC_SetPriorityGrouping
                0x08001b62       0x16 CMakeFiles/Wearable_F411RE.dir/Drivers/STM32F4xx_HAL_Driver/Src/stm32f4xx_hal_cortex.c.obj
                0x08001b62                HAL_NVIC_SetPriorityGrouping
 .text.HAL_NVIC_SetPriority
                0x08001b78       0x38 CMakeFiles/Wearable_F411RE.dir/Drivers/STM32F4xx_HAL_Driver/Src/stm32f4xx_hal_cortex.c.obj
                0x08001b78                HAL_NVIC_SetPriority
 .text.HAL_NVIC_EnableIRQ
                0x08001bb0       0x1c CMakeFiles/Wearable_F411RE.dir/Drivers/STM32F4xx_HAL_Driver/Src/stm32f4xx_hal_cortex.c.obj
                0x08001bb0                HAL_NVIC_EnableIRQ
 .text.HAL_Init
                0x08001bcc       0x44 CMakeFiles/Wearable_F411RE.dir/Drivers/STM32F4xx_HAL_Driver/Src/stm32f4xx_hal.c.obj
                0x08001bcc                HAL_Init
 .text.HAL_IncTick
                0x08001c10       0x28 CMakeFiles/Wearable_F411RE.dir/Drivers/STM32F4xx_HAL_Driver/Src/stm32f4xx_hal.c.obj
                0x08001c10                HAL_IncTick
 .text.HAL_GetTick
                0x08001c38       0x18 CMakeFiles/Wearable_F411RE.dir/Drivers/STM32F4xx_HAL_Driver/Src/stm32f4xx_hal.c.obj
                0x08001c38                HAL_GetTick
 .text.HAL_Delay
                0x08001c50       0x48 CMakeFiles/Wearable_F411RE.dir/Drivers/STM32F4xx_HAL_Driver/Src/stm32f4xx_hal.c.obj
                0x08001c50                HAL_Delay
 .text.HAL_SPI_Init
                0x08001c98      0x112 CMakeFiles/Wearable_F411RE.dir/Drivers/STM32F4xx_HAL_Driver/Src/stm32f4xx_hal_spi.c.obj
                0x08001c98                HAL_SPI_Init
 .text.HAL_TIM_Base_Init
                0x08001daa       0x9e CMakeFiles/Wearable_F411RE.dir/Drivers/STM32F4xx_HAL_Driver/Src/stm32f4xx_hal_tim.c.obj
                0x08001daa                HAL_TIM_Base_Init
 .text.HAL_TIM_Base_MspInit
                0x08001e48       0x14 CMakeFiles/Wearable_F411RE.dir/Drivers/STM32F4xx_HAL_Driver/Src/stm32f4xx_hal_tim.c.obj
                0x08001e48                HAL_TIM_Base_MspInit
 .text.HAL_TIM_Base_Start_IT
                0x08001e5c       0xc4 CMakeFiles/Wearable_F411RE.dir/Drivers/STM32F4xx_HAL_Driver/Src/stm32f4xx_hal_tim.c.obj
                0x08001e5c                HAL_TIM_Base_Start_IT
 .text.HAL_TIM_IRQHandler
                0x08001f20      0x1e0 CMakeFiles/Wearable_F411RE.dir/Drivers/STM32F4xx_HAL_Driver/Src/stm32f4xx_hal_tim.c.obj
                0x08001f20                HAL_TIM_IRQHandler
 .text.HAL_TIM_OC_DelayElapsedCallback
                0x08002100       0x14 CMakeFiles/Wearable_F411RE.dir/Drivers/STM32F4xx_HAL_Driver/Src/stm32f4xx_hal_tim.c.obj
                0x08002100                HAL_TIM_OC_DelayElapsedCallback
 .text.HAL_TIM_IC_CaptureCallback
                0x08002114       0x14 CMakeFiles/Wearable_F411RE.dir/Drivers/STM32F4xx_HAL_Driver/Src/stm32f4xx_hal_tim.c.obj
                0x08002114                HAL_TIM_IC_CaptureCallback
 .text.HAL_TIM_PWM_PulseFinishedCallback
                0x08002128       0x14 CMakeFiles/Wearable_F411RE.dir/Drivers/STM32F4xx_HAL_Driver/Src/stm32f4xx_hal_tim.c.obj
                0x08002128                HAL_TIM_PWM_PulseFinishedCallback
 .text.HAL_TIM_TriggerCallback
                0x0800213c       0x14 CMakeFiles/Wearable_F411RE.dir/Drivers/STM32F4xx_HAL_Driver/Src/stm32f4xx_hal_tim.c.obj
                0x0800213c                HAL_TIM_TriggerCallback
 .text.TIM_Base_SetConfig
                0x08002150      0x118 CMakeFiles/Wearable_F411RE.dir/Drivers/STM32F4xx_HAL_Driver/Src/stm32f4xx_hal_tim.c.obj
                0x08002150                TIM_Base_SetConfig
 .text.HAL_TIMEx_CommutCallback
                0x08002268       0x14 CMakeFiles/Wearable_F411RE.dir/Drivers/STM32F4xx_HAL_Driver/Src/stm32f4xx_hal_tim_ex.c.obj
                0x08002268                HAL_TIMEx_CommutCallback
 .text.HAL_TIMEx_BreakCallback
                0x0800227c       0x14 CMakeFiles/Wearable_F411RE.dir/Drivers/STM32F4xx_HAL_Driver/Src/stm32f4xx_hal_tim_ex.c.obj
                0x0800227c                HAL_TIMEx_BreakCallback
 .text.HAL_UART_Init
                0x08002290       0xa0 CMakeFiles/Wearable_F411RE.dir/Drivers/STM32F4xx_HAL_Driver/Src/stm32f4xx_hal_uart.c.obj
                0x08002290                HAL_UART_Init
 .text.UART_SetConfig
                0x08002330      0x4e8 CMakeFiles/Wearable_F411RE.dir/Drivers/STM32F4xx_HAL_Driver/Src/stm32f4xx_hal_uart.c.obj
 .text.SystemInit
                0x08002818       0x24 CMakeFiles/Wearable_F411RE.dir/Core/Src/system_stm32f4xx.c.obj
                0x08002818                SystemInit
 .text.Reset_Handler
                0x0800283c       0x50 CMakeFiles/Wearable_F411RE.dir/startup_stm32f411xe.s.obj
                0x0800283c                Reset_Handler
 .text.Default_Handler
                0x0800288c        0x2 CMakeFiles/Wearable_F411RE.dir/startup_stm32f411xe.s.obj
                0x0800288c                RTC_Alarm_IRQHandler
                0x0800288c                EXTI2_IRQHandler
                0x0800288c                SPI4_IRQHandler
                0x0800288c                TIM1_CC_IRQHandler
                0x0800288c                DMA2_Stream5_IRQHandler
                0x0800288c                DMA1_Stream5_IRQHandler
                0x0800288c                PVD_IRQHandler
                0x0800288c                SDIO_IRQHandler
                0x0800288c                TAMP_STAMP_IRQHandler
                0x0800288c                EXTI3_IRQHandler
                0x0800288c                TIM1_UP_TIM10_IRQHandler
                0x0800288c                I2C3_ER_IRQHandler
                0x0800288c                EXTI0_IRQHandler
                0x0800288c                I2C2_EV_IRQHandler
                0x0800288c                DMA1_Stream2_IRQHandler
                0x0800288c                FPU_IRQHandler
                0x0800288c                DMA2_Stream2_IRQHandler
                0x0800288c                SPI1_IRQHandler
                0x0800288c                TIM1_BRK_TIM9_IRQHandler
                0x0800288c                DMA2_Stream3_IRQHandler
                0x0800288c                USART6_IRQHandler
                0x0800288c                DMA2_Stream0_IRQHandler
                0x0800288c                TIM4_IRQHandler
                0x0800288c                I2C1_EV_IRQHandler
                0x0800288c                DMA1_Stream6_IRQHandler
                0x0800288c                DMA1_Stream1_IRQHandler
                0x0800288c                TIM3_IRQHandler
                0x0800288c                RCC_IRQHandler
                0x0800288c                Default_Handler
                0x0800288c                ADC_IRQHandler
                0x0800288c                DMA1_Stream7_IRQHandler
                0x0800288c                SPI5_IRQHandler
                0x0800288c                TIM5_IRQHandler
                0x0800288c                DMA2_Stream7_IRQHandler
                0x0800288c                I2C3_EV_IRQHandler
                0x0800288c                EXTI9_5_IRQHandler
                0x0800288c                RTC_WKUP_IRQHandler
                0x0800288c                SPI2_IRQHandler
                0x0800288c                DMA1_Stream0_IRQHandler
                0x0800288c                EXTI4_IRQHandler
                0x0800288c                WWDG_IRQHandler
                0x0800288c                OTG_FS_WKUP_IRQHandler
                0x0800288c                TIM1_TRG_COM_TIM11_IRQHandler
                0x0800288c                EXTI1_IRQHandler
                0x0800288c                USART2_IRQHandler
                0x0800288c                I2C2_ER_IRQHandler
                0x0800288c                DMA2_Stream1_IRQHandler
                0x0800288c                FLASH_IRQHandler
                0x0800288c                DMA2_Stream4_IRQHandler
                0x0800288c                USART1_IRQHandler
                0x0800288c                OTG_FS_IRQHandler
                0x0800288c                SPI3_IRQHandler
                0x0800288c                DMA1_Stream4_IRQHandler
                0x0800288c                I2C1_ER_IRQHandler
                0x0800288c                DMA2_Stream6_IRQHandler
                0x0800288c                DMA1_Stream3_IRQHandler
 .text.memset   0x0800288e       0x10 C:/PROGRA~2/ARMGNU~1/14EFD8~1.2RE/bin/../lib/gcc/arm-none-eabi/14.2.1/thumb/v7e-m+fp/hard\libc_nano.a(libc_a-memset.o)
                0x0800288e                memset
 *fill*         0x0800289e        0x2 
 .text.__libc_init_array
                0x080028a0       0x48 C:/PROGRA~2/ARMGNU~1/14EFD8~1.2RE/bin/../lib/gcc/arm-none-eabi/14.2.1/thumb/v7e-m+fp/hard\libc_nano.a(libc_a-init.o)
                0x080028a0                __libc_init_array
 .text.__udivmoddi4
                0x080028e8      0x2f8 C:/PROGRA~2/ARMGNU~1/14EFD8~1.2RE/bin/../lib/gcc/arm-none-eabi/14.2.1/thumb/v7e-m+fp/hard\libgcc.a(_udivmoddi4.o)
                0x080028e8                __udivmoddi4
 *(.glue_7)
 .glue_7        0x08002be0        0x0 linker stubs
 *(.glue_7t)
 .glue_7t       0x08002be0        0x0 linker stubs
 *(.eh_frame)
 .eh_frame      0x08002be0        0x0 C:/PROGRA~2/ARMGNU~1/14EFD8~1.2RE/bin/../lib/gcc/arm-none-eabi/14.2.1/thumb/v7e-m+fp/hard/crtbegin.o
 *(.init)
 .init          0x08002be0        0x4 C:/PROGRA~2/ARMGNU~1/14EFD8~1.2RE/bin/../lib/gcc/arm-none-eabi/14.2.1/thumb/v7e-m+fp/hard/crti.o
                0x08002be0                _init
 .init          0x08002be4        0x8 C:/PROGRA~2/ARMGNU~1/14EFD8~1.2RE/bin/../lib/gcc/arm-none-eabi/14.2.1/thumb/v7e-m+fp/hard/crtn.o
 *(.fini)
 .fini          0x08002bec        0x4 C:/PROGRA~2/ARMGNU~1/14EFD8~1.2RE/bin/../lib/gcc/arm-none-eabi/14.2.1/thumb/v7e-m+fp/hard/crti.o
                0x08002bec                _fini
 .fini          0x08002bf0        0x8 C:/PROGRA~2/ARMGNU~1/14EFD8~1.2RE/bin/../lib/gcc/arm-none-eabi/14.2.1/thumb/v7e-m+fp/hard/crtn.o
                0x08002bf8                        . = ALIGN (0x4)
                0x08002bf8                        _etext = .

.vfp11_veneer   0x08002bf8        0x0
 .vfp11_veneer  0x08002bf8        0x0 linker stubs

.v4_bx          0x08002bf8        0x0
 .v4_bx         0x08002bf8        0x0 linker stubs

.iplt           0x08002bf8        0x0
 .iplt          0x08002bf8        0x0 C:/PROGRA~2/ARMGNU~1/14EFD8~1.2RE/bin/../lib/gcc/arm-none-eabi/14.2.1/thumb/v7e-m+fp/hard/crtbegin.o

.rodata         0x08002bf8       0x18
                0x08002bf8                        . = ALIGN (0x4)
 *(.rodata)
 *(.rodata*)
 .rodata.AHBPrescTable
                0x08002bf8       0x10 CMakeFiles/Wearable_F411RE.dir/Core/Src/system_stm32f4xx.c.obj
                0x08002bf8                AHBPrescTable
 .rodata.APBPrescTable
                0x08002c08        0x8 CMakeFiles/Wearable_F411RE.dir/Core/Src/system_stm32f4xx.c.obj
                0x08002c08                APBPrescTable
                0x08002c10                        . = ALIGN (0x4)

.ARM.extab
 *(.ARM.extab* .gnu.linkonce.armextab.*)

.ARM            0x08002c10        0x8
                0x08002c10                        __exidx_start = .
 *(.ARM.exidx*)
 .ARM.exidx.text.__udivmoddi4
                0x08002c10        0x8 C:/PROGRA~2/ARMGNU~1/14EFD8~1.2RE/bin/../lib/gcc/arm-none-eabi/14.2.1/thumb/v7e-m+fp/hard\libgcc.a(_udivmoddi4.o)
                0x08002c18                        __exidx_end = .

.rel.dyn        0x08002c18        0x0
 .rel.iplt      0x08002c18        0x0 C:/PROGRA~2/ARMGNU~1/14EFD8~1.2RE/bin/../lib/gcc/arm-none-eabi/14.2.1/thumb/v7e-m+fp/hard/crtbegin.o

.preinit_array  0x08002c18        0x0
                0x08002c18                        PROVIDE (__preinit_array_start = .)
 *(.preinit_array*)
                0x08002c18                        PROVIDE (__preinit_array_end = .)

.init_array     0x08002c18        0x4
                0x08002c18                        PROVIDE (__init_array_start = .)
 *(SORT_BY_NAME(.init_array.*))
 *(.init_array*)
 .init_array    0x08002c18        0x4 C:/PROGRA~2/ARMGNU~1/14EFD8~1.2RE/bin/../lib/gcc/arm-none-eabi/14.2.1/thumb/v7e-m+fp/hard/crtbegin.o
                0x08002c1c                        PROVIDE (__init_array_end = .)

.fini_array     0x08002c1c        0x4
                [!provide]                        PROVIDE (__fini_array_start = .)
 *(SORT_BY_NAME(.fini_array.*))
 *(.fini_array*)
 .fini_array    0x08002c1c        0x4 C:/PROGRA~2/ARMGNU~1/14EFD8~1.2RE/bin/../lib/gcc/arm-none-eabi/14.2.1/thumb/v7e-m+fp/hard/crtbegin.o
                [!provide]                        PROVIDE (__fini_array_end = .)
                0x08002c20                        _sidata = LOADADDR (.data)

.data           0x20000000        0xc load address 0x08002c20
                0x20000000                        . = ALIGN (0x4)
                0x20000000                        _sdata = .
 *(.data)
 *(.data*)
 .data.uwTickPrio
                0x20000000        0x4 CMakeFiles/Wearable_F411RE.dir/Drivers/STM32F4xx_HAL_Driver/Src/stm32f4xx_hal.c.obj
                0x20000000                uwTickPrio
 .data.uwTickFreq
                0x20000004        0x1 CMakeFiles/Wearable_F411RE.dir/Drivers/STM32F4xx_HAL_Driver/Src/stm32f4xx_hal.c.obj
                0x20000004                uwTickFreq
 *fill*         0x20000005        0x3 
 .data.SystemCoreClock
                0x20000008        0x4 CMakeFiles/Wearable_F411RE.dir/Core/Src/system_stm32f4xx.c.obj
                0x20000008                SystemCoreClock
                0x2000000c                        . = ALIGN (0x4)
                0x2000000c                        _edata = .

.tm_clone_table
                0x2000000c        0x0 load address 0x08002c2c
 .tm_clone_table
                0x2000000c        0x0 C:/PROGRA~2/ARMGNU~1/14EFD8~1.2RE/bin/../lib/gcc/arm-none-eabi/14.2.1/thumb/v7e-m+fp/hard/crtbegin.o
 .tm_clone_table
                0x2000000c        0x0 C:/PROGRA~2/ARMGNU~1/14EFD8~1.2RE/bin/../lib/gcc/arm-none-eabi/14.2.1/thumb/v7e-m+fp/hard/crtend.o

.igot.plt       0x2000000c        0x0 load address 0x08002c2c
 .igot.plt      0x2000000c        0x0 C:/PROGRA~2/ARMGNU~1/14EFD8~1.2RE/bin/../lib/gcc/arm-none-eabi/14.2.1/thumb/v7e-m+fp/hard/crtbegin.o
                0x2000000c                        . = ALIGN (0x4)

.bss            0x2000000c      0x15c load address 0x08002c2c
                0x2000000c                        _sbss = .
                0x2000000c                        __bss_start__ = _sbss
 *(.bss)
 *(.bss*)
 .bss.completed.1
                0x2000000c        0x1 C:/PROGRA~2/ARMGNU~1/14EFD8~1.2RE/bin/../lib/gcc/arm-none-eabi/14.2.1/thumb/v7e-m+fp/hard/crtbegin.o
 *fill*         0x2000000d        0x3 
 .bss.object.0  0x20000010       0x18 C:/PROGRA~2/ARMGNU~1/14EFD8~1.2RE/bin/../lib/gcc/arm-none-eabi/14.2.1/thumb/v7e-m+fp/hard/crtbegin.o
 .bss.hi2c2     0x20000028       0x54 CMakeFiles/Wearable_F411RE.dir/Core/Src/main.cpp.obj
                0x20000028                hi2c2
 .bss.hspi3     0x2000007c       0x58 CMakeFiles/Wearable_F411RE.dir/Core/Src/main.cpp.obj
                0x2000007c                hspi3
 .bss.huart2    0x200000d4       0x48 CMakeFiles/Wearable_F411RE.dir/Core/Src/main.cpp.obj
                0x200000d4                huart2
 .bss.htim2     0x2000011c       0x48 CMakeFiles/Wearable_F411RE.dir/Core/Src/stm32f4xx_hal_timebase_tim.c.obj
                0x2000011c                htim2
 .bss.uwTick    0x20000164        0x4 CMakeFiles/Wearable_F411RE.dir/Drivers/STM32F4xx_HAL_Driver/Src/stm32f4xx_hal.c.obj
                0x20000164                uwTick
 *(COMMON)
                0x20000168                        . = ALIGN (0x4)
                0x20000168                        _ebss = .
                0x20000168                        __bss_end__ = _ebss

._user_heap_stack
                0x20000168      0x600 load address 0x08002c2c
                0x20000168                        . = ALIGN (0x8)
                [!provide]                        PROVIDE (end = .)
                0x20000168                        PROVIDE (_end = .)
                0x20000368                        . = (. + _Min_Heap_Size)
 *fill*         0x20000168      0x200 
                0x20000768                        . = (. + _Min_Stack_Size)
 *fill*         0x20000368      0x400 
                0x20000768                        . = ALIGN (0x8)

/DISCARD/
 libc.a(*)
 libm.a(*)
 libgcc.a(*)

.ARM.attributes
                0x00000000       0x30
 *(.ARM.attributes)
 .ARM.attributes
                0x00000000       0x22 C:/PROGRA~2/ARMGNU~1/14EFD8~1.2RE/bin/../lib/gcc/arm-none-eabi/14.2.1/thumb/v7e-m+fp/hard/crti.o
 .ARM.attributes
                0x00000022       0x34 C:/PROGRA~2/ARMGNU~1/14EFD8~1.2RE/bin/../lib/gcc/arm-none-eabi/14.2.1/thumb/v7e-m+fp/hard/crtbegin.o
 .ARM.attributes
                0x00000056       0x34 CMakeFiles/Wearable_F411RE.dir/Core/Src/main.cpp.obj
 .ARM.attributes
                0x0000008a       0x34 CMakeFiles/Wearable_F411RE.dir/Core/Src/stm32f4xx_it.c.obj
 .ARM.attributes
                0x000000be       0x34 CMakeFiles/Wearable_F411RE.dir/Core/Src/stm32f4xx_hal_msp.c.obj
 .ARM.attributes
                0x000000f2       0x34 CMakeFiles/Wearable_F411RE.dir/Core/Src/stm32f4xx_hal_timebase_tim.c.obj
 .ARM.attributes
                0x00000126       0x34 CMakeFiles/Wearable_F411RE.dir/Drivers/STM32F4xx_HAL_Driver/Src/stm32f4xx_hal_i2c.c.obj
 .ARM.attributes
                0x0000015a       0x34 CMakeFiles/Wearable_F411RE.dir/Drivers/STM32F4xx_HAL_Driver/Src/stm32f4xx_hal_rcc.c.obj
 .ARM.attributes
                0x0000018e       0x34 CMakeFiles/Wearable_F411RE.dir/Drivers/STM32F4xx_HAL_Driver/Src/stm32f4xx_hal_gpio.c.obj
 .ARM.attributes
                0x000001c2       0x34 CMakeFiles/Wearable_F411RE.dir/Drivers/STM32F4xx_HAL_Driver/Src/stm32f4xx_hal_cortex.c.obj
 .ARM.attributes
                0x000001f6       0x34 CMakeFiles/Wearable_F411RE.dir/Drivers/STM32F4xx_HAL_Driver/Src/stm32f4xx_hal.c.obj
 .ARM.attributes
                0x0000022a       0x34 CMakeFiles/Wearable_F411RE.dir/Drivers/STM32F4xx_HAL_Driver/Src/stm32f4xx_hal_spi.c.obj
 .ARM.attributes
                0x0000025e       0x34 CMakeFiles/Wearable_F411RE.dir/Drivers/STM32F4xx_HAL_Driver/Src/stm32f4xx_hal_tim.c.obj
 .ARM.attributes
                0x00000292       0x34 CMakeFiles/Wearable_F411RE.dir/Drivers/STM32F4xx_HAL_Driver/Src/stm32f4xx_hal_tim_ex.c.obj
 .ARM.attributes
                0x000002c6       0x34 CMakeFiles/Wearable_F411RE.dir/Drivers/STM32F4xx_HAL_Driver/Src/stm32f4xx_hal_uart.c.obj
 .ARM.attributes
                0x000002fa       0x34 CMakeFiles/Wearable_F411RE.dir/Core/Src/system_stm32f4xx.c.obj
 .ARM.attributes
                0x0000032e       0x21 CMakeFiles/Wearable_F411RE.dir/startup_stm32f411xe.s.obj
 .ARM.attributes
                0x0000034f       0x34 C:/PROGRA~2/ARMGNU~1/14EFD8~1.2RE/bin/../lib/gcc/arm-none-eabi/14.2.1/thumb/v7e-m+fp/hard\libc_nano.a(libc_a-memset.o)
 .ARM.attributes
                0x00000383       0x34 C:/PROGRA~2/ARMGNU~1/14EFD8~1.2RE/bin/../lib/gcc/arm-none-eabi/14.2.1/thumb/v7e-m+fp/hard\libc_nano.a(libc_a-init.o)
 .ARM.attributes
                0x000003b7       0x22 C:/PROGRA~2/ARMGNU~1/14EFD8~1.2RE/bin/../lib/gcc/arm-none-eabi/14.2.1/thumb/v7e-m+fp/hard\libgcc.a(_aeabi_uldivmod.o)
 .ARM.attributes
                0x000003d9       0x34 C:/PROGRA~2/ARMGNU~1/14EFD8~1.2RE/bin/../lib/gcc/arm-none-eabi/14.2.1/thumb/v7e-m+fp/hard\libgcc.a(_udivmoddi4.o)
 .ARM.attributes
                0x0000040d       0x22 C:/PROGRA~2/ARMGNU~1/14EFD8~1.2RE/bin/../lib/gcc/arm-none-eabi/14.2.1/thumb/v7e-m+fp/hard\libgcc.a(_dvmd_tls.o)
 .ARM.attributes
                0x0000042f       0x34 C:/PROGRA~2/ARMGNU~1/14EFD8~1.2RE/bin/../lib/gcc/arm-none-eabi/14.2.1/thumb/v7e-m+fp/hard/crtend.o
 .ARM.attributes
                0x00000463       0x22 C:/PROGRA~2/ARMGNU~1/14EFD8~1.2RE/bin/../lib/gcc/arm-none-eabi/14.2.1/thumb/v7e-m+fp/hard/crtn.o
OUTPUT(Wearable_F411RE.elf elf32-littlearm)
LOAD linker stubs
LOAD C:/PROGRA~2/ARMGNU~1/14EFD8~1.2RE/bin/../lib/gcc/arm-none-eabi/14.2.1/thumb/v7e-m+fp/hard\libc.a
LOAD C:/PROGRA~2/ARMGNU~1/14EFD8~1.2RE/bin/../lib/gcc/arm-none-eabi/14.2.1/thumb/v7e-m+fp/hard\libm.a
LOAD C:/PROGRA~2/ARMGNU~1/14EFD8~1.2RE/bin/../lib/gcc/arm-none-eabi/14.2.1/thumb/v7e-m+fp/hard\libgcc.a

.debug_info     0x00000000    0x11bcd
 .debug_info    0x00000000     0x27e0 CMakeFiles/Wearable_F411RE.dir/Core/Src/main.cpp.obj
 .debug_info    0x000027e0      0x70c CMakeFiles/Wearable_F411RE.dir/Core/Src/stm32f4xx_it.c.obj
 .debug_info    0x00002eec      0xf31 CMakeFiles/Wearable_F411RE.dir/Core/Src/stm32f4xx_hal_msp.c.obj
 .debug_info    0x00003e1d      0xb83 CMakeFiles/Wearable_F411RE.dir/Core/Src/stm32f4xx_hal_timebase_tim.c.obj
 .debug_info    0x000049a0     0x2426 CMakeFiles/Wearable_F411RE.dir/Drivers/STM32F4xx_HAL_Driver/Src/stm32f4xx_hal_i2c.c.obj
 .debug_info    0x00006dc6      0x8f0 CMakeFiles/Wearable_F411RE.dir/Drivers/STM32F4xx_HAL_Driver/Src/stm32f4xx_hal_rcc.c.obj
 .debug_info    0x000076b6      0x6f9 CMakeFiles/Wearable_F411RE.dir/Drivers/STM32F4xx_HAL_Driver/Src/stm32f4xx_hal_gpio.c.obj
 .debug_info    0x00007daf      0xcfc CMakeFiles/Wearable_F411RE.dir/Drivers/STM32F4xx_HAL_Driver/Src/stm32f4xx_hal_cortex.c.obj
 .debug_info    0x00008aab      0x8c4 CMakeFiles/Wearable_F411RE.dir/Drivers/STM32F4xx_HAL_Driver/Src/stm32f4xx_hal.c.obj
 .debug_info    0x0000936f     0x1530 CMakeFiles/Wearable_F411RE.dir/Drivers/STM32F4xx_HAL_Driver/Src/stm32f4xx_hal_spi.c.obj
 .debug_info    0x0000a89f     0x2996 CMakeFiles/Wearable_F411RE.dir/Drivers/STM32F4xx_HAL_Driver/Src/stm32f4xx_hal_tim.c.obj
 .debug_info    0x0000d235     0x14d4 CMakeFiles/Wearable_F411RE.dir/Drivers/STM32F4xx_HAL_Driver/Src/stm32f4xx_hal_tim_ex.c.obj
 .debug_info    0x0000e709     0x2f56 CMakeFiles/Wearable_F411RE.dir/Drivers/STM32F4xx_HAL_Driver/Src/stm32f4xx_hal_uart.c.obj
 .debug_info    0x0001165f      0x53e CMakeFiles/Wearable_F411RE.dir/Core/Src/system_stm32f4xx.c.obj
 .debug_info    0x00011b9d       0x30 CMakeFiles/Wearable_F411RE.dir/startup_stm32f411xe.s.obj

.debug_abbrev   0x00000000     0x22ed
 .debug_abbrev  0x00000000      0x4ca CMakeFiles/Wearable_F411RE.dir/Core/Src/main.cpp.obj
 .debug_abbrev  0x000004ca      0x1a7 CMakeFiles/Wearable_F411RE.dir/Core/Src/stm32f4xx_it.c.obj
 .debug_abbrev  0x00000671      0x1d8 CMakeFiles/Wearable_F411RE.dir/Core/Src/stm32f4xx_hal_msp.c.obj
 .debug_abbrev  0x00000849      0x207 CMakeFiles/Wearable_F411RE.dir/Core/Src/stm32f4xx_hal_timebase_tim.c.obj
 .debug_abbrev  0x00000a50      0x2bc CMakeFiles/Wearable_F411RE.dir/Drivers/STM32F4xx_HAL_Driver/Src/stm32f4xx_hal_i2c.c.obj
 .debug_abbrev  0x00000d0c      0x2b6 CMakeFiles/Wearable_F411RE.dir/Drivers/STM32F4xx_HAL_Driver/Src/stm32f4xx_hal_rcc.c.obj
 .debug_abbrev  0x00000fc2      0x1d3 CMakeFiles/Wearable_F411RE.dir/Drivers/STM32F4xx_HAL_Driver/Src/stm32f4xx_hal_gpio.c.obj
 .debug_abbrev  0x00001195      0x31d CMakeFiles/Wearable_F411RE.dir/Drivers/STM32F4xx_HAL_Driver/Src/stm32f4xx_hal_cortex.c.obj
 .debug_abbrev  0x000014b2      0x24b CMakeFiles/Wearable_F411RE.dir/Drivers/STM32F4xx_HAL_Driver/Src/stm32f4xx_hal.c.obj
 .debug_abbrev  0x000016fd      0x276 CMakeFiles/Wearable_F411RE.dir/Drivers/STM32F4xx_HAL_Driver/Src/stm32f4xx_hal_spi.c.obj
 .debug_abbrev  0x00001973      0x28b CMakeFiles/Wearable_F411RE.dir/Drivers/STM32F4xx_HAL_Driver/Src/stm32f4xx_hal_tim.c.obj
 .debug_abbrev  0x00001bfe      0x296 CMakeFiles/Wearable_F411RE.dir/Drivers/STM32F4xx_HAL_Driver/Src/stm32f4xx_hal_tim_ex.c.obj
 .debug_abbrev  0x00001e94      0x31b CMakeFiles/Wearable_F411RE.dir/Drivers/STM32F4xx_HAL_Driver/Src/stm32f4xx_hal_uart.c.obj
 .debug_abbrev  0x000021af      0x11a CMakeFiles/Wearable_F411RE.dir/Core/Src/system_stm32f4xx.c.obj
 .debug_abbrev  0x000022c9       0x24 CMakeFiles/Wearable_F411RE.dir/startup_stm32f411xe.s.obj

.debug_aranges  0x00000000     0x1050
 .debug_aranges
                0x00000000       0x58 CMakeFiles/Wearable_F411RE.dir/Core/Src/main.cpp.obj
 .debug_aranges
                0x00000058       0x70 CMakeFiles/Wearable_F411RE.dir/Core/Src/stm32f4xx_it.c.obj
 .debug_aranges
                0x000000c8       0x50 CMakeFiles/Wearable_F411RE.dir/Core/Src/stm32f4xx_hal_msp.c.obj
 .debug_aranges
                0x00000118       0x30 CMakeFiles/Wearable_F411RE.dir/Core/Src/stm32f4xx_hal_timebase_tim.c.obj
 .debug_aranges
                0x00000148      0x2a8 CMakeFiles/Wearable_F411RE.dir/Drivers/STM32F4xx_HAL_Driver/Src/stm32f4xx_hal_i2c.c.obj
 .debug_aranges
                0x000003f0       0x88 CMakeFiles/Wearable_F411RE.dir/Drivers/STM32F4xx_HAL_Driver/Src/stm32f4xx_hal_rcc.c.obj
 .debug_aranges
                0x00000478       0x58 CMakeFiles/Wearable_F411RE.dir/Drivers/STM32F4xx_HAL_Driver/Src/stm32f4xx_hal_gpio.c.obj
 .debug_aranges
                0x000004d0      0x130 CMakeFiles/Wearable_F411RE.dir/Drivers/STM32F4xx_HAL_Driver/Src/stm32f4xx_hal_cortex.c.obj
 .debug_aranges
                0x00000600       0xf0 CMakeFiles/Wearable_F411RE.dir/Drivers/STM32F4xx_HAL_Driver/Src/stm32f4xx_hal.c.obj
 .debug_aranges
                0x000006f0      0x1d0 CMakeFiles/Wearable_F411RE.dir/Drivers/STM32F4xx_HAL_Driver/Src/stm32f4xx_hal_spi.c.obj
 .debug_aranges
                0x000008c0      0x3d0 CMakeFiles/Wearable_F411RE.dir/Drivers/STM32F4xx_HAL_Driver/Src/stm32f4xx_hal_tim.c.obj
 .debug_aranges
                0x00000c90      0x168 CMakeFiles/Wearable_F411RE.dir/Drivers/STM32F4xx_HAL_Driver/Src/stm32f4xx_hal_tim_ex.c.obj
 .debug_aranges
                0x00000df8      0x208 CMakeFiles/Wearable_F411RE.dir/Drivers/STM32F4xx_HAL_Driver/Src/stm32f4xx_hal_uart.c.obj
 .debug_aranges
                0x00001000       0x28 CMakeFiles/Wearable_F411RE.dir/Core/Src/system_stm32f4xx.c.obj
 .debug_aranges
                0x00001028       0x28 CMakeFiles/Wearable_F411RE.dir/startup_stm32f411xe.s.obj

.debug_rnglists
                0x00000000      0xcf5
 .debug_rnglists
                0x00000000       0x3f CMakeFiles/Wearable_F411RE.dir/Core/Src/main.cpp.obj
 .debug_rnglists
                0x0000003f       0x4f CMakeFiles/Wearable_F411RE.dir/Core/Src/stm32f4xx_it.c.obj
 .debug_rnglists
                0x0000008e       0x3a CMakeFiles/Wearable_F411RE.dir/Core/Src/stm32f4xx_hal_msp.c.obj
 .debug_rnglists
                0x000000c8       0x20 CMakeFiles/Wearable_F411RE.dir/Core/Src/stm32f4xx_hal_timebase_tim.c.obj
 .debug_rnglists
                0x000000e8      0x23c CMakeFiles/Wearable_F411RE.dir/Drivers/STM32F4xx_HAL_Driver/Src/stm32f4xx_hal_i2c.c.obj
 .debug_rnglists
                0x00000324       0x66 CMakeFiles/Wearable_F411RE.dir/Drivers/STM32F4xx_HAL_Driver/Src/stm32f4xx_hal_rcc.c.obj
 .debug_rnglists
                0x0000038a       0x3f CMakeFiles/Wearable_F411RE.dir/Drivers/STM32F4xx_HAL_Driver/Src/stm32f4xx_hal_gpio.c.obj
 .debug_rnglists
                0x000003c9       0xe0 CMakeFiles/Wearable_F411RE.dir/Drivers/STM32F4xx_HAL_Driver/Src/stm32f4xx_hal_cortex.c.obj
 .debug_rnglists
                0x000004a9       0xaf CMakeFiles/Wearable_F411RE.dir/Drivers/STM32F4xx_HAL_Driver/Src/stm32f4xx_hal.c.obj
 .debug_rnglists
                0x00000558      0x16f CMakeFiles/Wearable_F411RE.dir/Drivers/STM32F4xx_HAL_Driver/Src/stm32f4xx_hal_spi.c.obj
 .debug_rnglists
                0x000006c7      0x31a CMakeFiles/Wearable_F411RE.dir/Drivers/STM32F4xx_HAL_Driver/Src/stm32f4xx_hal_tim.c.obj
 .debug_rnglists
                0x000009e1      0x125 CMakeFiles/Wearable_F411RE.dir/Drivers/STM32F4xx_HAL_Driver/Src/stm32f4xx_hal_tim_ex.c.obj
 .debug_rnglists
                0x00000b06      0x1bc CMakeFiles/Wearable_F411RE.dir/Drivers/STM32F4xx_HAL_Driver/Src/stm32f4xx_hal_uart.c.obj
 .debug_rnglists
                0x00000cc2       0x1a CMakeFiles/Wearable_F411RE.dir/Core/Src/system_stm32f4xx.c.obj
 .debug_rnglists
                0x00000cdc       0x19 CMakeFiles/Wearable_F411RE.dir/startup_stm32f411xe.s.obj

.debug_macro    0x00000000    0x1f9d3
 .debug_macro   0x00000000      0x7ed CMakeFiles/Wearable_F411RE.dir/Core/Src/main.cpp.obj
 .debug_macro   0x000007ed      0xc76 CMakeFiles/Wearable_F411RE.dir/Core/Src/main.cpp.obj
 .debug_macro   0x00001463      0x2a7 CMakeFiles/Wearable_F411RE.dir/Core/Src/main.cpp.obj
 .debug_macro   0x0000170a       0x2e CMakeFiles/Wearable_F411RE.dir/Core/Src/main.cpp.obj
 .debug_macro   0x00001738       0x28 CMakeFiles/Wearable_F411RE.dir/Core/Src/main.cpp.obj
 .debug_macro   0x00001760       0x1c CMakeFiles/Wearable_F411RE.dir/Core/Src/main.cpp.obj
 .debug_macro   0x0000177c       0x22 CMakeFiles/Wearable_F411RE.dir/Core/Src/main.cpp.obj
 .debug_macro   0x0000179e       0x8e CMakeFiles/Wearable_F411RE.dir/Core/Src/main.cpp.obj
 .debug_macro   0x0000182c       0x51 CMakeFiles/Wearable_F411RE.dir/Core/Src/main.cpp.obj
 .debug_macro   0x0000187d      0x103 CMakeFiles/Wearable_F411RE.dir/Core/Src/main.cpp.obj
 .debug_macro   0x00001980       0x6a CMakeFiles/Wearable_F411RE.dir/Core/Src/main.cpp.obj
 .debug_macro   0x000019ea      0x1df CMakeFiles/Wearable_F411RE.dir/Core/Src/main.cpp.obj
 .debug_macro   0x00001bc9       0x1c CMakeFiles/Wearable_F411RE.dir/Core/Src/main.cpp.obj
 .debug_macro   0x00001be5       0x22 CMakeFiles/Wearable_F411RE.dir/Core/Src/main.cpp.obj
 .debug_macro   0x00001c07       0xfb CMakeFiles/Wearable_F411RE.dir/Core/Src/main.cpp.obj
 .debug_macro   0x00001d02     0x1011 CMakeFiles/Wearable_F411RE.dir/Core/Src/main.cpp.obj
 .debug_macro   0x00002d13      0x11f CMakeFiles/Wearable_F411RE.dir/Core/Src/main.cpp.obj
 .debug_macro   0x00002e32     0xb953 CMakeFiles/Wearable_F411RE.dir/Core/Src/main.cpp.obj
 .debug_macro   0x0000e785       0x6d CMakeFiles/Wearable_F411RE.dir/Core/Src/main.cpp.obj
 .debug_macro   0x0000e7f2     0x369a CMakeFiles/Wearable_F411RE.dir/Core/Src/main.cpp.obj
 .debug_macro   0x00011e8c      0x197 CMakeFiles/Wearable_F411RE.dir/Core/Src/main.cpp.obj
 .debug_macro   0x00012023       0x5c CMakeFiles/Wearable_F411RE.dir/Core/Src/main.cpp.obj
 .debug_macro   0x0001207f      0x45c CMakeFiles/Wearable_F411RE.dir/Core/Src/main.cpp.obj
 .debug_macro   0x000124db      0x9e9 CMakeFiles/Wearable_F411RE.dir/Core/Src/main.cpp.obj
 .debug_macro   0x00012ec4      0x115 CMakeFiles/Wearable_F411RE.dir/Core/Src/main.cpp.obj
 .debug_macro   0x00012fd9      0x11b CMakeFiles/Wearable_F411RE.dir/Core/Src/main.cpp.obj
 .debug_macro   0x000130f4       0xa5 CMakeFiles/Wearable_F411RE.dir/Core/Src/main.cpp.obj
 .debug_macro   0x00013199      0x15f CMakeFiles/Wearable_F411RE.dir/Core/Src/main.cpp.obj
 .debug_macro   0x000132f8      0x287 CMakeFiles/Wearable_F411RE.dir/Core/Src/main.cpp.obj
 .debug_macro   0x0001357f       0x5f CMakeFiles/Wearable_F411RE.dir/Core/Src/main.cpp.obj
 .debug_macro   0x000135de      0x236 CMakeFiles/Wearable_F411RE.dir/Core/Src/main.cpp.obj
 .debug_macro   0x00013814      0x132 CMakeFiles/Wearable_F411RE.dir/Core/Src/main.cpp.obj
 .debug_macro   0x00013946      0x264 CMakeFiles/Wearable_F411RE.dir/Core/Src/main.cpp.obj
 .debug_macro   0x00013baa       0x2e CMakeFiles/Wearable_F411RE.dir/Core/Src/main.cpp.obj
 .debug_macro   0x00013bd8      0x1b5 CMakeFiles/Wearable_F411RE.dir/Core/Src/main.cpp.obj
 .debug_macro   0x00013d8d       0x22 CMakeFiles/Wearable_F411RE.dir/Core/Src/main.cpp.obj
 .debug_macro   0x00013daf       0xd6 CMakeFiles/Wearable_F411RE.dir/Core/Src/main.cpp.obj
 .debug_macro   0x00013e85      0x127 CMakeFiles/Wearable_F411RE.dir/Core/Src/main.cpp.obj
 .debug_macro   0x00013fac       0x85 CMakeFiles/Wearable_F411RE.dir/Core/Src/main.cpp.obj
 .debug_macro   0x00014031       0x89 CMakeFiles/Wearable_F411RE.dir/Core/Src/main.cpp.obj
 .debug_macro   0x000140ba      0x225 CMakeFiles/Wearable_F411RE.dir/Core/Src/main.cpp.obj
 .debug_macro   0x000142df      0x8ed CMakeFiles/Wearable_F411RE.dir/Core/Src/main.cpp.obj
 .debug_macro   0x00014bcc       0x47 CMakeFiles/Wearable_F411RE.dir/Core/Src/main.cpp.obj
 .debug_macro   0x00014c13      0x2aa CMakeFiles/Wearable_F411RE.dir/Core/Src/main.cpp.obj
 .debug_macro   0x00014ebd      0x126 CMakeFiles/Wearable_F411RE.dir/Core/Src/main.cpp.obj
 .debug_macro   0x00014fe3       0x70 CMakeFiles/Wearable_F411RE.dir/Core/Src/main.cpp.obj
 .debug_macro   0x00015053       0x52 CMakeFiles/Wearable_F411RE.dir/Core/Src/main.cpp.obj
 .debug_macro   0x000150a5       0x7b CMakeFiles/Wearable_F411RE.dir/Core/Src/main.cpp.obj
 .debug_macro   0x00015120       0x2a CMakeFiles/Wearable_F411RE.dir/Core/Src/main.cpp.obj
 .debug_macro   0x0001514a       0x3c CMakeFiles/Wearable_F411RE.dir/Core/Src/main.cpp.obj
 .debug_macro   0x00015186       0x34 CMakeFiles/Wearable_F411RE.dir/Core/Src/main.cpp.obj
 .debug_macro   0x000151ba       0x16 CMakeFiles/Wearable_F411RE.dir/Core/Src/main.cpp.obj
 .debug_macro   0x000151d0       0x3c CMakeFiles/Wearable_F411RE.dir/Core/Src/main.cpp.obj
 .debug_macro   0x0001520c      0x380 CMakeFiles/Wearable_F411RE.dir/Core/Src/main.cpp.obj
 .debug_macro   0x0001558c       0x10 CMakeFiles/Wearable_F411RE.dir/Core/Src/main.cpp.obj
 .debug_macro   0x0001559c       0x16 CMakeFiles/Wearable_F411RE.dir/Core/Src/main.cpp.obj
 .debug_macro   0x000155b2       0x4a CMakeFiles/Wearable_F411RE.dir/Core/Src/main.cpp.obj
 .debug_macro   0x000155fc       0x34 CMakeFiles/Wearable_F411RE.dir/Core/Src/main.cpp.obj
 .debug_macro   0x00015630       0x10 CMakeFiles/Wearable_F411RE.dir/Core/Src/main.cpp.obj
 .debug_macro   0x00015640       0x58 CMakeFiles/Wearable_F411RE.dir/Core/Src/main.cpp.obj
 .debug_macro   0x00015698      0x1e5 CMakeFiles/Wearable_F411RE.dir/Core/Src/main.cpp.obj
 .debug_macro   0x0001587d       0x16 CMakeFiles/Wearable_F411RE.dir/Core/Src/main.cpp.obj
 .debug_macro   0x00015893       0x16 CMakeFiles/Wearable_F411RE.dir/Core/Src/main.cpp.obj
 .debug_macro   0x000158a9      0x138 CMakeFiles/Wearable_F411RE.dir/Core/Src/main.cpp.obj
 .debug_macro   0x000159e1      0x14c CMakeFiles/Wearable_F411RE.dir/Core/Src/main.cpp.obj
 .debug_macro   0x00015b2d      0x2f7 CMakeFiles/Wearable_F411RE.dir/Core/Src/main.cpp.obj
 .debug_macro   0x00015e24      0x1f2 CMakeFiles/Wearable_F411RE.dir/Core/Src/main.cpp.obj
 .debug_macro   0x00016016       0x10 CMakeFiles/Wearable_F411RE.dir/Core/Src/main.cpp.obj
 .debug_macro   0x00016026       0xcf CMakeFiles/Wearable_F411RE.dir/Core/Src/main.cpp.obj
 .debug_macro   0x000160f5       0xed CMakeFiles/Wearable_F411RE.dir/Core/Src/main.cpp.obj
 .debug_macro   0x000161e2      0x45d CMakeFiles/Wearable_F411RE.dir/Core/Src/main.cpp.obj
 .debug_macro   0x0001663f       0x10 CMakeFiles/Wearable_F411RE.dir/Core/Src/main.cpp.obj
 .debug_macro   0x0001664f       0x16 CMakeFiles/Wearable_F411RE.dir/Core/Src/main.cpp.obj
 .debug_macro   0x00016665       0x16 CMakeFiles/Wearable_F411RE.dir/Core/Src/main.cpp.obj
 .debug_macro   0x0001667b       0x29 CMakeFiles/Wearable_F411RE.dir/Core/Src/main.cpp.obj
 .debug_macro   0x000166a4       0x1c CMakeFiles/Wearable_F411RE.dir/Core/Src/main.cpp.obj
 .debug_macro   0x000166c0       0xde CMakeFiles/Wearable_F411RE.dir/Core/Src/main.cpp.obj
 .debug_macro   0x0001679e       0x34 CMakeFiles/Wearable_F411RE.dir/Core/Src/main.cpp.obj
 .debug_macro   0x000167d2       0x3a CMakeFiles/Wearable_F411RE.dir/Core/Src/main.cpp.obj
 .debug_macro   0x0001680c       0x1c CMakeFiles/Wearable_F411RE.dir/Core/Src/main.cpp.obj
 .debug_macro   0x00016828      0xaec CMakeFiles/Wearable_F411RE.dir/Core/Src/main.cpp.obj
 .debug_macro   0x00017314       0x16 CMakeFiles/Wearable_F411RE.dir/Core/Src/main.cpp.obj
 .debug_macro   0x0001732a       0x1c CMakeFiles/Wearable_F411RE.dir/Core/Src/main.cpp.obj
 .debug_macro   0x00017346      0x995 CMakeFiles/Wearable_F411RE.dir/Core/Src/main.cpp.obj
 .debug_macro   0x00017cdb       0x10 CMakeFiles/Wearable_F411RE.dir/Core/Src/main.cpp.obj
 .debug_macro   0x00017ceb       0x10 CMakeFiles/Wearable_F411RE.dir/Core/Src/main.cpp.obj
 .debug_macro   0x00017cfb      0xdf5 CMakeFiles/Wearable_F411RE.dir/Core/Src/main.cpp.obj
 .debug_macro   0x00018af0      0x361 CMakeFiles/Wearable_F411RE.dir/Core/Src/main.cpp.obj
 .debug_macro   0x00018e51      0x9c6 CMakeFiles/Wearable_F411RE.dir/Core/Src/main.cpp.obj
 .debug_macro   0x00019817      0xaf9 CMakeFiles/Wearable_F411RE.dir/Core/Src/main.cpp.obj
 .debug_macro   0x0001a310      0x1a2 CMakeFiles/Wearable_F411RE.dir/Core/Src/main.cpp.obj
 .debug_macro   0x0001a4b2       0x16 CMakeFiles/Wearable_F411RE.dir/Core/Src/main.cpp.obj
 .debug_macro   0x0001a4c8       0x16 CMakeFiles/Wearable_F411RE.dir/Core/Src/main.cpp.obj
 .debug_macro   0x0001a4de      0xbcb CMakeFiles/Wearable_F411RE.dir/Core/Src/main.cpp.obj
 .debug_macro   0x0001b0a9      0x130 CMakeFiles/Wearable_F411RE.dir/Core/Src/main.cpp.obj
 .debug_macro   0x0001b1d9      0x16c CMakeFiles/Wearable_F411RE.dir/Core/Src/main.cpp.obj
 .debug_macro   0x0001b345      0x7a7 CMakeFiles/Wearable_F411RE.dir/Core/Src/main.cpp.obj
 .debug_macro   0x0001baec       0x16 CMakeFiles/Wearable_F411RE.dir/Core/Src/main.cpp.obj
 .debug_macro   0x0001bb02       0x16 CMakeFiles/Wearable_F411RE.dir/Core/Src/main.cpp.obj
 .debug_macro   0x0001bb18       0x16 CMakeFiles/Wearable_F411RE.dir/Core/Src/main.cpp.obj
 .debug_macro   0x0001bb2e      0x106 CMakeFiles/Wearable_F411RE.dir/Core/Src/main.cpp.obj
 .debug_macro   0x0001bc34       0x10 CMakeFiles/Wearable_F411RE.dir/Core/Src/main.cpp.obj
 .debug_macro   0x0001bc44       0x34 CMakeFiles/Wearable_F411RE.dir/Core/Src/main.cpp.obj
 .debug_macro   0x0001bc78       0x94 CMakeFiles/Wearable_F411RE.dir/Core/Src/main.cpp.obj
 .debug_macro   0x0001bd0c       0x7c CMakeFiles/Wearable_F411RE.dir/Core/Src/main.cpp.obj
 .debug_macro   0x0001bd88       0xca CMakeFiles/Wearable_F411RE.dir/Core/Src/main.cpp.obj
 .debug_macro   0x0001be52       0x2e CMakeFiles/Wearable_F411RE.dir/Core/Src/main.cpp.obj
 .debug_macro   0x0001be80      0x3fe CMakeFiles/Wearable_F411RE.dir/Core/Src/main.cpp.obj
 .debug_macro   0x0001c27e      0x20a CMakeFiles/Wearable_F411RE.dir/Core/Src/stm32f4xx_it.c.obj
 .debug_macro   0x0001c488      0xad8 CMakeFiles/Wearable_F411RE.dir/Core/Src/stm32f4xx_it.c.obj
 .debug_macro   0x0001cf60       0x8e CMakeFiles/Wearable_F411RE.dir/Core/Src/stm32f4xx_it.c.obj
 .debug_macro   0x0001cfee     0x1011 CMakeFiles/Wearable_F411RE.dir/Core/Src/stm32f4xx_it.c.obj
 .debug_macro   0x0001dfff      0x190 CMakeFiles/Wearable_F411RE.dir/Core/Src/stm32f4xx_it.c.obj
 .debug_macro   0x0001e18f      0x200 CMakeFiles/Wearable_F411RE.dir/Core/Src/stm32f4xx_hal_msp.c.obj
 .debug_macro   0x0001e38f      0x1f1 CMakeFiles/Wearable_F411RE.dir/Core/Src/stm32f4xx_hal_timebase_tim.c.obj
 .debug_macro   0x0001e580      0x23f CMakeFiles/Wearable_F411RE.dir/Drivers/STM32F4xx_HAL_Driver/Src/stm32f4xx_hal_i2c.c.obj
 .debug_macro   0x0001e7bf      0x215 CMakeFiles/Wearable_F411RE.dir/Drivers/STM32F4xx_HAL_Driver/Src/stm32f4xx_hal_rcc.c.obj
 .debug_macro   0x0001e9d4      0x1f7 CMakeFiles/Wearable_F411RE.dir/Drivers/STM32F4xx_HAL_Driver/Src/stm32f4xx_hal_gpio.c.obj
 .debug_macro   0x0001ebcb      0x1f1 CMakeFiles/Wearable_F411RE.dir/Drivers/STM32F4xx_HAL_Driver/Src/stm32f4xx_hal_cortex.c.obj
 .debug_macro   0x0001edbc      0x251 CMakeFiles/Wearable_F411RE.dir/Drivers/STM32F4xx_HAL_Driver/Src/stm32f4xx_hal.c.obj
 .debug_macro   0x0001f00d      0x200 CMakeFiles/Wearable_F411RE.dir/Drivers/STM32F4xx_HAL_Driver/Src/stm32f4xx_hal_spi.c.obj
 .debug_macro   0x0001f20d      0x1f2 CMakeFiles/Wearable_F411RE.dir/Drivers/STM32F4xx_HAL_Driver/Src/stm32f4xx_hal_tim.c.obj
 .debug_macro   0x0001f3ff      0x1f1 CMakeFiles/Wearable_F411RE.dir/Drivers/STM32F4xx_HAL_Driver/Src/stm32f4xx_hal_tim_ex.c.obj
 .debug_macro   0x0001f5f0      0x1f2 CMakeFiles/Wearable_F411RE.dir/Drivers/STM32F4xx_HAL_Driver/Src/stm32f4xx_hal_uart.c.obj
 .debug_macro   0x0001f7e2      0x1f1 CMakeFiles/Wearable_F411RE.dir/Core/Src/system_stm32f4xx.c.obj

.debug_line     0x00000000    0x11e79
 .debug_line    0x00000000     0x1357 CMakeFiles/Wearable_F411RE.dir/Core/Src/main.cpp.obj
 .debug_line    0x00001357      0x6c1 CMakeFiles/Wearable_F411RE.dir/Core/Src/stm32f4xx_it.c.obj
 .debug_line    0x00001a18      0x6e0 CMakeFiles/Wearable_F411RE.dir/Core/Src/stm32f4xx_hal_msp.c.obj
 .debug_line    0x000020f8      0x667 CMakeFiles/Wearable_F411RE.dir/Core/Src/stm32f4xx_hal_timebase_tim.c.obj
 .debug_line    0x0000275f     0x398b CMakeFiles/Wearable_F411RE.dir/Drivers/STM32F4xx_HAL_Driver/Src/stm32f4xx_hal_i2c.c.obj
 .debug_line    0x000060ea      0xce8 CMakeFiles/Wearable_F411RE.dir/Drivers/STM32F4xx_HAL_Driver/Src/stm32f4xx_hal_rcc.c.obj
 .debug_line    0x00006dd2      0x9f5 CMakeFiles/Wearable_F411RE.dir/Drivers/STM32F4xx_HAL_Driver/Src/stm32f4xx_hal_gpio.c.obj
 .debug_line    0x000077c7      0xba9 CMakeFiles/Wearable_F411RE.dir/Drivers/STM32F4xx_HAL_Driver/Src/stm32f4xx_hal_cortex.c.obj
 .debug_line    0x00008370      0x8d9 CMakeFiles/Wearable_F411RE.dir/Drivers/STM32F4xx_HAL_Driver/Src/stm32f4xx_hal.c.obj
 .debug_line    0x00008c49     0x1b6e CMakeFiles/Wearable_F411RE.dir/Drivers/STM32F4xx_HAL_Driver/Src/stm32f4xx_hal_spi.c.obj
 .debug_line    0x0000a7b7     0x3420 CMakeFiles/Wearable_F411RE.dir/Drivers/STM32F4xx_HAL_Driver/Src/stm32f4xx_hal_tim.c.obj
 .debug_line    0x0000dbd7     0x17d4 CMakeFiles/Wearable_F411RE.dir/Drivers/STM32F4xx_HAL_Driver/Src/stm32f4xx_hal_tim_ex.c.obj
 .debug_line    0x0000f3ab     0x23e8 CMakeFiles/Wearable_F411RE.dir/Drivers/STM32F4xx_HAL_Driver/Src/stm32f4xx_hal_uart.c.obj
 .debug_line    0x00011793      0x66c CMakeFiles/Wearable_F411RE.dir/Core/Src/system_stm32f4xx.c.obj
 .debug_line    0x00011dff       0x7a CMakeFiles/Wearable_F411RE.dir/startup_stm32f411xe.s.obj

.debug_str      0x00000000    0xbcd85
 .debug_str     0x00000000    0xbcd85 CMakeFiles/Wearable_F411RE.dir/Core/Src/main.cpp.obj
                              0xb9668 (size before relaxing)
 .debug_str     0x000bcd85    0x8a62c CMakeFiles/Wearable_F411RE.dir/Core/Src/stm32f4xx_it.c.obj
 .debug_str     0x000bcd85    0x8aa91 CMakeFiles/Wearable_F411RE.dir/Core/Src/stm32f4xx_hal_msp.c.obj
 .debug_str     0x000bcd85    0x8a9f5 CMakeFiles/Wearable_F411RE.dir/Core/Src/stm32f4xx_hal_timebase_tim.c.obj
 .debug_str     0x000bcd85    0x8b067 CMakeFiles/Wearable_F411RE.dir/Drivers/STM32F4xx_HAL_Driver/Src/stm32f4xx_hal_i2c.c.obj
 .debug_str     0x000bcd85    0x8a48a CMakeFiles/Wearable_F411RE.dir/Drivers/STM32F4xx_HAL_Driver/Src/stm32f4xx_hal_rcc.c.obj
 .debug_str     0x000bcd85    0x8a1d1 CMakeFiles/Wearable_F411RE.dir/Drivers/STM32F4xx_HAL_Driver/Src/stm32f4xx_hal_gpio.c.obj
 .debug_str     0x000bcd85    0x8a7ec CMakeFiles/Wearable_F411RE.dir/Drivers/STM32F4xx_HAL_Driver/Src/stm32f4xx_hal_cortex.c.obj
 .debug_str     0x000bcd85    0x8aa82 CMakeFiles/Wearable_F411RE.dir/Drivers/STM32F4xx_HAL_Driver/Src/stm32f4xx_hal.c.obj
 .debug_str     0x000bcd85    0x8a902 CMakeFiles/Wearable_F411RE.dir/Drivers/STM32F4xx_HAL_Driver/Src/stm32f4xx_hal_spi.c.obj
 .debug_str     0x000bcd85    0x8b3ce CMakeFiles/Wearable_F411RE.dir/Drivers/STM32F4xx_HAL_Driver/Src/stm32f4xx_hal_tim.c.obj
 .debug_str     0x000bcd85    0x8abda CMakeFiles/Wearable_F411RE.dir/Drivers/STM32F4xx_HAL_Driver/Src/stm32f4xx_hal_tim_ex.c.obj
 .debug_str     0x000bcd85    0x8aa59 CMakeFiles/Wearable_F411RE.dir/Drivers/STM32F4xx_HAL_Driver/Src/stm32f4xx_hal_uart.c.obj
 .debug_str     0x000bcd85    0x8a056 CMakeFiles/Wearable_F411RE.dir/Core/Src/system_stm32f4xx.c.obj
 .debug_str     0x000bcd85       0x7a CMakeFiles/Wearable_F411RE.dir/startup_stm32f411xe.s.obj

.comment        0x00000000       0x45
 .comment       0x00000000       0x45 CMakeFiles/Wearable_F411RE.dir/Core/Src/main.cpp.obj
                                 0x46 (size before relaxing)
 .comment       0x00000045       0x46 CMakeFiles/Wearable_F411RE.dir/Core/Src/stm32f4xx_it.c.obj
 .comment       0x00000045       0x46 CMakeFiles/Wearable_F411RE.dir/Core/Src/stm32f4xx_hal_msp.c.obj
 .comment       0x00000045       0x46 CMakeFiles/Wearable_F411RE.dir/Core/Src/stm32f4xx_hal_timebase_tim.c.obj
 .comment       0x00000045       0x46 CMakeFiles/Wearable_F411RE.dir/Drivers/STM32F4xx_HAL_Driver/Src/stm32f4xx_hal_i2c.c.obj
 .comment       0x00000045       0x46 CMakeFiles/Wearable_F411RE.dir/Drivers/STM32F4xx_HAL_Driver/Src/stm32f4xx_hal_rcc.c.obj
 .comment       0x00000045       0x46 CMakeFiles/Wearable_F411RE.dir/Drivers/STM32F4xx_HAL_Driver/Src/stm32f4xx_hal_gpio.c.obj
 .comment       0x00000045       0x46 CMakeFiles/Wearable_F411RE.dir/Drivers/STM32F4xx_HAL_Driver/Src/stm32f4xx_hal_cortex.c.obj
 .comment       0x00000045       0x46 CMakeFiles/Wearable_F411RE.dir/Drivers/STM32F4xx_HAL_Driver/Src/stm32f4xx_hal.c.obj
 .comment       0x00000045       0x46 CMakeFiles/Wearable_F411RE.dir/Drivers/STM32F4xx_HAL_Driver/Src/stm32f4xx_hal_spi.c.obj
 .comment       0x00000045       0x46 CMakeFiles/Wearable_F411RE.dir/Drivers/STM32F4xx_HAL_Driver/Src/stm32f4xx_hal_tim.c.obj
 .comment       0x00000045       0x46 CMakeFiles/Wearable_F411RE.dir/Drivers/STM32F4xx_HAL_Driver/Src/stm32f4xx_hal_tim_ex.c.obj
 .comment       0x00000045       0x46 CMakeFiles/Wearable_F411RE.dir/Drivers/STM32F4xx_HAL_Driver/Src/stm32f4xx_hal_uart.c.obj
 .comment       0x00000045       0x46 CMakeFiles/Wearable_F411RE.dir/Core/Src/system_stm32f4xx.c.obj

.debug_frame    0x00000000     0x4678
 .debug_frame   0x00000000      0x104 CMakeFiles/Wearable_F411RE.dir/Core/Src/main.cpp.obj
 .debug_frame   0x00000104      0x140 CMakeFiles/Wearable_F411RE.dir/Core/Src/stm32f4xx_it.c.obj
 .debug_frame   0x00000244      0x110 CMakeFiles/Wearable_F411RE.dir/Core/Src/stm32f4xx_hal_msp.c.obj
 .debug_frame   0x00000354       0x74 CMakeFiles/Wearable_F411RE.dir/Core/Src/stm32f4xx_hal_timebase_tim.c.obj
 .debug_frame   0x000003c8      0xc84 CMakeFiles/Wearable_F411RE.dir/Drivers/STM32F4xx_HAL_Driver/Src/stm32f4xx_hal_i2c.c.obj
 .debug_frame   0x0000104c      0x1f4 CMakeFiles/Wearable_F411RE.dir/Drivers/STM32F4xx_HAL_Driver/Src/stm32f4xx_hal_rcc.c.obj
 .debug_frame   0x00001240      0x14c CMakeFiles/Wearable_F411RE.dir/Drivers/STM32F4xx_HAL_Driver/Src/stm32f4xx_hal_gpio.c.obj
 .debug_frame   0x0000138c      0x508 CMakeFiles/Wearable_F411RE.dir/Drivers/STM32F4xx_HAL_Driver/Src/stm32f4xx_hal_cortex.c.obj
 .debug_frame   0x00001894      0x374 CMakeFiles/Wearable_F411RE.dir/Drivers/STM32F4xx_HAL_Driver/Src/stm32f4xx_hal.c.obj
 .debug_frame   0x00001c08      0x828 CMakeFiles/Wearable_F411RE.dir/Drivers/STM32F4xx_HAL_Driver/Src/stm32f4xx_hal_spi.c.obj
 .debug_frame   0x00002430     0x11b8 CMakeFiles/Wearable_F411RE.dir/Drivers/STM32F4xx_HAL_Driver/Src/stm32f4xx_hal_tim.c.obj
 .debug_frame   0x000035e8      0x638 CMakeFiles/Wearable_F411RE.dir/Drivers/STM32F4xx_HAL_Driver/Src/stm32f4xx_hal_tim_ex.c.obj
 .debug_frame   0x00003c20      0x954 CMakeFiles/Wearable_F411RE.dir/Drivers/STM32F4xx_HAL_Driver/Src/stm32f4xx_hal_uart.c.obj
 .debug_frame   0x00004574       0x58 CMakeFiles/Wearable_F411RE.dir/Core/Src/system_stm32f4xx.c.obj
 .debug_frame   0x000045cc       0x20 C:/PROGRA~2/ARMGNU~1/14EFD8~1.2RE/bin/../lib/gcc/arm-none-eabi/14.2.1/thumb/v7e-m+fp/hard\libc_nano.a(libc_a-memset.o)
 .debug_frame   0x000045ec       0x2c C:/PROGRA~2/ARMGNU~1/14EFD8~1.2RE/bin/../lib/gcc/arm-none-eabi/14.2.1/thumb/v7e-m+fp/hard\libc_nano.a(libc_a-init.o)
 .debug_frame   0x00004618       0x2c C:/PROGRA~2/ARMGNU~1/14EFD8~1.2RE/bin/../lib/gcc/arm-none-eabi/14.2.1/thumb/v7e-m+fp/hard\libgcc.a(_aeabi_uldivmod.o)
 .debug_frame   0x00004644       0x34 C:/PROGRA~2/ARMGNU~1/14EFD8~1.2RE/bin/../lib/gcc/arm-none-eabi/14.2.1/thumb/v7e-m+fp/hard\libgcc.a(_udivmoddi4.o)

.debug_line_str
                0x00000000      0x137
 .debug_line_str
                0x00000000      0x137 CMakeFiles/Wearable_F411RE.dir/startup_stm32f411xe.s.obj
                                 0x5e (size before relaxing)
 .debug_line_str
                0x00000137       0xcd C:/PROGRA~2/ARMGNU~1/14EFD8~1.2RE/bin/../lib/gcc/arm-none-eabi/14.2.1/thumb/v7e-m+fp/hard\libgcc.a(_aeabi_uldivmod.o)
 .debug_line_str
                0x00000137       0xd1 C:/PROGRA~2/ARMGNU~1/14EFD8~1.2RE/bin/../lib/gcc/arm-none-eabi/14.2.1/thumb/v7e-m+fp/hard\libgcc.a(_dvmd_tls.o)
